<?xml version="1.0" encoding="ISO-8859-1" ?>
<link_info>
   <banner>TMS320C2000 Linker PC v18.1.4.LTS</banner>
   <copyright>Copyright (c) 1996-2018 Texas Instruments Incorporated</copyright>
   <link_time>0x5dd87004</link_time>
   <link_errors>0x0</link_errors>
   <output_file>idle_TMS320F28027.out</output_file>
   <entry_point>
      <name>_c_int00</name>
      <address>0x3f0e94</address>
   </entry_point>
   <input_file_list>
      <input_file id="fl-2">
         <path>.\</path>
         <kind>object</kind>
         <file>DelayUs.obj</file>
         <name>DelayUs.obj</name>
      </input_file>
      <input_file id="fl-3">
         <path>.\</path>
         <kind>object</kind>
         <file>DeviceInit_18Nov2018.obj</file>
         <name>DeviceInit_18Nov2018.obj</name>
      </input_file>
      <input_file id="fl-4">
         <path>.\</path>
         <kind>object</kind>
         <file>F2802x_GlobalVariableDefs.obj</file>
         <name>F2802x_GlobalVariableDefs.obj</name>
      </input_file>
      <input_file id="fl-5">
         <path>.\</path>
         <kind>object</kind>
         <file>idle.obj</file>
         <name>idle.obj</name>
      </input_file>
      <input_file id="fl-9">
         <path>C:\Users\marki\OneDrive\Desktop\Fingerprint_Attendance\12345\idle_TMS320F28027\Debug\configPkg\package\cfg\</path>
         <kind>object</kind>
         <file>idle_p28L.o28L</file>
         <name>idle_p28L.o28L</name>
      </input_file>
      <input_file id="fl-10">
         <kind>object</kind>
         <file>&lt;internal&gt;</file>
         <name>&lt;internal&gt;</name>
      </input_file>
      <input_file id="fl-11">
         <path>C:\Users\marki\OneDrive\Desktop\Fingerprint_Attendance\12345\idle_TMS320F28027\src\sysbios\</path>
         <kind>archive</kind>
         <file>sysbios.a28L</file>
         <name>BIOS.obj</name>
      </input_file>
      <input_file id="fl-12">
         <path>C:\Users\marki\OneDrive\Desktop\Fingerprint_Attendance\12345\idle_TMS320F28027\src\sysbios\</path>
         <kind>archive</kind>
         <file>sysbios.a28L</file>
         <name>c28_Hwi_asm.obj</name>
      </input_file>
      <input_file id="fl-13">
         <path>C:\Users\marki\OneDrive\Desktop\Fingerprint_Attendance\12345\idle_TMS320F28027\src\sysbios\</path>
         <kind>archive</kind>
         <file>sysbios.a28L</file>
         <name>c28_Hwi_disp_asm.obj</name>
      </input_file>
      <input_file id="fl-14">
         <path>C:\Users\marki\OneDrive\Desktop\Fingerprint_Attendance\12345\idle_TMS320F28027\src\sysbios\</path>
         <kind>archive</kind>
         <file>sysbios.a28L</file>
         <name>c28_IntrinsicsSupport_asm.obj</name>
      </input_file>
      <input_file id="fl-15">
         <path>C:\Users\marki\OneDrive\Desktop\Fingerprint_Attendance\12345\idle_TMS320F28027\src\sysbios\</path>
         <kind>archive</kind>
         <file>sysbios.a28L</file>
         <name>c28_TaskSupport_asm.obj</name>
      </input_file>
      <input_file id="fl-16">
         <path>C:\ti\bios_6_76_02_02\packages\ti\catalog\c2800\init\lib\</path>
         <kind>archive</kind>
         <file>Boot.a28L</file>
         <name>Boot.o28L</name>
      </input_file>
      <input_file id="fl-17">
         <path>C:\ti\bios_6_76_02_02\packages\ti\targets\rts2800\lib\</path>
         <kind>archive</kind>
         <file>ti.targets.rts2800.a28L</file>
         <name>Assert.o28L</name>
      </input_file>
      <input_file id="fl-18">
         <path>C:\ti\bios_6_76_02_02\packages\ti\targets\rts2800\lib\</path>
         <kind>archive</kind>
         <file>ti.targets.rts2800.a28L</file>
         <name>Core-mem.o28L</name>
      </input_file>
      <input_file id="fl-19">
         <path>C:\ti\bios_6_76_02_02\packages\ti\targets\rts2800\lib\</path>
         <kind>archive</kind>
         <file>ti.targets.rts2800.a28L</file>
         <name>Core-smem.o28L</name>
      </input_file>
      <input_file id="fl-1a">
         <path>C:\ti\bios_6_76_02_02\packages\ti\targets\rts2800\lib\</path>
         <kind>archive</kind>
         <file>ti.targets.rts2800.a28L</file>
         <name>Core-label.o28L</name>
      </input_file>
      <input_file id="fl-1b">
         <path>C:\ti\bios_6_76_02_02\packages\ti\targets\rts2800\lib\</path>
         <kind>archive</kind>
         <file>ti.targets.rts2800.a28L</file>
         <name>Core-params.o28L</name>
      </input_file>
      <input_file id="fl-1c">
         <path>C:\ti\bios_6_76_02_02\packages\ti\targets\rts2800\lib\</path>
         <kind>archive</kind>
         <file>ti.targets.rts2800.a28L</file>
         <name>Error.o28L</name>
      </input_file>
      <input_file id="fl-1d">
         <path>C:\ti\bios_6_76_02_02\packages\ti\targets\rts2800\lib\</path>
         <kind>archive</kind>
         <file>ti.targets.rts2800.a28L</file>
         <name>Gate.o28L</name>
      </input_file>
      <input_file id="fl-1e">
         <path>C:\ti\bios_6_76_02_02\packages\ti\targets\rts2800\lib\</path>
         <kind>archive</kind>
         <file>ti.targets.rts2800.a28L</file>
         <name>GateNull.o28L</name>
      </input_file>
      <input_file id="fl-1f">
         <path>C:\ti\bios_6_76_02_02\packages\ti\targets\rts2800\lib\</path>
         <kind>archive</kind>
         <file>ti.targets.rts2800.a28L</file>
         <name>HeapStd.o28L</name>
      </input_file>
      <input_file id="fl-20">
         <path>C:\ti\bios_6_76_02_02\packages\ti\targets\rts2800\lib\</path>
         <kind>archive</kind>
         <file>ti.targets.rts2800.a28L</file>
         <name>LoggerBuf.o28L</name>
      </input_file>
      <input_file id="fl-21">
         <path>C:\ti\bios_6_76_02_02\packages\ti\targets\rts2800\lib\</path>
         <kind>archive</kind>
         <file>ti.targets.rts2800.a28L</file>
         <name>Memory.o28L</name>
      </input_file>
      <input_file id="fl-22">
         <path>C:\ti\bios_6_76_02_02\packages\ti\targets\rts2800\lib\</path>
         <kind>archive</kind>
         <file>ti.targets.rts2800.a28L</file>
         <name>Startup.o28L</name>
      </input_file>
      <input_file id="fl-23">
         <path>C:\ti\bios_6_76_02_02\packages\ti\targets\rts2800\lib\</path>
         <kind>archive</kind>
         <file>ti.targets.rts2800.a28L</file>
         <name>System.o28L</name>
      </input_file>
      <input_file id="fl-24">
         <path>C:\ti\bios_6_76_02_02\packages\ti\targets\rts2800\lib\</path>
         <kind>archive</kind>
         <file>ti.targets.rts2800.a28L</file>
         <name>SysMin.o28L</name>
      </input_file>
      <input_file id="fl-25">
         <path>C:\ti\bios_6_76_02_02\packages\ti\targets\rts2800\lib\</path>
         <kind>archive</kind>
         <file>ti.targets.rts2800.a28L</file>
         <name>Text.o28L</name>
      </input_file>
      <input_file id="fl-26">
         <path>C:\ti\bios_6_76_02_02\packages\ti\targets\rts2800\lib\</path>
         <kind>archive</kind>
         <file>ti.targets.rts2800.a28L</file>
         <name>xdc_noinit.o28L</name>
      </input_file>
      <input_file id="fl-27">
         <path>C:\ti\bios_6_76_02_02\packages\ti\targets\rts2800\lib\</path>
         <kind>archive</kind>
         <file>ti.targets.rts2800.a28L</file>
         <name>Log.o28L</name>
      </input_file>
      <input_file id="fl-28">
         <path>C:\ti\bios_6_76_02_02\packages\ti\targets\rts2800\lib\</path>
         <kind>archive</kind>
         <file>ti.targets.rts2800.a28L</file>
         <name>Registry.o28L</name>
      </input_file>
      <input_file id="fl-29">
         <path>C:\ti\bios_6_76_02_02\packages\ti\targets\rts2800\lib\</path>
         <kind>archive</kind>
         <file>boot.a28L</file>
         <name>boot_cg.o28L</name>
      </input_file>
      <input_file id="fl-35">
         <path>C:\ti\ccsv8\tools\compiler\ti-cgt-c2000_18.1.4.LTS\lib\</path>
         <kind>archive</kind>
         <file>rts2800_ml.lib</file>
         <name>ll_div28.asm.obj</name>
      </input_file>
      <input_file id="fl-36">
         <path>C:\ti\ccsv8\tools\compiler\ti-cgt-c2000_18.1.4.LTS\lib\</path>
         <kind>archive</kind>
         <file>rts2800_ml.lib</file>
         <name>cpy_tbl.c.obj</name>
      </input_file>
      <input_file id="fl-37">
         <path>C:\ti\ccsv8\tools\compiler\ti-cgt-c2000_18.1.4.LTS\lib\</path>
         <kind>archive</kind>
         <file>rts2800_ml.lib</file>
         <name>memcpy.c.obj</name>
      </input_file>
      <input_file id="fl-38">
         <path>C:\ti\ccsv8\tools\compiler\ti-cgt-c2000_18.1.4.LTS\lib\</path>
         <kind>archive</kind>
         <file>rts2800_ml.lib</file>
         <name>pre_init.c.obj</name>
      </input_file>
      <input_file id="fl-39">
         <path>C:\ti\ccsv8\tools\compiler\ti-cgt-c2000_18.1.4.LTS\lib\</path>
         <kind>archive</kind>
         <file>rts2800_ml.lib</file>
         <name>startup.c.obj</name>
      </input_file>
      <input_file id="fl-3a">
         <path>C:\ti\ccsv8\tools\compiler\ti-cgt-c2000_18.1.4.LTS\lib\</path>
         <kind>archive</kind>
         <file>rts2800_ml.lib</file>
         <name>exit.c.obj</name>
      </input_file>
      <input_file id="fl-3b">
         <path>C:\ti\ccsv8\tools\compiler\ti-cgt-c2000_18.1.4.LTS\lib\</path>
         <kind>archive</kind>
         <file>rts2800_ml.lib</file>
         <name>_lock.c.obj</name>
      </input_file>
      <input_file id="fl-3c">
         <path>C:\ti\ccsv8\tools\compiler\ti-cgt-c2000_18.1.4.LTS\lib\</path>
         <kind>archive</kind>
         <file>rts2800_ml.lib</file>
         <name>args_main.c.obj</name>
      </input_file>
      <input_file id="fl-3d">
         <path>C:\ti\ccsv8\tools\compiler\ti-cgt-c2000_18.1.4.LTS\lib\</path>
         <kind>archive</kind>
         <file>rts2800_ml.lib</file>
         <name>memset.c.obj</name>
      </input_file>
      <input_file id="fl-3e">
         <path>C:\ti\ccsv8\tools\compiler\ti-cgt-c2000_18.1.4.LTS\lib\</path>
         <kind>archive</kind>
         <file>rts2800_ml.lib</file>
         <name>strcmp.c.obj</name>
      </input_file>
      <input_file id="fl-3f">
         <path>C:\ti\ccsv8\tools\compiler\ti-cgt-c2000_18.1.4.LTS\lib\</path>
         <kind>archive</kind>
         <file>rts2800_ml.lib</file>
         <name>strlen.c.obj</name>
      </input_file>
      <input_file id="fl-40">
         <path>C:\ti\ccsv8\tools\compiler\ti-cgt-c2000_18.1.4.LTS\lib\</path>
         <kind>archive</kind>
         <file>rts2800_ml.lib</file>
         <name>hostwrite.c.obj</name>
      </input_file>
      <input_file id="fl-41">
         <path>C:\ti\ccsv8\tools\compiler\ti-cgt-c2000_18.1.4.LTS\lib\</path>
         <kind>archive</kind>
         <file>rts2800_ml.lib</file>
         <name>trgmsg.c.obj</name>
      </input_file>
      <input_file id="fl-42">
         <path>C:\ti\ccsv8\tools\compiler\ti-cgt-c2000_18.1.4.LTS\lib\</path>
         <kind>archive</kind>
         <file>rts2800_ml.lib</file>
         <name>hostopen.c.obj</name>
      </input_file>
   </input_file_list>
   <object_component_list>
      <object_component id="oc-64">
         <name>PieVectTableFile</name>
         <uninitialized>true</uninitialized>
         <run_address>0xd00</run_address>
         <size>0x100</size>
         <input_file_ref idref="fl-4"/>
      </object_component>
      <object_component id="oc-44">
         <name>EmuKeyVar</name>
         <uninitialized>true</uninitialized>
         <run_address>0xd00</run_address>
         <size>0x1</size>
         <input_file_ref idref="fl-4"/>
      </object_component>
      <object_component id="oc-46">
         <name>EmuBModeVar</name>
         <uninitialized>true</uninitialized>
         <run_address>0xd01</run_address>
         <size>0x1</size>
         <input_file_ref idref="fl-4"/>
      </object_component>
      <object_component id="oc-47">
         <name>FlashCallbackVar</name>
         <uninitialized>true</uninitialized>
         <run_address>0xd02</run_address>
         <size>0x2</size>
         <input_file_ref idref="fl-4"/>
      </object_component>
      <object_component id="oc-48">
         <name>FlashScalingVar</name>
         <uninitialized>true</uninitialized>
         <run_address>0xd04</run_address>
         <size>0x2</size>
         <input_file_ref idref="fl-4"/>
      </object_component>
      <object_component id="oc-4a">
         <name>DevEmuRegsFile</name>
         <uninitialized>true</uninitialized>
         <run_address>0x880</run_address>
         <size>0x4</size>
         <input_file_ref idref="fl-4"/>
      </object_component>
      <object_component id="oc-49">
         <name>SysPwrCtrlRegsFile</name>
         <uninitialized>true</uninitialized>
         <run_address>0x985</run_address>
         <size>0x3</size>
         <input_file_ref idref="fl-4"/>
      </object_component>
      <object_component id="oc-4b">
         <name>FlashRegsFile</name>
         <uninitialized>true</uninitialized>
         <run_address>0xa80</run_address>
         <size>0x8</size>
         <input_file_ref idref="fl-4"/>
      </object_component>
      <object_component id="oc-53">
         <name>CsmRegsFile</name>
         <uninitialized>true</uninitialized>
         <run_address>0xae0</run_address>
         <size>0x10</size>
         <input_file_ref idref="fl-4"/>
      </object_component>
      <object_component id="oc-5c">
         <name>AdcResultFile</name>
         <uninitialized>true</uninitialized>
         <run_address>0xb00</run_address>
         <size>0x20</size>
         <input_file_ref idref="fl-4"/>
      </object_component>
      <object_component id="oc-4d">
         <name>CpuTimer0RegsFile</name>
         <uninitialized>true</uninitialized>
         <run_address>0xc00</run_address>
         <size>0x8</size>
         <input_file_ref idref="fl-4"/>
      </object_component>
      <object_component id="oc-4c">
         <name>CpuTimer1RegsFile</name>
         <uninitialized>true</uninitialized>
         <run_address>0xc08</run_address>
         <size>0x8</size>
         <input_file_ref idref="fl-4"/>
      </object_component>
      <object_component id="oc-4f">
         <name>CpuTimer2RegsFile</name>
         <uninitialized>true</uninitialized>
         <run_address>0xc10</run_address>
         <size>0x8</size>
         <input_file_ref idref="fl-4"/>
      </object_component>
      <object_component id="oc-56">
         <name>PieCtrlRegsFile</name>
         <uninitialized>true</uninitialized>
         <run_address>0xce0</run_address>
         <size>0x1a</size>
         <input_file_ref idref="fl-4"/>
      </object_component>
      <object_component id="oc-58">
         <name>ECap1RegsFile</name>
         <uninitialized>true</uninitialized>
         <run_address>0x6a00</run_address>
         <size>0x20</size>
         <input_file_ref idref="fl-4"/>
      </object_component>
      <object_component id="oc-60">
         <name>GpioCtrlRegsFile</name>
         <uninitialized>true</uninitialized>
         <run_address>0x6f80</run_address>
         <size>0x40</size>
         <input_file_ref idref="fl-4"/>
      </object_component>
      <object_component id="oc-5b">
         <name>GpioDataRegsFile</name>
         <uninitialized>true</uninitialized>
         <run_address>0x6fc0</run_address>
         <size>0x20</size>
         <input_file_ref idref="fl-4"/>
      </object_component>
      <object_component id="oc-50">
         <name>GpioIntRegsFile</name>
         <uninitialized>true</uninitialized>
         <run_address>0x6fe0</run_address>
         <size>0xa</size>
         <input_file_ref idref="fl-4"/>
      </object_component>
      <object_component id="oc-57">
         <name>SysCtrlRegsFile</name>
         <uninitialized>true</uninitialized>
         <run_address>0x7010</run_address>
         <size>0x1f</size>
         <input_file_ref idref="fl-4"/>
      </object_component>
      <object_component id="oc-55">
         <name>SpiaRegsFile</name>
         <uninitialized>true</uninitialized>
         <run_address>0x7040</run_address>
         <size>0x10</size>
         <input_file_ref idref="fl-4"/>
      </object_component>
      <object_component id="oc-52">
         <name>SciaRegsFile</name>
         <uninitialized>true</uninitialized>
         <run_address>0x7050</run_address>
         <size>0x10</size>
         <input_file_ref idref="fl-4"/>
      </object_component>
      <object_component id="oc-51">
         <name>NmiIntruptRegsFile</name>
         <uninitialized>true</uninitialized>
         <run_address>0x7060</run_address>
         <size>0x10</size>
         <input_file_ref idref="fl-4"/>
      </object_component>
      <object_component id="oc-54">
         <name>XIntruptRegsFile</name>
         <uninitialized>true</uninitialized>
         <run_address>0x7070</run_address>
         <size>0x10</size>
         <input_file_ref idref="fl-4"/>
      </object_component>
      <object_component id="oc-63">
         <name>AdcRegsFile</name>
         <uninitialized>true</uninitialized>
         <run_address>0x7100</run_address>
         <size>0x51</size>
         <input_file_ref idref="fl-4"/>
      </object_component>
      <object_component id="oc-5d">
         <name>I2caRegsFile</name>
         <uninitialized>true</uninitialized>
         <run_address>0x7900</run_address>
         <size>0x22</size>
         <input_file_ref idref="fl-4"/>
      </object_component>
      <object_component id="oc-5a">
         <name>Comp1RegsFile</name>
         <uninitialized>true</uninitialized>
         <run_address>0x6400</run_address>
         <size>0x20</size>
         <input_file_ref idref="fl-4"/>
      </object_component>
      <object_component id="oc-59">
         <name>Comp2RegsFile</name>
         <uninitialized>true</uninitialized>
         <run_address>0x6420</run_address>
         <size>0x20</size>
         <input_file_ref idref="fl-4"/>
      </object_component>
      <object_component id="oc-61">
         <name>EPwm1RegsFile</name>
         <uninitialized>true</uninitialized>
         <run_address>0x6800</run_address>
         <size>0x40</size>
         <input_file_ref idref="fl-4"/>
      </object_component>
      <object_component id="oc-5e">
         <name>EPwm2RegsFile</name>
         <uninitialized>true</uninitialized>
         <run_address>0x6840</run_address>
         <size>0x40</size>
         <input_file_ref idref="fl-4"/>
      </object_component>
      <object_component id="oc-62">
         <name>EPwm3RegsFile</name>
         <uninitialized>true</uninitialized>
         <run_address>0x6880</run_address>
         <size>0x40</size>
         <input_file_ref idref="fl-4"/>
      </object_component>
      <object_component id="oc-5f">
         <name>EPwm4RegsFile</name>
         <uninitialized>true</uninitialized>
         <run_address>0x68c0</run_address>
         <size>0x40</size>
         <input_file_ref idref="fl-4"/>
      </object_component>
      <object_component id="oc-4e">
         <name>CsmPwlFile</name>
         <uninitialized>true</uninitialized>
         <run_address>0x3f7ff8</run_address>
         <size>0x8</size>
         <input_file_ref idref="fl-4"/>
      </object_component>
      <object_component id="oc-45">
         <name>PartIdRegsFile</name>
         <uninitialized>true</uninitialized>
         <run_address>0x3d7fff</run_address>
         <size>0x1</size>
         <input_file_ref idref="fl-4"/>
      </object_component>
      <object_component id="oc-6e">
         <name>.cinit</name>
         <load_address>0x3f3682</load_address>
         <run_address>0x3f3682</run_address>
         <size>0x364</size>
         <input_file_ref idref="fl-9"/>
      </object_component>
      <object_component id="oc-67">
         <name>.cinit</name>
         <load_address>0x3f39e6</load_address>
         <run_address>0x3f39e6</run_address>
         <size>0x1c</size>
         <input_file_ref idref="fl-5"/>
      </object_component>
      <object_component id="oc-112">
         <name>.cinit</name>
         <load_address>0x3f3a02</load_address>
         <run_address>0x3f3a02</run_address>
         <size>0xe</size>
         <input_file_ref idref="fl-3a"/>
      </object_component>
      <object_component id="oc-1b7">
         <name>.cinit:__lock</name>
         <load_address>0x3f3a10</load_address>
         <run_address>0x3f3a10</run_address>
         <size>0x5</size>
         <input_file_ref idref="fl-3b"/>
      </object_component>
      <object_component id="oc-1b6">
         <name>.cinit:__unlock</name>
         <load_address>0x3f3a15</load_address>
         <run_address>0x3f3a15</run_address>
         <size>0x5</size>
         <input_file_ref idref="fl-3b"/>
      </object_component>
      <object_component id="oc-266">
         <name>.text:_xdc_runtime_System_doPrint__I</name>
         <load_address>0x3f0000</load_address>
         <run_address>0x3f0000</run_address>
         <size>0x223</size>
         <input_file_ref idref="fl-23"/>
      </object_component>
      <object_component id="oc-f8">
         <name>.text</name>
         <load_address>0x3f0223</load_address>
         <run_address>0x3f0223</run_address>
         <size>0x107</size>
         <input_file_ref idref="fl-35"/>
      </object_component>
      <object_component id="oc-167">
         <name>.text:_xdc_runtime_HeapStd_alloc__E</name>
         <load_address>0x3f032a</load_address>
         <run_address>0x3f032a</run_address>
         <size>0xee</size>
         <input_file_ref idref="fl-1f"/>
      </object_component>
      <object_component id="oc-1e2">
         <name>.text:_ti_sysbios_family_c28_Hwi_clearInterrupt__E</name>
         <load_address>0x3f0418</load_address>
         <run_address>0x3f0418</run_address>
         <size>0xe1</size>
         <input_file_ref idref="fl-11"/>
      </object_component>
      <object_component id="oc-151">
         <name>.text</name>
         <load_address>0x3f04f9</load_address>
         <run_address>0x3f04f9</run_address>
         <size>0xcd</size>
         <input_file_ref idref="fl-5"/>
      </object_component>
      <object_component id="oc-184">
         <name>.text</name>
         <load_address>0x3f05c6</load_address>
         <run_address>0x3f05c6</run_address>
         <size>0xcc</size>
         <input_file_ref idref="fl-3"/>
      </object_component>
      <object_component id="oc-175">
         <name>.text:_xdc_runtime_LoggerBuf_write8__E</name>
         <load_address>0x3f0692</load_address>
         <run_address>0x3f0692</run_address>
         <size>0xb5</size>
         <input_file_ref idref="fl-20"/>
      </object_component>
      <object_component id="oc-279">
         <name>.text:_xdc_runtime_System_printfExtend__I</name>
         <load_address>0x3f0747</load_address>
         <run_address>0x3f0747</run_address>
         <size>0xb0</size>
         <input_file_ref idref="fl-9"/>
      </object_component>
      <object_component id="oc-193">
         <name>.text:_xdc_runtime_Core_createObject__I</name>
         <load_address>0x3f07f7</load_address>
         <run_address>0x3f07f7</run_address>
         <size>0x9f</size>
         <input_file_ref idref="fl-18"/>
      </object_component>
      <object_component id="oc-25e">
         <name>.text</name>
         <load_address>0x3f0896</load_address>
         <run_address>0x3f0896</run_address>
         <size>0x94</size>
         <input_file_ref idref="fl-41"/>
      </object_component>
      <object_component id="oc-1e3">
         <name>.text:_ti_sysbios_family_c28_Hwi_enableInterrupt__E</name>
         <load_address>0x3f092a</load_address>
         <run_address>0x3f092a</run_address>
         <size>0x8e</size>
         <input_file_ref idref="fl-11"/>
      </object_component>
      <object_component id="oc-1c0">
         <name>.text:_xdc_runtime_Error_policyDefault__E</name>
         <load_address>0x3f09b8</load_address>
         <run_address>0x3f09b8</run_address>
         <size>0x8c</size>
         <input_file_ref idref="fl-1c"/>
      </object_component>
      <object_component id="oc-253">
         <name>.text:_ti_sysbios_family_c28_Hwi_dispatch</name>
         <load_address>0x3f0a44</load_address>
         <run_address>0x3f0a44</run_address>
         <size>0x85</size>
         <input_file_ref idref="fl-13"/>
      </object_component>
      <object_component id="oc-1a4">
         <name>.text:_xdc_runtime_HeapStd_Instance_init__E</name>
         <load_address>0x3f0ac9</load_address>
         <run_address>0x3f0ac9</run_address>
         <size>0x82</size>
         <input_file_ref idref="fl-1f"/>
      </object_component>
      <object_component id="oc-268">
         <name>.text:_ti_sysbios_family_c28_Hwi_disableInterrupt__E</name>
         <load_address>0x3f0b4b</load_address>
         <run_address>0x3f0b4b</run_address>
         <size>0x81</size>
         <input_file_ref idref="fl-11"/>
      </object_component>
      <object_component id="oc-213">
         <name>.text:_ti_sysbios_family_c28_Hwi_disablePIEIER__E</name>
         <load_address>0x3f0bcc</load_address>
         <run_address>0x3f0bcc</run_address>
         <size>0x80</size>
         <input_file_ref idref="fl-11"/>
      </object_component>
      <object_component id="oc-212">
         <name>.text:_ti_sysbios_family_c28_Hwi_enablePIEIER__E</name>
         <load_address>0x3f0c4c</load_address>
         <run_address>0x3f0c4c</run_address>
         <size>0x7f</size>
         <input_file_ref idref="fl-11"/>
      </object_component>
      <object_component id="oc-174">
         <name>.text:_xdc_runtime_LoggerBuf_write4__E</name>
         <load_address>0x3f0ccb</load_address>
         <run_address>0x3f0ccb</run_address>
         <size>0x79</size>
         <input_file_ref idref="fl-20"/>
      </object_component>
      <object_component id="oc-1e7">
         <name>.text:_ti_sysbios_knl_Task_checkStacks__E</name>
         <load_address>0x3f0d44</load_address>
         <run_address>0x3f0d44</run_address>
         <size>0x73</size>
         <input_file_ref idref="fl-11"/>
      </object_component>
      <object_component id="oc-1c4">
         <name>.text:_xdc_runtime_Startup_startMods__I</name>
         <load_address>0x3f0db7</load_address>
         <run_address>0x3f0db7</run_address>
         <size>0x71</size>
         <input_file_ref idref="fl-22"/>
      </object_component>
      <object_component id="oc-168">
         <name>.text:_xdc_runtime_HeapStd_free__E</name>
         <load_address>0x3f0e28</load_address>
         <run_address>0x3f0e28</run_address>
         <size>0x6c</size>
         <input_file_ref idref="fl-1f"/>
      </object_component>
      <object_component id="oc-38">
         <name>.text</name>
         <load_address>0x3f0e94</load_address>
         <run_address>0x3f0e94</run_address>
         <size>0x67</size>
         <input_file_ref idref="fl-29"/>
      </object_component>
      <object_component id="oc-254">
         <name>.text:_ti_sysbios_family_c28_Timer_stopAndClear__I</name>
         <load_address>0x3f0efb</load_address>
         <run_address>0x3f0efb</run_address>
         <size>0x66</size>
         <input_file_ref idref="fl-11"/>
      </object_component>
      <object_component id="oc-23b">
         <name>.text:_xdc_runtime_Text_putSite__E</name>
         <load_address>0x3f0f61</load_address>
         <run_address>0x3f0f61</run_address>
         <size>0x5d</size>
         <input_file_ref idref="fl-25"/>
      </object_component>
      <object_component id="oc-27b">
         <name>.text:_ti_sysbios_family_c28_Hwi_dispatchCore__I</name>
         <load_address>0x3f0fbe</load_address>
         <run_address>0x3f0fbe</run_address>
         <size>0x4d</size>
         <input_file_ref idref="fl-11"/>
      </object_component>
      <object_component id="oc-24a">
         <name>.text:_ti_sysbios_knl_Task_postInit__I</name>
         <load_address>0x3f100b</load_address>
         <run_address>0x3f100b</run_address>
         <size>0x48</size>
         <input_file_ref idref="fl-11"/>
      </object_component>
      <object_component id="oc-233">
         <name>.text:_ti_sysbios_family_c28_Hwi_Module_startup__E</name>
         <load_address>0x3f1053</load_address>
         <run_address>0x3f1053</run_address>
         <size>0x47</size>
         <input_file_ref idref="fl-11"/>
      </object_component>
      <object_component id="oc-27e">
         <name>.text:_xdc_runtime_Text_putLab__E</name>
         <load_address>0x3f109a</load_address>
         <run_address>0x3f109a</run_address>
         <size>0x41</size>
         <input_file_ref idref="fl-25"/>
      </object_component>
      <object_component id="oc-24e">
         <name>.text:_xdc_runtime_Text_putMod__E</name>
         <load_address>0x3f10db</load_address>
         <run_address>0x3f10db</run_address>
         <size>0x3f</size>
         <input_file_ref idref="fl-25"/>
      </object_component>
      <object_component id="oc-1de">
         <name>.text:_xdc_runtime_Memory_alloc__E</name>
         <load_address>0x3f111a</load_address>
         <run_address>0x3f111a</run_address>
         <size>0x3e</size>
         <input_file_ref idref="fl-21"/>
      </object_component>
      <object_component id="oc-195">
         <name>.text:_xdc_runtime_Core_deleteObject__I</name>
         <load_address>0x3f1158</load_address>
         <run_address>0x3f1158</run_address>
         <size>0x3d</size>
         <input_file_ref idref="fl-18"/>
      </object_component>
      <object_component id="oc-177">
         <name>.text:_xdc_runtime_LoggerBuf_getFilterLevel__E</name>
         <load_address>0x3f1195</load_address>
         <run_address>0x3f1195</run_address>
         <size>0x3d</size>
         <input_file_ref idref="fl-20"/>
      </object_component>
      <object_component id="oc-244">
         <name>.text:_ti_sysbios_family_c28_Timer_postInit__I</name>
         <load_address>0x3f11d2</load_address>
         <run_address>0x3f11d2</run_address>
         <size>0x3c</size>
         <input_file_ref idref="fl-11"/>
      </object_component>
      <object_component id="oc-27f">
         <name>.text:_ti_sysbios_knl_Swi_restoreHwi__E</name>
         <load_address>0x3f120e</load_address>
         <run_address>0x3f120e</run_address>
         <size>0x3c</size>
         <input_file_ref idref="fl-11"/>
      </object_component>
      <object_component id="oc-21e">
         <name>.text:_ti_sysbios_knl_Swi_run__I</name>
         <load_address>0x3f124a</load_address>
         <run_address>0x3f124a</run_address>
         <size>0x3c</size>
         <input_file_ref idref="fl-11"/>
      </object_component>
      <object_component id="oc-176">
         <name>.text:_xdc_runtime_LoggerBuf_setFilterLevel__E</name>
         <load_address>0x3f1286</load_address>
         <run_address>0x3f1286</run_address>
         <size>0x3c</size>
         <input_file_ref idref="fl-20"/>
      </object_component>
      <object_component id="oc-26b">
         <name>.text:_ti_sysbios_family_c28_TaskSupport_start__E</name>
         <load_address>0x3f12c2</load_address>
         <run_address>0x3f12c2</run_address>
         <size>0x38</size>
         <input_file_ref idref="fl-11"/>
      </object_component>
      <object_component id="oc-24d">
         <name>.text</name>
         <load_address>0x3f12fa</load_address>
         <run_address>0x3f12fa</run_address>
         <size>0x38</size>
         <input_file_ref idref="fl-40"/>
      </object_component>
      <object_component id="oc-1bd">
         <name>.text:_ti_sysbios_knl_Task_startCore__E</name>
         <load_address>0x3f1332</load_address>
         <run_address>0x3f1332</run_address>
         <size>0x35</size>
         <input_file_ref idref="fl-11"/>
      </object_component>
      <object_component id="oc-270">
         <name>.text:_xdc_runtime_System_formatNum__I</name>
         <load_address>0x3f1367</load_address>
         <run_address>0x3f1367</run_address>
         <size>0x33</size>
         <input_file_ref idref="fl-23"/>
      </object_component>
      <object_component id="oc-236">
         <name>.text:_ti_sysbios_knl_Task_Module_startup__E</name>
         <load_address>0x3f139a</load_address>
         <run_address>0x3f139a</run_address>
         <size>0x32</size>
         <input_file_ref idref="fl-11"/>
      </object_component>
      <object_component id="oc-22c">
         <name>.text:_xdc_runtime_Error_print__E</name>
         <load_address>0x3f13cc</load_address>
         <run_address>0x3f13cc</run_address>
         <size>0x30</size>
         <input_file_ref idref="fl-1c"/>
      </object_component>
      <object_component id="oc-1b1">
         <name>.text:_xdc_runtime_LoggerBuf_Instance_init__E</name>
         <load_address>0x3f13fc</load_address>
         <run_address>0x3f13fc</run_address>
         <size>0x2f</size>
         <input_file_ref idref="fl-20"/>
      </object_component>
      <object_component id="oc-145">
         <name>.text:_xdc_runtime_Startup_exec__E</name>
         <load_address>0x3f142b</load_address>
         <run_address>0x3f142b</run_address>
         <size>0x2f</size>
         <input_file_ref idref="fl-22"/>
      </object_component>
      <object_component id="oc-158">
         <name>.text:.bootCodeSection:_ti_catalog_c2800_init_Boot_configurePll2802x</name>
         <load_address>0x3f145a</load_address>
         <run_address>0x3f145a</run_address>
         <size>0x2e</size>
         <input_file_ref idref="fl-16"/>
      </object_component>
      <object_component id="oc-1ea">
         <name>.text:_ti_sysbios_knl_Swi_runLoop__I</name>
         <load_address>0x3f1488</load_address>
         <run_address>0x3f1488</run_address>
         <size>0x2e</size>
         <input_file_ref idref="fl-11"/>
      </object_component>
      <object_component id="oc-1be">
         <name>.text:_ti_sysbios_knl_Swi_schedule__I</name>
         <load_address>0x3f14b6</load_address>
         <run_address>0x3f14b6</run_address>
         <size>0x2e</size>
         <input_file_ref idref="fl-11"/>
      </object_component>
      <object_component id="oc-216">
         <name>.text:_ti_sysbios_knl_Task_schedule__I</name>
         <load_address>0x3f14e4</load_address>
         <run_address>0x3f14e4</run_address>
         <size>0x2e</size>
         <input_file_ref idref="fl-11"/>
      </object_component>
      <object_component id="oc-227">
         <name>.text:_ti_sysbios_family_c28_Hwi_getInterruptFlag__E</name>
         <load_address>0x3f1512</load_address>
         <run_address>0x3f1512</run_address>
         <size>0x2d</size>
         <input_file_ref idref="fl-11"/>
      </object_component>
      <object_component id="oc-19c">
         <name>.text:_xdc_runtime_Assert_raise__I</name>
         <load_address>0x3f153f</load_address>
         <run_address>0x3f153f</run_address>
         <size>0x2d</size>
         <input_file_ref idref="fl-17"/>
      </object_component>
      <object_component id="oc-1cf">
         <name>.text:_xdc_runtime_Core_assignParams__I</name>
         <load_address>0x3f156c</load_address>
         <run_address>0x3f156c</run_address>
         <size>0x2d</size>
         <input_file_ref idref="fl-1b"/>
      </object_component>
      <object_component id="oc-278">
         <name>.text:_xdc_runtime_Text_visitRope2__I</name>
         <load_address>0x3f1599</load_address>
         <run_address>0x3f1599</run_address>
         <size>0x2d</size>
         <input_file_ref idref="fl-25"/>
      </object_component>
      <object_component id="oc-1ba">
         <name>.text:_ti_sysbios_family_c28_Timer_start__E</name>
         <load_address>0x3f15c6</load_address>
         <run_address>0x3f15c6</run_address>
         <size>0x2c</size>
         <input_file_ref idref="fl-11"/>
      </object_component>
      <object_component id="oc-178">
         <name>.text:_xdc_runtime_LoggerBuf_Object__create__S</name>
         <load_address>0x3f15f2</load_address>
         <run_address>0x3f15f2</run_address>
         <size>0x2c</size>
         <input_file_ref idref="fl-9"/>
      </object_component>
      <object_component id="oc-16b">
         <name>.text:_xdc_runtime_HeapStd_Object__create__S</name>
         <load_address>0x3f161e</load_address>
         <run_address>0x3f161e</run_address>
         <size>0x2b</size>
         <input_file_ref idref="fl-9"/>
      </object_component>
      <object_component id="oc-1ed">
         <name>.text:_xdc_runtime_Error_setX__E</name>
         <load_address>0x3f1649</load_address>
         <run_address>0x3f1649</run_address>
         <size>0x2a</size>
         <input_file_ref idref="fl-1c"/>
      </object_component>
      <object_component id="oc-223">
         <name>.text:_ti_sysbios_family_c28_Hwi_getStackInfo__E</name>
         <load_address>0x3f1673</load_address>
         <run_address>0x3f1673</run_address>
         <size>0x29</size>
         <input_file_ref idref="fl-11"/>
      </object_component>
      <object_component id="oc-79">
         <name>.text:_ti_sysbios_family_c28_Hwi_unPluggedInterrupt__I</name>
         <load_address>0x3f169c</load_address>
         <run_address>0x3f169c</run_address>
         <size>0x29</size>
         <input_file_ref idref="fl-11"/>
      </object_component>
      <object_component id="oc-24f">
         <name>.text:_xdc_runtime_Text_xprintf__I</name>
         <load_address>0x3f16c5</load_address>
         <run_address>0x3f16c5</run_address>
         <size>0x29</size>
         <input_file_ref idref="fl-25"/>
      </object_component>
      <object_component id="oc-1c8">
         <name>.text</name>
         <load_address>0x3f16ee</load_address>
         <run_address>0x3f16ee</run_address>
         <size>0x29</size>
         <input_file_ref idref="fl-3a"/>
      </object_component>
      <object_component id="oc-205">
         <name>.text:_ti_sysbios_family_c28_Timer_getExpiredCounts64__E</name>
         <load_address>0x3f1717</load_address>
         <run_address>0x3f1717</run_address>
         <size>0x28</size>
         <input_file_ref idref="fl-11"/>
      </object_component>
      <object_component id="oc-1ff">
         <name>.text:_xdc_runtime_SysMin_flush__E</name>
         <load_address>0x3f173f</load_address>
         <run_address>0x3f173f</run_address>
         <size>0x26</size>
         <input_file_ref idref="fl-24"/>
      </object_component>
      <object_component id="oc-144">
         <name>.text</name>
         <load_address>0x3f1765</load_address>
         <run_address>0x3f1765</run_address>
         <size>0x24</size>
         <input_file_ref idref="fl-36"/>
      </object_component>
      <object_component id="oc-15d">
         <name>.text:_xdc_runtime_System_processAtExit__E</name>
         <load_address>0x3f1789</load_address>
         <run_address>0x3f1789</run_address>
         <size>0x23</size>
         <input_file_ref idref="fl-23"/>
      </object_component>
      <object_component id="oc-186">
         <name>.text:_ti_sysbios_knl_Swi_post__E</name>
         <load_address>0x3f17ac</load_address>
         <run_address>0x3f17ac</run_address>
         <size>0x22</size>
         <input_file_ref idref="fl-11"/>
      </object_component>
      <object_component id="oc-269">
         <name>.text:_ti_sysbios_knl_Task_blockI__E</name>
         <load_address>0x3f17ce</load_address>
         <run_address>0x3f17ce</run_address>
         <size>0x22</size>
         <input_file_ref idref="fl-11"/>
      </object_component>
      <object_component id="oc-256">
         <name>.text:_ti_sysbios_family_c28_Timer_setPrescale__E</name>
         <load_address>0x3f17f0</load_address>
         <run_address>0x3f17f0</run_address>
         <size>0x20</size>
         <input_file_ref idref="fl-11"/>
      </object_component>
      <object_component id="oc-1e5">
         <name>.text:_ti_sysbios_knl_Task_allBlockedFunction__I</name>
         <load_address>0x3f1810</load_address>
         <run_address>0x3f1810</run_address>
         <size>0x20</size>
         <input_file_ref idref="fl-11"/>
      </object_component>
      <object_component id="oc-257">
         <name>.text:_ti_sysbios_knl_Task_exit__E</name>
         <load_address>0x3f1830</load_address>
         <run_address>0x3f1830</run_address>
         <size>0x20</size>
         <input_file_ref idref="fl-11"/>
      </object_component>
      <object_component id="oc-1a7">
         <name>.text:_xdc_runtime_LoggerBuf_filterOutEvent__I</name>
         <load_address>0x3f1850</load_address>
         <run_address>0x3f1850</run_address>
         <size>0x1e</size>
         <input_file_ref idref="fl-20"/>
      </object_component>
      <object_component id="oc-17e">
         <name>.text:_xdc_runtime_System_atexit__E</name>
         <load_address>0x3f186e</load_address>
         <run_address>0x3f186e</run_address>
         <size>0x1e</size>
         <input_file_ref idref="fl-23"/>
      </object_component>
      <object_component id="oc-277">
         <name>.text:_ti_sysbios_family_c28_TaskSupport_buildTaskStack</name>
         <load_address>0x3f188c</load_address>
         <run_address>0x3f188c</run_address>
         <size>0x1d</size>
         <input_file_ref idref="fl-15"/>
      </object_component>
      <object_component id="oc-163">
         <name>.text:_ti_sysbios_gates_GateHwi_Object__create__S</name>
         <load_address>0x3f18a9</load_address>
         <run_address>0x3f18a9</run_address>
         <size>0x1d</size>
         <input_file_ref idref="fl-9"/>
      </object_component>
      <object_component id="oc-23e">
         <name>.text:_xdc_runtime_SysMin_putch__E</name>
         <load_address>0x3f18c6</load_address>
         <run_address>0x3f18c6</run_address>
         <size>0x1d</size>
         <input_file_ref idref="fl-24"/>
      </object_component>
      <object_component id="oc-159">
         <name>.text</name>
         <load_address>0x3f18e3</load_address>
         <run_address>0x3f18e3</run_address>
         <size>0x1d</size>
         <input_file_ref idref="fl-37"/>
      </object_component>
      <object_component id="oc-272">
         <name>.text:_ti_sysbios_family_c28_Hwi_switchAndDispatch__I</name>
         <load_address>0x3f1900</load_address>
         <run_address>0x3f1900</run_address>
         <size>0x1b</size>
         <input_file_ref idref="fl-12"/>
      </object_component>
      <object_component id="oc-21f">
         <name>.text:_ti_sysbios_hal_Hwi_checkStack</name>
         <load_address>0x3f191b</load_address>
         <run_address>0x3f191b</run_address>
         <size>0x1b</size>
         <input_file_ref idref="fl-11"/>
      </object_component>
      <object_component id="oc-26a">
         <name>.text:_ti_sysbios_knl_Task_processVitalTaskFlag__I</name>
         <load_address>0x3f1936</load_address>
         <run_address>0x3f1936</run_address>
         <size>0x1b</size>
         <input_file_ref idref="fl-11"/>
      </object_component>
      <object_component id="oc-1e4">
         <name>.text:_ti_sysbios_knl_Task_restore__E</name>
         <load_address>0x3f1951</load_address>
         <run_address>0x3f1951</run_address>
         <size>0x1b</size>
         <input_file_ref idref="fl-11"/>
      </object_component>
      <object_component id="oc-238">
         <name>.text:_xdc_runtime_SysMin_output__I</name>
         <load_address>0x3f196c</load_address>
         <run_address>0x3f196c</run_address>
         <size>0x1b</size>
         <input_file_ref idref="fl-9"/>
      </object_component>
      <object_component id="oc-1c3">
         <name>.text:_ti_sysbios_hal_Hwi_initStack</name>
         <load_address>0x3f1987</load_address>
         <run_address>0x3f1987</run_address>
         <size>0x1a</size>
         <input_file_ref idref="fl-11"/>
      </object_component>
      <object_component id="oc-196">
         <name>.text:_xdc_runtime_Core_assignLabel__I</name>
         <load_address>0x3f19a1</load_address>
         <run_address>0x3f19a1</run_address>
         <size>0x1a</size>
         <input_file_ref idref="fl-1a"/>
      </object_component>
      <object_component id="oc-251">
         <name>.text:_xdc_runtime_System_avprintf__E</name>
         <load_address>0x3f19bb</load_address>
         <run_address>0x3f19bb</run_address>
         <size>0x1a</size>
         <input_file_ref idref="fl-23"/>
      </object_component>
      <object_component id="oc-1bc">
         <name>.text:_ti_sysbios_knl_Swi_restore__E</name>
         <load_address>0x3f19d5</load_address>
         <run_address>0x3f19d5</run_address>
         <size>0x19</size>
         <input_file_ref idref="fl-11"/>
      </object_component>
      <object_component id="oc-252">
         <name>.text:_xdc_runtime_System_vprintf__E</name>
         <load_address>0x3f19ee</load_address>
         <run_address>0x3f19ee</run_address>
         <size>0x19</size>
         <input_file_ref idref="fl-23"/>
      </object_component>
      <object_component id="oc-147">
         <name>.text</name>
         <load_address>0x3f1a07</load_address>
         <run_address>0x3f1a07</run_address>
         <size>0x19</size>
         <input_file_ref idref="fl-3c"/>
      </object_component>
      <object_component id="oc-1eb">
         <name>.text:_ti_sysbios_family_xxx_Hwi_switchAndRunFunc</name>
         <load_address>0x3f1a20</load_address>
         <run_address>0x3f1a20</run_address>
         <size>0x18</size>
         <input_file_ref idref="fl-12"/>
      </object_component>
      <object_component id="oc-200">
         <name>.text:_xdc_runtime_Memory_valloc__E</name>
         <load_address>0x3f1a38</load_address>
         <run_address>0x3f1a38</run_address>
         <size>0x18</size>
         <input_file_ref idref="fl-21"/>
      </object_component>
      <object_component id="oc-271">
         <name>.text:_xdc_runtime_System_putchar__I</name>
         <load_address>0x3f1a50</load_address>
         <run_address>0x3f1a50</run_address>
         <size>0x18</size>
         <input_file_ref idref="fl-23"/>
      </object_component>
      <object_component id="oc-17f">
         <name>.text:_ti_sysbios_family_c28_Timer_startup__E</name>
         <load_address>0x3f1a68</load_address>
         <run_address>0x3f1a68</run_address>
         <size>0x17</size>
         <input_file_ref idref="fl-11"/>
      </object_component>
      <object_component id="oc-26c">
         <name>.text:_ti_sysbios_knl_Task_unblockI__E</name>
         <load_address>0x3f1a7f</load_address>
         <run_address>0x3f1a7f</run_address>
         <size>0x17</size>
         <input_file_ref idref="fl-11"/>
      </object_component>
      <object_component id="oc-22f">
         <name>.text:_xdc_runtime_LoggerBuf_Module_startup__E</name>
         <load_address>0x3f1a96</load_address>
         <run_address>0x3f1a96</run_address>
         <size>0x17</size>
         <input_file_ref idref="fl-20"/>
      </object_component>
      <object_component id="oc-22d">
         <name>.text:_xdc_runtime_SysMin_abort__E</name>
         <load_address>0x3f1aad</load_address>
         <run_address>0x3f1aad</run_address>
         <size>0x17</size>
         <input_file_ref idref="fl-24"/>
      </object_component>
      <object_component id="oc-17d">
         <name>.text:_ti_sysbios_BIOS_atExitFunc__I</name>
         <load_address>0x3f1ac4</load_address>
         <run_address>0x3f1ac4</run_address>
         <size>0x16</size>
         <input_file_ref idref="fl-9"/>
      </object_component>
      <object_component id="oc-234">
         <name>.text:_ti_sysbios_family_c28_Timer_Module_startup__E</name>
         <load_address>0x3f1ada</load_address>
         <run_address>0x3f1ada</run_address>
         <size>0x16</size>
         <input_file_ref idref="fl-11"/>
      </object_component>
      <object_component id="oc-1df">
         <name>.text:_xdc_runtime_LoggerBuf_reset__E</name>
         <load_address>0x3f1af0</load_address>
         <run_address>0x3f1af0</run_address>
         <size>0x16</size>
         <input_file_ref idref="fl-20"/>
      </object_component>
      <object_component id="oc-235">
         <name>.text:_ti_sysbios_knl_Swi_Module_startup__E</name>
         <load_address>0x3f1b06</load_address>
         <run_address>0x3f1b06</run_address>
         <size>0x15</size>
         <input_file_ref idref="fl-11"/>
      </object_component>
      <object_component id="oc-273">
         <name>.text:_ti_sysbios_knl_Task_restoreHwi__E</name>
         <load_address>0x3f1b1b</load_address>
         <run_address>0x3f1b1b</run_address>
         <size>0x15</size>
         <input_file_ref idref="fl-11"/>
      </object_component>
      <object_component id="oc-263">
         <name>.text:_xdc_runtime_Text_printVisFxn__I</name>
         <load_address>0x3f1b30</load_address>
         <run_address>0x3f1b30</run_address>
         <size>0x15</size>
         <input_file_ref idref="fl-25"/>
      </object_component>
      <object_component id="oc-188">
         <name>.text:_ti_sysbios_knl_Idle_run__E</name>
         <load_address>0x3f1b45</load_address>
         <run_address>0x3f1b45</run_address>
         <size>0x14</size>
         <input_file_ref idref="fl-11"/>
      </object_component>
      <object_component id="oc-14f">
         <name>.text:_ti_sysbios_BIOS_startFunc__I</name>
         <load_address>0x3f1b59</load_address>
         <run_address>0x3f1b59</run_address>
         <size>0x13</size>
         <input_file_ref idref="fl-9"/>
      </object_component>
      <object_component id="oc-164">
         <name>.text:_ti_sysbios_gates_GateHwi_Object__delete__S</name>
         <load_address>0x3f1b6c</load_address>
         <run_address>0x3f1b6c</run_address>
         <size>0x12</size>
         <input_file_ref idref="fl-9"/>
      </object_component>
      <object_component id="oc-179">
         <name>.text:_xdc_runtime_LoggerBuf_Object__delete__S</name>
         <load_address>0x3f1b7e</load_address>
         <run_address>0x3f1b7e</run_address>
         <size>0x12</size>
         <input_file_ref idref="fl-9"/>
      </object_component>
      <object_component id="oc-16c">
         <name>.text:_xdc_runtime_HeapStd_Object__delete__S</name>
         <load_address>0x3f1b90</load_address>
         <run_address>0x3f1b90</run_address>
         <size>0x11</size>
         <input_file_ref idref="fl-9"/>
      </object_component>
      <object_component id="oc-1d2">
         <name>.text:_xdc_runtime_Text_cordText__E</name>
         <load_address>0x3f1ba1</load_address>
         <run_address>0x3f1ba1</run_address>
         <size>0x11</size>
         <input_file_ref idref="fl-25"/>
      </object_component>
      <object_component id="oc-39">
         <name>.text</name>
         <load_address>0x3f1bb2</load_address>
         <run_address>0x3f1bb2</run_address>
         <size>0x10</size>
         <input_file_ref idref="fl-2"/>
      </object_component>
      <object_component id="oc-255">
         <name>.text:_ti_sysbios_family_c28_Timer_stop__E</name>
         <load_address>0x3f1bc2</load_address>
         <run_address>0x3f1bc2</run_address>
         <size>0x10</size>
         <input_file_ref idref="fl-11"/>
      </object_component>
      <object_component id="oc-1dc">
         <name>.text:_ti_sysbios_family_c28_TimestampProvider_get64__E</name>
         <load_address>0x3f1bd2</load_address>
         <run_address>0x3f1bd2</run_address>
         <size>0x10</size>
         <input_file_ref idref="fl-11"/>
      </object_component>
      <object_component id="oc-231">
         <name>.text:_xdc_runtime_SysMin_Module_startup__E</name>
         <load_address>0x3f1be2</load_address>
         <run_address>0x3f1be2</run_address>
         <size>0x10</size>
         <input_file_ref idref="fl-24"/>
      </object_component>
      <object_component id="oc-157">
         <name>.text:.bootCodeSection:_ti_catalog_c2800_init_Boot_disableWatchdog</name>
         <load_address>0x3f1bf2</load_address>
         <run_address>0x3f1bf2</run_address>
         <size>0xf</size>
         <input_file_ref idref="fl-16"/>
      </object_component>
      <object_component id="oc-156">
         <name>.text:_xdc_runtime_Error_raiseX__E</name>
         <load_address>0x3f1c01</load_address>
         <run_address>0x3f1c01</run_address>
         <size>0xf</size>
         <input_file_ref idref="fl-1c"/>
      </object_component>
      <object_component id="oc-261">
         <name>.text:_xdc_runtime_Registry_findById__E</name>
         <load_address>0x3f1c10</load_address>
         <run_address>0x3f1c10</run_address>
         <size>0xf</size>
         <input_file_ref idref="fl-28"/>
      </object_component>
      <object_component id="oc-220">
         <name>.text:_ti_sysbios_BIOS_errorRaiseHook__I</name>
         <load_address>0x3f1c1f</load_address>
         <run_address>0x3f1c1f</run_address>
         <size>0xe</size>
         <input_file_ref idref="fl-9"/>
      </object_component>
      <object_component id="oc-246">
         <name>.text:_ti_sysbios_knl_Swi_Object__get__S</name>
         <load_address>0x3f1c2d</load_address>
         <run_address>0x3f1c2d</run_address>
         <size>0xe</size>
         <input_file_ref idref="fl-9"/>
      </object_component>
      <object_component id="oc-249">
         <name>.text:_ti_sysbios_knl_Task_Object__get__S</name>
         <load_address>0x3f1c3b</load_address>
         <run_address>0x3f1c3b</run_address>
         <size>0xe</size>
         <input_file_ref idref="fl-9"/>
      </object_component>
      <object_component id="oc-240">
         <name>.text:_xdc_runtime_LoggerBuf_Object__get__S</name>
         <load_address>0x3f1c49</load_address>
         <run_address>0x3f1c49</run_address>
         <size>0xe</size>
         <input_file_ref idref="fl-9"/>
      </object_component>
      <object_component id="oc-267">
         <name>.text:_ti_sysbios_family_c28_Hwi_dispatchC__I</name>
         <load_address>0x3f1c57</load_address>
         <run_address>0x3f1c57</run_address>
         <size>0xd</size>
         <input_file_ref idref="fl-11"/>
      </object_component>
      <object_component id="oc-229">
         <name>.text:_ti_sysbios_family_c28_TaskSupport_checkStack__E</name>
         <load_address>0x3f1c64</load_address>
         <run_address>0x3f1c64</run_address>
         <size>0xd</size>
         <input_file_ref idref="fl-11"/>
      </object_component>
      <object_component id="oc-21d">
         <name>.text:_ti_sysbios_family_c28_TaskSupport_swap__E</name>
         <load_address>0x3f1c71</load_address>
         <run_address>0x3f1c71</run_address>
         <size>0xd</size>
         <input_file_ref idref="fl-15"/>
      </object_component>
      <object_component id="oc-165">
         <name>.text:_ti_sysbios_gates_GateHwi_Handle__label__S</name>
         <load_address>0x3f1c7e</load_address>
         <run_address>0x3f1c7e</run_address>
         <size>0xd</size>
         <input_file_ref idref="fl-9"/>
      </object_component>
      <object_component id="oc-258">
         <name>.text:_ti_sysbios_knl_Task_enter__I</name>
         <load_address>0x3f1c8b</load_address>
         <run_address>0x3f1c8b</run_address>
         <size>0xd</size>
         <input_file_ref idref="fl-11"/>
      </object_component>
      <object_component id="oc-206">
         <name>.text:_xdc_runtime_Error_check__E</name>
         <load_address>0x3f1c98</load_address>
         <run_address>0x3f1c98</run_address>
         <size>0xd</size>
         <input_file_ref idref="fl-1c"/>
      </object_component>
      <object_component id="oc-16d">
         <name>.text:_xdc_runtime_HeapStd_Handle__label__S</name>
         <load_address>0x3f1ca5</load_address>
         <run_address>0x3f1ca5</run_address>
         <size>0xd</size>
         <input_file_ref idref="fl-9"/>
      </object_component>
      <object_component id="oc-17a">
         <name>.text:_xdc_runtime_LoggerBuf_Handle__label__S</name>
         <load_address>0x3f1cb2</load_address>
         <run_address>0x3f1cb2</run_address>
         <size>0xd</size>
         <input_file_ref idref="fl-9"/>
      </object_component>
      <object_component id="oc-1f8">
         <name>.text:_xdc_runtime_System_abort__E</name>
         <load_address>0x3f1cbf</load_address>
         <run_address>0x3f1cbf</run_address>
         <size>0xd</size>
         <input_file_ref idref="fl-23"/>
      </object_component>
      <object_component id="oc-274">
         <name>.text:_ti_sysbios_family_c28_Hwi_disableIER__E</name>
         <load_address>0x3f1ccc</load_address>
         <run_address>0x3f1ccc</run_address>
         <size>0xc</size>
         <input_file_ref idref="fl-9"/>
      </object_component>
      <object_component id="oc-25d">
         <name>.text:_ti_sysbios_knl_Queue_put__E</name>
         <load_address>0x3f1cd8</load_address>
         <run_address>0x3f1cd8</run_address>
         <size>0xc</size>
         <input_file_ref idref="fl-11"/>
      </object_component>
      <object_component id="oc-173">
         <name>.text:_xdc_runtime_LoggerBuf_write2__E</name>
         <load_address>0x3f1ce4</load_address>
         <run_address>0x3f1ce4</run_address>
         <size>0xc</size>
         <input_file_ref idref="fl-20"/>
      </object_component>
      <object_component id="oc-1c7">
         <name>.text:_xdc_runtime_SysMin_exit__E</name>
         <load_address>0x3f1cf0</load_address>
         <run_address>0x3f1cf0</run_address>
         <size>0xc</size>
         <input_file_ref idref="fl-24"/>
      </object_component>
      <object_component id="oc-20a">
         <name>.text</name>
         <load_address>0x3f1cfc</load_address>
         <run_address>0x3f1cfc</run_address>
         <size>0xc</size>
         <input_file_ref idref="fl-3d"/>
      </object_component>
      <object_component id="oc-24c">
         <name>.text:_ti_sysbios_family_c28_Hwi_Module__startupDone__F</name>
         <load_address>0x3f1d08</load_address>
         <run_address>0x3f1d08</run_address>
         <size>0xb</size>
         <input_file_ref idref="fl-9"/>
      </object_component>
      <object_component id="oc-243">
         <name>.text:_ti_sysbios_family_c28_Hwi_Object__get__S</name>
         <load_address>0x3f1d13</load_address>
         <run_address>0x3f1d13</run_address>
         <size>0xb</size>
         <input_file_ref idref="fl-9"/>
      </object_component>
      <object_component id="oc-210">
         <name>.text:_ti_sysbios_family_c28_Hwi_enableIER__E</name>
         <load_address>0x3f1d1e</load_address>
         <run_address>0x3f1d1e</run_address>
         <size>0xb</size>
         <input_file_ref idref="fl-9"/>
      </object_component>
      <object_component id="oc-25a">
         <name>.text:_ti_sysbios_knl_Queue_Object__get__S</name>
         <load_address>0x3f1d29</load_address>
         <run_address>0x3f1d29</run_address>
         <size>0xb</size>
         <input_file_ref idref="fl-9"/>
      </object_component>
      <object_component id="oc-1b2">
         <name>.text:_xdc_runtime_LoggerBuf_Instance_finalize__E</name>
         <load_address>0x3f1d34</load_address>
         <run_address>0x3f1d34</run_address>
         <size>0xb</size>
         <input_file_ref idref="fl-20"/>
      </object_component>
      <object_component id="oc-172">
         <name>.text:_xdc_runtime_LoggerBuf_write1__E</name>
         <load_address>0x3f1d3f</load_address>
         <run_address>0x3f1d3f</run_address>
         <size>0xb</size>
         <input_file_ref idref="fl-20"/>
      </object_component>
      <object_component id="oc-1d1">
         <name>.text:_xdc_runtime_Memory_free__E</name>
         <load_address>0x3f1d4a</load_address>
         <run_address>0x3f1d4a</run_address>
         <size>0xb</size>
         <input_file_ref idref="fl-21"/>
      </object_component>
      <object_component id="oc-148">
         <name>.text:_xdc_runtime_System_exit__E</name>
         <load_address>0x3f1d55</load_address>
         <run_address>0x3f1d55</run_address>
         <size>0xb</size>
         <input_file_ref idref="fl-23"/>
      </object_component>
      <object_component id="oc-150">
         <name>.text:_ti_sysbios_BIOS_exitFunc__I</name>
         <load_address>0x3f1d60</load_address>
         <run_address>0x3f1d60</run_address>
         <size>0xa</size>
         <input_file_ref idref="fl-9"/>
      </object_component>
      <object_component id="oc-1ad">
         <name>.text:_xdc_runtime_Error_init__E</name>
         <load_address>0x3f1d6a</load_address>
         <run_address>0x3f1d6a</run_address>
         <size>0xa</size>
         <input_file_ref idref="fl-1c"/>
      </object_component>
      <object_component id="oc-171">
         <name>.text:_xdc_runtime_LoggerBuf_write0__E</name>
         <load_address>0x3f1d74</load_address>
         <run_address>0x3f1d74</run_address>
         <size>0xa</size>
         <input_file_ref idref="fl-20"/>
      </object_component>
      <object_component id="oc-264">
         <name>.text:_xdc_runtime_System_vsnprintf__E</name>
         <load_address>0x3f1d7e</load_address>
         <run_address>0x3f1d7e</run_address>
         <size>0xa</size>
         <input_file_ref idref="fl-23"/>
      </object_component>
      <object_component id="oc-1d7">
         <name>.text:_xdc_runtime_Text_ropeText__E</name>
         <load_address>0x3f1d88</load_address>
         <run_address>0x3f1d88</run_address>
         <size>0xa</size>
         <input_file_ref idref="fl-25"/>
      </object_component>
      <object_component id="oc-214">
         <name>.text:_ti_sysbios_family_c28_Hwi_restoreIER__E</name>
         <load_address>0x3f1d92</load_address>
         <run_address>0x3f1d92</run_address>
         <size>0x9</size>
         <input_file_ref idref="fl-9"/>
      </object_component>
      <object_component id="oc-27c">
         <name>.text:_ti_sysbios_family_c28_TaskSupport_glue</name>
         <load_address>0x3f1d9b</load_address>
         <run_address>0x3f1d9b</run_address>
         <size>0x9</size>
         <input_file_ref idref="fl-15"/>
      </object_component>
      <object_component id="oc-237">
         <name>.text:_ti_sysbios_hal_Hwi_Module_startup__E</name>
         <load_address>0x3f1da4</load_address>
         <run_address>0x3f1da4</run_address>
         <size>0x9</size>
         <input_file_ref idref="fl-11"/>
      </object_component>
      <object_component id="oc-259">
         <name>.text:_ti_sysbios_knl_Task_SupportProxy_start__E</name>
         <load_address>0x3f1dad</load_address>
         <run_address>0x3f1dad</run_address>
         <size>0x9</size>
         <input_file_ref idref="fl-9"/>
      </object_component>
      <object_component id="oc-25b">
         <name>.text:_ti_sysbios_knl_Task_unblock__E</name>
         <load_address>0x3f1db6</load_address>
         <run_address>0x3f1db6</run_address>
         <size>0x9</size>
         <input_file_ref idref="fl-11"/>
      </object_component>
      <object_component id="oc-18d">
         <name>.text:_xdc_runtime_Startup_exec__I</name>
         <load_address>0x3f1dbf</load_address>
         <run_address>0x3f1dbf</run_address>
         <size>0x9</size>
         <input_file_ref idref="fl-9"/>
      </object_component>
      <object_component id="oc-26d">
         <name>.text:_xdc_runtime_Text_visitRope__I</name>
         <load_address>0x3f1dc8</load_address>
         <run_address>0x3f1dc8</run_address>
         <size>0x9</size>
         <input_file_ref idref="fl-9"/>
      </object_component>
      <object_component id="oc-1b5">
         <name>.text</name>
         <load_address>0x3f1dd1</load_address>
         <run_address>0x3f1dd1</run_address>
         <size>0x9</size>
         <input_file_ref idref="fl-3b"/>
      </object_component>
      <object_component id="oc-183">
         <name>.text:_ti_sysbios_BIOS_setThreadType__E</name>
         <load_address>0x3f1dda</load_address>
         <run_address>0x3f1dda</run_address>
         <size>0x8</size>
         <input_file_ref idref="fl-11"/>
      </object_component>
      <object_component id="oc-207">
         <name>.text:_xdc_runtime_IHeap_alloc</name>
         <load_address>0x3f1de2</load_address>
         <run_address>0x3f1de2</run_address>
         <size>0x8</size>
         <input_file_ref idref="fl-9"/>
      </object_component>
      <object_component id="oc-1d0">
         <name>.text:_xdc_runtime_Memory_calloc__E</name>
         <load_address>0x3f1dea</load_address>
         <run_address>0x3f1dea</run_address>
         <size>0x8</size>
         <input_file_ref idref="fl-21"/>
      </object_component>
      <object_component id="oc-26e">
         <name>.text:_xdc_runtime_SysMin_ready__E</name>
         <load_address>0x3f1df2</load_address>
         <run_address>0x3f1df2</run_address>
         <size>0x8</size>
         <input_file_ref idref="fl-24"/>
      </object_component>
      <object_component id="oc-250">
         <name>.text</name>
         <load_address>0x3f1dfa</load_address>
         <run_address>0x3f1dfa</run_address>
         <size>0x8</size>
         <input_file_ref idref="fl-3f"/>
      </object_component>
      <object_component id="oc-143">
         <name>.text:.bootCodeSection:_ti_catalog_c2800_init_Boot_init</name>
         <load_address>0x3f1e02</load_address>
         <run_address>0x3f1e02</run_address>
         <size>0x7</size>
         <input_file_ref idref="fl-9"/>
      </object_component>
      <object_component id="oc-16a">
         <name>.text:_xdc_runtime_HeapStd_getStats__E</name>
         <load_address>0x3f1e09</load_address>
         <run_address>0x3f1e09</run_address>
         <size>0x7</size>
         <input_file_ref idref="fl-1f"/>
      </object_component>
      <object_component id="oc-23c">
         <name>.text:_xdc_runtime_System_aprintf__E</name>
         <load_address>0x3f1e10</load_address>
         <run_address>0x3f1e10</run_address>
         <size>0x7</size>
         <input_file_ref idref="fl-9"/>
      </object_component>
      <object_component id="oc-23d">
         <name>.text:_xdc_runtime_System_printf__E</name>
         <load_address>0x3f1e17</load_address>
         <run_address>0x3f1e17</run_address>
         <size>0x7</size>
         <input_file_ref idref="fl-9"/>
      </object_component>
      <object_component id="oc-185">
         <name>.text:_ti_sysbios_BIOS_start__E</name>
         <load_address>0x3f1e1e</load_address>
         <run_address>0x3f1e1e</run_address>
         <size>0x6</size>
         <input_file_ref idref="fl-11"/>
      </object_component>
      <object_component id="oc-1e6">
         <name>.text:_ti_sysbios_family_c28_IntrinsicsSupport_maxbit__E</name>
         <load_address>0x3f1e24</load_address>
         <run_address>0x3f1e24</run_address>
         <size>0x6</size>
         <input_file_ref idref="fl-14"/>
      </object_component>
      <object_component id="oc-153">
         <name>.text:_ti_sysbios_family_c28_TimestampProvider_rolloverFunc__E</name>
         <load_address>0x3f1e2a</load_address>
         <run_address>0x3f1e2a</run_address>
         <size>0x6</size>
         <input_file_ref idref="fl-11"/>
      </object_component>
      <object_component id="oc-1c2">
         <name>.text:_ti_sysbios_family_c28_TimestampProvider_startTimer__E</name>
         <load_address>0x3f1e30</load_address>
         <run_address>0x3f1e30</run_address>
         <size>0x6</size>
         <input_file_ref idref="fl-11"/>
      </object_component>
      <object_component id="oc-1b3">
         <name>.text:_ti_sysbios_knl_Swi_disable__E</name>
         <load_address>0x3f1e36</load_address>
         <run_address>0x3f1e36</run_address>
         <size>0x6</size>
         <input_file_ref idref="fl-11"/>
      </object_component>
      <object_component id="oc-1b4">
         <name>.text:_ti_sysbios_knl_Task_disable__E</name>
         <load_address>0x3f1e3c</load_address>
         <run_address>0x3f1e3c</run_address>
         <size>0x6</size>
         <input_file_ref idref="fl-11"/>
      </object_component>
      <object_component id="oc-18e">
         <name>.text:_xdc_runtime_Gate_enterSystem__E</name>
         <load_address>0x3f1e42</load_address>
         <run_address>0x3f1e42</run_address>
         <size>0x6</size>
         <input_file_ref idref="fl-1d"/>
      </object_component>
      <object_component id="oc-19f">
         <name>.text:_xdc_runtime_Gate_leaveSystem__E</name>
         <load_address>0x3f1e48</load_address>
         <run_address>0x3f1e48</run_address>
         <size>0x6</size>
         <input_file_ref idref="fl-1d"/>
      </object_component>
      <object_component id="oc-16f">
         <name>.text:_xdc_runtime_LoggerBuf_enable__E</name>
         <load_address>0x3f1e4e</load_address>
         <run_address>0x3f1e4e</run_address>
         <size>0x6</size>
         <input_file_ref idref="fl-20"/>
      </object_component>
      <object_component id="oc-21c">
         <name>.text:_ti_sysbios_family_c28_Hwi_switchFromBootStack__E</name>
         <load_address>0x3f1e54</load_address>
         <run_address>0x3f1e54</run_address>
         <size>0x5</size>
         <input_file_ref idref="fl-11"/>
      </object_component>
      <object_component id="oc-161">
         <name>.text:_ti_sysbios_gates_GateHwi_enter__E</name>
         <load_address>0x3f1e59</load_address>
         <run_address>0x3f1e59</run_address>
         <size>0x5</size>
         <input_file_ref idref="fl-11"/>
      </object_component>
      <object_component id="oc-170">
         <name>.text:_xdc_runtime_LoggerBuf_disable__E</name>
         <load_address>0x3f1e5e</load_address>
         <run_address>0x3f1e5e</run_address>
         <size>0x5</size>
         <input_file_ref idref="fl-20"/>
      </object_component>
      <object_component id="oc-1bb">
         <name>.text:_ti_sysbios_family_c28_Hwi_startup__E</name>
         <load_address>0x3f1e63</load_address>
         <run_address>0x3f1e63</run_address>
         <size>0x4</size>
         <input_file_ref idref="fl-9"/>
      </object_component>
      <object_component id="oc-181">
         <name>.text:_ti_sysbios_knl_Swi_startup__E</name>
         <load_address>0x3f1e67</load_address>
         <run_address>0x3f1e67</run_address>
         <size>0x4</size>
         <input_file_ref idref="fl-11"/>
      </object_component>
      <object_component id="oc-202">
         <name>.text:_xdc_runtime_IHeap_free</name>
         <load_address>0x3f1e6b</load_address>
         <run_address>0x3f1e6b</run_address>
         <size>0x4</size>
         <input_file_ref idref="fl-9"/>
      </object_component>
      <object_component id="oc-19e">
         <name>.text:_xdc_runtime_Memory_getMaxDefaultTypeAlign__E</name>
         <load_address>0x3f1e6f</load_address>
         <run_address>0x3f1e6f</run_address>
         <size>0x4</size>
         <input_file_ref idref="fl-21"/>
      </object_component>
      <object_component id="oc-17b">
         <name>.text:_xdc_runtime_Startup_rtsDone__E</name>
         <load_address>0x3f1e73</load_address>
         <run_address>0x3f1e73</run_address>
         <size>0x4</size>
         <input_file_ref idref="fl-22"/>
      </object_component>
      <object_component id="oc-149">
         <name>.text:___xdc__init</name>
         <load_address>0x3f1e77</load_address>
         <run_address>0x3f1e77</run_address>
         <size>0x3</size>
         <input_file_ref idref="fl-26"/>
      </object_component>
      <object_component id="oc-18a">
         <name>.text:_ti_catalog_c2800_init_Boot_limpAbort</name>
         <load_address>0x3f1e7a</load_address>
         <run_address>0x3f1e7a</run_address>
         <size>0x3</size>
         <input_file_ref idref="fl-9"/>
      </object_component>
      <object_component id="oc-239">
         <name>.text:_ti_sysbios_family_c28_Hwi_getIFR__I</name>
         <load_address>0x3f1e7d</load_address>
         <run_address>0x3f1e7d</run_address>
         <size>0x3</size>
         <input_file_ref idref="fl-12"/>
      </object_component>
      <object_component id="oc-232">
         <name>.text:_ti_sysbios_family_c28_TimestampProvider_Module_startup__E</name>
         <load_address>0x3f1e80</load_address>
         <run_address>0x3f1e80</run_address>
         <size>0x3</size>
         <input_file_ref idref="fl-11"/>
      </object_component>
      <object_component id="oc-162">
         <name>.text:_ti_sysbios_gates_GateHwi_leave__E</name>
         <load_address>0x3f1e83</load_address>
         <run_address>0x3f1e83</run_address>
         <size>0x3</size>
         <input_file_ref idref="fl-11"/>
      </object_component>
      <object_component id="oc-1f9">
         <name>.text:_ti_sysbios_hal_Hwi_HwiProxy_getStackInfo__E</name>
         <load_address>0x3f1e86</load_address>
         <run_address>0x3f1e86</run_address>
         <size>0x3</size>
         <input_file_ref idref="fl-9"/>
      </object_component>
      <object_component id="oc-1e8">
         <name>.text:_ti_sysbios_hal_Hwi_HwiProxy_switchFromBootStack__E</name>
         <load_address>0x3f1e89</load_address>
         <run_address>0x3f1e89</run_address>
         <size>0x3</size>
         <input_file_ref idref="fl-9"/>
      </object_component>
      <object_component id="oc-180">
         <name>.text:_ti_sysbios_hal_Hwi_startup__E</name>
         <load_address>0x3f1e8c</load_address>
         <run_address>0x3f1e8c</run_address>
         <size>0x3</size>
         <input_file_ref idref="fl-11"/>
      </object_component>
      <object_component id="oc-152">
         <name>.text:_ti_sysbios_knl_Idle_loop__E</name>
         <load_address>0x3f1e8f</load_address>
         <run_address>0x3f1e8f</run_address>
         <size>0x3</size>
         <input_file_ref idref="fl-11"/>
      </object_component>
      <object_component id="oc-218">
         <name>.text:_ti_sysbios_knl_Task_SupportProxy_checkStack__E</name>
         <load_address>0x3f1e92</load_address>
         <run_address>0x3f1e92</run_address>
         <size>0x3</size>
         <input_file_ref idref="fl-9"/>
      </object_component>
      <object_component id="oc-1e9">
         <name>.text:_ti_sysbios_knl_Task_SupportProxy_swap__E</name>
         <load_address>0x3f1e95</load_address>
         <run_address>0x3f1e95</run_address>
         <size>0x3</size>
         <input_file_ref idref="fl-9"/>
      </object_component>
      <object_component id="oc-182">
         <name>.text:_ti_sysbios_knl_Task_startup__E</name>
         <load_address>0x3f1e98</load_address>
         <run_address>0x3f1e98</run_address>
         <size>0x3</size>
         <input_file_ref idref="fl-11"/>
      </object_component>
      <object_component id="oc-1aa">
         <name>.text:_xdc_runtime_LoggerBuf_Module_GateProxy_enter__E</name>
         <load_address>0x3f1e9b</load_address>
         <run_address>0x3f1e9b</run_address>
         <size>0x3</size>
         <input_file_ref idref="fl-9"/>
      </object_component>
      <object_component id="oc-1ac">
         <name>.text:_xdc_runtime_LoggerBuf_Module_GateProxy_leave__E</name>
         <load_address>0x3f1e9e</load_address>
         <run_address>0x3f1e9e</run_address>
         <size>0x3</size>
         <input_file_ref idref="fl-9"/>
      </object_component>
      <object_component id="oc-1ab">
         <name>.text:_xdc_runtime_LoggerBuf_TimestampProxy_get64__E</name>
         <load_address>0x3f1ea1</load_address>
         <run_address>0x3f1ea1</run_address>
         <size>0x3</size>
         <input_file_ref idref="fl-9"/>
      </object_component>
      <object_component id="oc-1c6">
         <name>.text:_xdc_runtime_System_Module_GateProxy_enter__E</name>
         <load_address>0x3f1ea4</load_address>
         <run_address>0x3f1ea4</run_address>
         <size>0x3</size>
         <input_file_ref idref="fl-9"/>
      </object_component>
      <object_component id="oc-1d9">
         <name>.text:_xdc_runtime_System_Module_GateProxy_leave__E</name>
         <load_address>0x3f1ea7</load_address>
         <run_address>0x3f1ea7</run_address>
         <size>0x3</size>
         <input_file_ref idref="fl-9"/>
      </object_component>
      <object_component id="oc-230">
         <name>.text:_xdc_runtime_System_Module_startup__E</name>
         <load_address>0x3f1eaa</load_address>
         <run_address>0x3f1eaa</run_address>
         <size>0x3</size>
         <input_file_ref idref="fl-23"/>
      </object_component>
      <object_component id="oc-221">
         <name>.text:_xdc_runtime_System_SupportProxy_abort__E</name>
         <load_address>0x3f1ead</load_address>
         <run_address>0x3f1ead</run_address>
         <size>0x3</size>
         <input_file_ref idref="fl-9"/>
      </object_component>
      <object_component id="oc-18f">
         <name>.text:_xdc_runtime_System_SupportProxy_exit__E</name>
         <load_address>0x3f1eb0</load_address>
         <run_address>0x3f1eb0</run_address>
         <size>0x3</size>
         <input_file_ref idref="fl-9"/>
      </object_component>
      <object_component id="oc-27a">
         <name>.text:_xdc_runtime_System_SupportProxy_putch__E</name>
         <load_address>0x3f1eb3</load_address>
         <run_address>0x3f1eb3</run_address>
         <size>0x3</size>
         <input_file_ref idref="fl-9"/>
      </object_component>
      <object_component id="oc-265">
         <name>.text:_xdc_runtime_System_SupportProxy_ready__E</name>
         <load_address>0x3f1eb6</load_address>
         <run_address>0x3f1eb6</run_address>
         <size>0x3</size>
         <input_file_ref idref="fl-9"/>
      </object_component>
      <object_component id="oc-22e">
         <name>.text:_xdc_runtime_System_abortStd__E</name>
         <load_address>0x3f1eb9</load_address>
         <run_address>0x3f1eb9</run_address>
         <size>0x3</size>
         <input_file_ref idref="fl-23"/>
      </object_component>
      <object_component id="oc-190">
         <name>.text:_xdc_runtime_System_exitStd__E</name>
         <load_address>0x3f1ebc</load_address>
         <run_address>0x3f1ebc</run_address>
         <size>0x3</size>
         <input_file_ref idref="fl-23"/>
      </object_component>
      <object_component id="oc-1a0">
         <name>.text:_malloc</name>
         <load_address>0x3f1ebf</load_address>
         <run_address>0x3f1ebf</run_address>
         <size>0x2</size>
         <input_file_ref idref="fl-9"/>
      </object_component>
      <object_component id="oc-1c1">
         <name>.text:_ti_catalog_c2800_init_Boot_defaultLimpAbortFunction</name>
         <load_address>0x3f1ec1</load_address>
         <run_address>0x3f1ec1</run_address>
         <size>0x2</size>
         <input_file_ref idref="fl-16"/>
      </object_component>
      <object_component id="oc-247">
         <name>.text:_ti_sysbios_family_c28_TaskSupport_Module__startupDone__S</name>
         <load_address>0x3f1ec3</load_address>
         <run_address>0x3f1ec3</run_address>
         <size>0x2</size>
         <input_file_ref idref="fl-9"/>
      </object_component>
      <object_component id="oc-160">
         <name>.text:_ti_sysbios_gates_GateHwi_query__E</name>
         <load_address>0x3f1ec5</load_address>
         <run_address>0x3f1ec5</run_address>
         <size>0x2</size>
         <input_file_ref idref="fl-11"/>
      </object_component>
      <object_component id="oc-23a">
         <name>.text:_xdc_runtime_Error_getSite__E</name>
         <load_address>0x3f1ec7</load_address>
         <run_address>0x3f1ec7</run_address>
         <size>0x2</size>
         <input_file_ref idref="fl-1c"/>
      </object_component>
      <object_component id="oc-169">
         <name>.text:_xdc_runtime_HeapStd_isBlocking__E</name>
         <load_address>0x3f1ec9</load_address>
         <run_address>0x3f1ec9</run_address>
         <size>0x2</size>
         <input_file_ref idref="fl-1f"/>
      </object_component>
      <object_component id="oc-142">
         <name>.text</name>
         <load_address>0x3f1ecb</load_address>
         <run_address>0x3f1ecb</run_address>
         <size>0x2</size>
         <input_file_ref idref="fl-38"/>
      </object_component>
      <object_component id="oc-1a1">
         <name>.text:_free</name>
         <load_address>0x3f1ecd</load_address>
         <run_address>0x3f1ecd</run_address>
         <size>0x1</size>
[...]
         <value>0x3f1900</value>
         <object_component_ref idref="oc-272"/>
      </symbol>
      <symbol id="sm-5de">
         <name>_ti_sysbios_family_c28_Hwi_interruptReturn__I</name>
         <value>0x3f1ecf</value>
         <object_component_ref idref="oc-211"/>
      </symbol>
      <symbol id="sm-5df">
         <name>_ti_sysbios_family_xxx_Hwi_switchAndRunFunc</name>
         <value>0x3f1a20</value>
         <object_component_ref idref="oc-1eb"/>
      </symbol>
      <symbol id="sm-684">
         <name>_ti_sysbios_family_c28_Hwi_dispatchTable</name>
         <value>0x3f0a44</value>
         <object_component_ref idref="oc-253"/>
      </symbol>
      <symbol id="sm-685">
         <name>_ti_sysbios_family_c28_Hwi_dispatchPie</name>
         <value>0x3f0aa1</value>
         <object_component_ref idref="oc-253"/>
      </symbol>
      <symbol id="sm-691">
         <name>_ti_sysbios_family_c28_IntrinsicsSupport_maxbit__E</name>
         <value>0x3f1e24</value>
         <object_component_ref idref="oc-1e6"/>
      </symbol>
      <symbol id="sm-6a1">
         <name>_ti_sysbios_family_c28_TaskSupport_buildTaskStack</name>
         <value>0x3f188c</value>
         <object_component_ref idref="oc-277"/>
      </symbol>
      <symbol id="sm-6a2">
         <name>_ti_sysbios_family_c28_TaskSupport_swap__E</name>
         <value>0x3f1c71</value>
         <object_component_ref idref="oc-21d"/>
      </symbol>
      <symbol id="sm-6a3">
         <name>_ti_sysbios_family_c28_TaskSupport_glue</name>
         <value>0x3f1d9b</value>
         <object_component_ref idref="oc-27c"/>
      </symbol>
      <symbol id="sm-6b6">
         <name>_ti_catalog_c2800_init_Boot_configurePll2802x</name>
         <value>0x3f145a</value>
         <object_component_ref idref="oc-158"/>
      </symbol>
      <symbol id="sm-6b7">
         <name>_ti_catalog_c2800_init_Boot_disableWatchdog</name>
         <value>0x3f1bf2</value>
         <object_component_ref idref="oc-157"/>
      </symbol>
      <symbol id="sm-6b8">
         <name>_ti_catalog_c2800_init_Boot_defaultLimpAbortFunction</name>
         <value>0x3f1ec1</value>
         <object_component_ref idref="oc-1c1"/>
      </symbol>
      <symbol id="sm-6cd">
         <name>_xdc_runtime_Assert_raise__I</name>
         <value>0x3f153f</value>
         <object_component_ref idref="oc-19c"/>
      </symbol>
      <symbol id="sm-6ed">
         <name>_xdc_runtime_Core_deleteObject__I</name>
         <value>0x3f1158</value>
         <object_component_ref idref="oc-195"/>
      </symbol>
      <symbol id="sm-6ee">
         <name>_xdc_runtime_Core_createObject__I</name>
         <value>0x3f07f7</value>
         <object_component_ref idref="oc-193"/>
      </symbol>
      <symbol id="sm-706">
         <name>_xdc_runtime_Core_assignLabel__I</name>
         <value>0x3f19a1</value>
         <object_component_ref idref="oc-196"/>
      </symbol>
      <symbol id="sm-714">
         <name>_xdc_runtime_Core_assignParams__I</name>
         <value>0x3f156c</value>
         <object_component_ref idref="oc-1cf"/>
      </symbol>
      <symbol id="sm-740">
         <name>_xdc_runtime_Error_getSite__E</name>
         <value>0x3f1ec7</value>
         <object_component_ref idref="oc-23a"/>
      </symbol>
      <symbol id="sm-741">
         <name>_xdc_runtime_Error_print__E</name>
         <value>0x3f13cc</value>
         <object_component_ref idref="oc-22c"/>
      </symbol>
      <symbol id="sm-742">
         <name>_xdc_runtime_Error_policyDefault__E</name>
         <value>0x3f09b8</value>
         <object_component_ref idref="oc-1c0"/>
      </symbol>
      <symbol id="sm-743">
         <name>_xdc_runtime_Error_init__E</name>
         <value>0x3f1d6a</value>
         <object_component_ref idref="oc-1ad"/>
      </symbol>
      <symbol id="sm-744">
         <name>_xdc_runtime_Error_raiseX__E</name>
         <value>0x3f1c01</value>
         <object_component_ref idref="oc-156"/>
      </symbol>
      <symbol id="sm-745">
         <name>_xdc_runtime_Error_check__E</name>
         <value>0x3f1c98</value>
         <object_component_ref idref="oc-206"/>
      </symbol>
      <symbol id="sm-746">
         <name>_xdc_runtime_Error_setX__E</name>
         <value>0x3f1649</value>
         <object_component_ref idref="oc-1ed"/>
      </symbol>
      <symbol id="sm-754">
         <name>_xdc_runtime_Gate_leaveSystem__E</name>
         <value>0x3f1e48</value>
         <object_component_ref idref="oc-19f"/>
      </symbol>
      <symbol id="sm-755">
         <name>_xdc_runtime_Gate_enterSystem__E</name>
         <value>0x3f1e42</value>
         <object_component_ref idref="oc-18e"/>
      </symbol>
      <symbol id="sm-79f">
         <name>_xdc_runtime_HeapStd_isBlocking__E</name>
         <value>0x3f1ec9</value>
         <object_component_ref idref="oc-169"/>
      </symbol>
      <symbol id="sm-7a0">
         <name>_xdc_runtime_HeapStd_getStats__E</name>
         <value>0x3f1e09</value>
         <object_component_ref idref="oc-16a"/>
      </symbol>
      <symbol id="sm-7a1">
         <name>_xdc_runtime_HeapStd_free__E</name>
         <value>0x3f0e28</value>
         <object_component_ref idref="oc-168"/>
      </symbol>
      <symbol id="sm-7a2">
         <name>_xdc_runtime_HeapStd_Instance_init__E</name>
         <value>0x3f0ac9</value>
         <object_component_ref idref="oc-1a4"/>
      </symbol>
      <symbol id="sm-7a3">
         <name>_xdc_runtime_HeapStd_alloc__E</name>
         <value>0x3f032a</value>
         <object_component_ref idref="oc-167"/>
      </symbol>
      <symbol id="sm-7f2">
         <name>_xdc_runtime_LoggerBuf_write0__E</name>
         <value>0x3f1d74</value>
         <object_component_ref idref="oc-171"/>
      </symbol>
      <symbol id="sm-7f3">
         <name>_xdc_runtime_LoggerBuf_Instance_init__E</name>
         <value>0x3f13fc</value>
         <object_component_ref idref="oc-1b1"/>
      </symbol>
      <symbol id="sm-7f4">
         <name>_xdc_runtime_LoggerBuf_Module_startup__E</name>
         <value>0x3f1a96</value>
         <object_component_ref idref="oc-22f"/>
      </symbol>
      <symbol id="sm-7f5">
         <name>_xdc_runtime_LoggerBuf_reset__E</name>
         <value>0x3f1af0</value>
         <object_component_ref idref="oc-1df"/>
      </symbol>
      <symbol id="sm-7f6">
         <name>_xdc_runtime_LoggerBuf_Instance_finalize__E</name>
         <value>0x3f1d34</value>
         <object_component_ref idref="oc-1b2"/>
      </symbol>
      <symbol id="sm-7f7">
         <name>_xdc_runtime_LoggerBuf_write4__E</name>
         <value>0x3f0ccb</value>
         <object_component_ref idref="oc-174"/>
      </symbol>
      <symbol id="sm-7f8">
         <name>_xdc_runtime_LoggerBuf_getFilterLevel__E</name>
         <value>0x3f1195</value>
         <object_component_ref idref="oc-177"/>
      </symbol>
      <symbol id="sm-7f9">
         <name>_xdc_runtime_LoggerBuf_disable__E</name>
         <value>0x3f1e5e</value>
         <object_component_ref idref="oc-170"/>
      </symbol>
      <symbol id="sm-7fa">
         <name>_xdc_runtime_LoggerBuf_setFilterLevel__E</name>
         <value>0x3f1286</value>
         <object_component_ref idref="oc-176"/>
      </symbol>
      <symbol id="sm-7fb">
         <name>_xdc_runtime_LoggerBuf_write8__E</name>
         <value>0x3f0692</value>
         <object_component_ref idref="oc-175"/>
      </symbol>
      <symbol id="sm-7fc">
         <name>_xdc_runtime_LoggerBuf_write2__E</name>
         <value>0x3f1ce4</value>
         <object_component_ref idref="oc-173"/>
      </symbol>
      <symbol id="sm-7fd">
         <name>_xdc_runtime_LoggerBuf_filterOutEvent__I</name>
         <value>0x3f1850</value>
         <object_component_ref idref="oc-1a7"/>
      </symbol>
      <symbol id="sm-7fe">
         <name>_xdc_runtime_LoggerBuf_write1__E</name>
         <value>0x3f1d3f</value>
         <object_component_ref idref="oc-172"/>
      </symbol>
      <symbol id="sm-7ff">
         <name>_xdc_runtime_LoggerBuf_enable__E</name>
         <value>0x3f1e4e</value>
         <object_component_ref idref="oc-16f"/>
      </symbol>
      <symbol id="sm-81a">
         <name>_xdc_runtime_Memory_calloc__E</name>
         <value>0x3f1dea</value>
         <object_component_ref idref="oc-1d0"/>
      </symbol>
      <symbol id="sm-81b">
         <name>_xdc_runtime_Memory_free__E</name>
         <value>0x3f1d4a</value>
         <object_component_ref idref="oc-1d1"/>
      </symbol>
      <symbol id="sm-81c">
         <name>_xdc_runtime_Memory_valloc__E</name>
         <value>0x3f1a38</value>
         <object_component_ref idref="oc-200"/>
      </symbol>
      <symbol id="sm-81d">
         <name>_xdc_runtime_Memory_alloc__E</name>
         <value>0x3f111a</value>
         <object_component_ref idref="oc-1de"/>
      </symbol>
      <symbol id="sm-81e">
         <name>_xdc_runtime_Memory_getMaxDefaultTypeAlign__E</name>
         <value>0x3f1e6f</value>
         <object_component_ref idref="oc-19e"/>
      </symbol>
      <symbol id="sm-840">
         <name>_xdc_runtime_Startup_startMods__I</name>
         <value>0x3f0db7</value>
         <object_component_ref idref="oc-1c4"/>
      </symbol>
      <symbol id="sm-841">
         <name>_xdc_runtime_Startup_rtsDone__E</name>
         <value>0x3f1e73</value>
         <object_component_ref idref="oc-17b"/>
      </symbol>
      <symbol id="sm-842">
         <name>_xdc_runtime_Startup_exec__E</name>
         <value>0x3f142b</value>
         <object_component_ref idref="oc-145"/>
      </symbol>
      <symbol id="sm-8c7">
         <name>_xdc_runtime_System_formatNum__I</name>
         <value>0x3f1367</value>
         <object_component_ref idref="oc-270"/>
      </symbol>
      <symbol id="sm-8c8">
         <name>_xdc_runtime_System_exit__E</name>
         <value>0x3f1d55</value>
         <object_component_ref idref="oc-148"/>
      </symbol>
      <symbol id="sm-8c9">
         <name>_xdc_runtime_System_exitStd__E</name>
         <value>0x3f1ebc</value>
         <object_component_ref idref="oc-190"/>
      </symbol>
      <symbol id="sm-8ca">
         <name>_xdc_runtime_System_printf_va__F</name>
         <value>0x3f19ee</value>
         <object_component_ref idref="oc-252"/>
      </symbol>
      <symbol id="sm-8cb">
         <name>_xdc_runtime_System_atexit__E</name>
         <value>0x3f186e</value>
         <object_component_ref idref="oc-17e"/>
      </symbol>
      <symbol id="sm-8cc">
         <name>_xdc_runtime_System_abortStd__E</name>
         <value>0x3f1eb9</value>
         <object_component_ref idref="oc-22e"/>
      </symbol>
      <symbol id="sm-8cd">
         <name>_xdc_runtime_System_putchar__I</name>
         <value>0x3f1a50</value>
         <object_component_ref idref="oc-271"/>
      </symbol>
      <symbol id="sm-8ce">
         <name>_xdc_runtime_System_snprintf_va__F</name>
         <value>0x3f1d7e</value>
         <object_component_ref idref="oc-264"/>
      </symbol>
      <symbol id="sm-8cf">
         <name>_xdc_runtime_System_Module_startup__E</name>
         <value>0x3f1eaa</value>
         <object_component_ref idref="oc-230"/>
      </symbol>
      <symbol id="sm-8d0">
         <name>_xdc_runtime_System_avprintf__E</name>
         <value>0x3f19bb</value>
         <object_component_ref idref="oc-251"/>
      </symbol>
      <symbol id="sm-8d1">
         <name>_xdc_runtime_System_vprintf__E</name>
         <value>0x3f19ee</value>
         <object_component_ref idref="oc-252"/>
      </symbol>
      <symbol id="sm-8d2">
         <name>_xdc_runtime_System_aprintf_va__F</name>
         <value>0x3f19bb</value>
         <object_component_ref idref="oc-251"/>
      </symbol>
      <symbol id="sm-8d3">
         <name>_xdc_runtime_System_doPrint__I</name>
         <value>0x3f0000</value>
         <object_component_ref idref="oc-266"/>
      </symbol>
      <symbol id="sm-8d4">
         <name>_xdc_runtime_System_processAtExit__E</name>
         <value>0x3f1789</value>
         <object_component_ref idref="oc-15d"/>
      </symbol>
      <symbol id="sm-8d5">
         <name>_xdc_runtime_System_vsnprintf__E</name>
         <value>0x3f1d7e</value>
         <object_component_ref idref="oc-264"/>
      </symbol>
      <symbol id="sm-8d6">
         <name>_xdc_runtime_System_abort__E</name>
         <value>0x3f1cbf</value>
         <object_component_ref idref="oc-1f8"/>
      </symbol>
      <symbol id="sm-8f4">
         <name>_xdc_runtime_SysMin_abort__E</name>
         <value>0x3f1aad</value>
         <object_component_ref idref="oc-22d"/>
      </symbol>
      <symbol id="sm-8f5">
         <name>_xdc_runtime_SysMin_ready__E</name>
         <value>0x3f1df2</value>
         <object_component_ref idref="oc-26e"/>
      </symbol>
      <symbol id="sm-8f6">
         <name>_xdc_runtime_SysMin_flush__E</name>
         <value>0x3f173f</value>
         <object_component_ref idref="oc-1ff"/>
      </symbol>
      <symbol id="sm-8f7">
         <name>_xdc_runtime_SysMin_Module_startup__E</name>
         <value>0x3f1be2</value>
         <object_component_ref idref="oc-231"/>
      </symbol>
      <symbol id="sm-8f8">
         <name>_xdc_runtime_SysMin_putch__E</name>
         <value>0x3f18c6</value>
         <object_component_ref idref="oc-23e"/>
      </symbol>
      <symbol id="sm-8f9">
         <name>_xdc_runtime_SysMin_exit__E</name>
         <value>0x3f1cf0</value>
         <object_component_ref idref="oc-1c7"/>
      </symbol>
      <symbol id="sm-93d">
         <name>_xdc_runtime_Text_putLab__E</name>
         <value>0x3f109a</value>
         <object_component_ref idref="oc-27e"/>
      </symbol>
      <symbol id="sm-93e">
         <name>_xdc_runtime_Text_printVisFxn__I</name>
         <value>0x3f1b30</value>
         <object_component_ref idref="oc-263"/>
      </symbol>
      <symbol id="sm-93f">
         <name>_xdc_runtime_Text_putMod__E</name>
         <value>0x3f10db</value>
         <object_component_ref idref="oc-24e"/>
      </symbol>
      <symbol id="sm-940">
         <name>_xdc_runtime_Text_cordText__E</name>
         <value>0x3f1ba1</value>
         <object_component_ref idref="oc-1d2"/>
      </symbol>
      <symbol id="sm-941">
         <name>_xdc_runtime_Text_xprintf__I</name>
         <value>0x3f16c5</value>
         <object_component_ref idref="oc-24f"/>
      </symbol>
      <symbol id="sm-942">
         <name>_xdc_runtime_Text_visitRope2__I</name>
         <value>0x3f1599</value>
         <object_component_ref idref="oc-278"/>
      </symbol>
      <symbol id="sm-943">
         <name>_xdc_runtime_Text_ropeText__E</name>
         <value>0x3f1d88</value>
         <object_component_ref idref="oc-1d7"/>
      </symbol>
      <symbol id="sm-944">
         <name>_xdc_runtime_Text_putSite__E</name>
         <value>0x3f0f61</value>
         <object_component_ref idref="oc-23b"/>
      </symbol>
      <symbol id="sm-950">
         <name>___xdc__init</name>
         <value>0x3f1e77</value>
         <object_component_ref idref="oc-149"/>
      </symbol>
      <symbol id="sm-970">
         <name>_xdc_runtime_Registry_findById__E</name>
         <value>0x3f1c10</value>
         <object_component_ref idref="oc-261"/>
      </symbol>
      <symbol id="sm-98b">
         <name>_c_int00</name>
         <value>0x3f0e94</value>
         <object_component_ref idref="oc-38"/>
      </symbol>
      <symbol id="sm-98c">
         <name>__stack</name>
         <value>0x62e</value>
         <object_component_ref idref="oc-f3"/>
      </symbol>
      <symbol id="sm-9b8">
         <name>ULL$$MOD</name>
         <value>0x3f02c8</value>
         <object_component_ref idref="oc-f8"/>
      </symbol>
      <symbol id="sm-9b9">
         <name>ULL$$DIV</name>
         <value>0x3f0299</value>
         <object_component_ref idref="oc-f8"/>
      </symbol>
      <symbol id="sm-9ba">
         <name>LL$$MOD</name>
         <value>0x3f025f</value>
         <object_component_ref idref="oc-f8"/>
      </symbol>
      <symbol id="sm-9bb">
         <name>LL$$DIV</name>
         <value>0x3f0223</value>
         <object_component_ref idref="oc-f8"/>
      </symbol>
      <symbol id="sm-9ca">
         <name>_copy_in</name>
         <value>0x3f1765</value>
         <object_component_ref idref="oc-144"/>
      </symbol>
      <symbol id="sm-9db">
         <name>_memcpy</name>
         <value>0x3f18e3</value>
         <object_component_ref idref="oc-159"/>
      </symbol>
      <symbol id="sm-9e7">
         <name>__system_pre_init</name>
         <value>0x3f1ecb</value>
         <object_component_ref idref="oc-142"/>
      </symbol>
      <symbol id="sm-9f4">
         <name>__system_post_cinit</name>
         <value>0x3f1ed1</value>
         <object_component_ref idref="oc-146"/>
      </symbol>
      <symbol id="sm-a08">
         <name>C$$EXIT</name>
         <value>0x3f16ee</value>
         <object_component_ref idref="oc-1c8"/>
      </symbol>
      <symbol id="sm-a09">
         <name>_exit</name>
         <value>0x3f16f0</value>
         <object_component_ref idref="oc-1c8"/>
      </symbol>
      <symbol id="sm-a0a">
         <name>___TI_cleanup_ptr</name>
         <value>0x626</value>
         <object_component_ref idref="oc-113"/>
      </symbol>
      <symbol id="sm-a0b">
         <name>___TI_enable_exit_profile_output</name>
         <value>0x624</value>
         <object_component_ref idref="oc-113"/>
      </symbol>
      <symbol id="sm-a0c">
         <name>_abort</name>
         <value>0x3f16ee</value>
         <object_component_ref idref="oc-1c8"/>
      </symbol>
      <symbol id="sm-a0d">
         <name>___TI_dtors_ptr</name>
         <value>0x628</value>
         <object_component_ref idref="oc-113"/>
      </symbol>
      <symbol id="sm-a21">
         <name>__unlock</name>
         <value>0x62c</value>
         <object_component_ref idref="oc-1e0"/>
      </symbol>
      <symbol id="sm-a22">
         <name>__lock</name>
         <value>0x62a</value>
         <object_component_ref idref="oc-1e1"/>
      </symbol>
      <symbol id="sm-a23">
         <name>__register_lock</name>
         <value>0x3f1dd5</value>
         <object_component_ref idref="oc-1b5"/>
      </symbol>
      <symbol id="sm-a24">
         <name>__nop</name>
         <value>0x3f1dd9</value>
         <object_component_ref idref="oc-1b5"/>
      </symbol>
      <symbol id="sm-a25">
         <name>__register_unlock</name>
         <value>0x3f1dd1</value>
         <object_component_ref idref="oc-1b5"/>
      </symbol>
      <symbol id="sm-a34">
         <name>__args_main</name>
         <value>0x3f1a07</value>
         <object_component_ref idref="oc-147"/>
      </symbol>
      <symbol id="sm-a42">
         <name>_memset</name>
         <value>0x3f1cfc</value>
         <object_component_ref idref="oc-20a"/>
      </symbol>
      <symbol id="sm-a58">
         <name>_strlen</name>
         <value>0x3f1dfa</value>
         <object_component_ref idref="oc-250"/>
      </symbol>
      <symbol id="sm-a65">
         <name>_HOSTwrite</name>
         <value>0x3f12fa</value>
         <object_component_ref idref="oc-24d"/>
      </symbol>
      <symbol id="sm-a7d">
         <name>___TI_readmsg</name>
         <value>0x3f08ee</value>
         <object_component_ref idref="oc-25e"/>
      </symbol>
      <symbol id="sm-a7e">
         <name>C$$IO$$</name>
         <value>0x3f08e9</value>
         <object_component_ref idref="oc-25e"/>
      </symbol>
      <symbol id="sm-a7f">
         <name>__CIOBUF_</name>
         <value>0x8000</value>
         <object_component_ref idref="oc-137"/>
      </symbol>
      <symbol id="sm-a80">
         <name>___TI_writemsg</name>
         <value>0x3f0896</value>
         <object_component_ref idref="oc-25e"/>
      </symbol>
      <symbol id="sm-a8c">
         <name>_parmbuf</name>
         <value>0x61c</value>
         <object_component_ref idref="oc-13d"/>
      </symbol>
   </symbol_table>
   <title>Link successful</title>
</link_info>
