******************************************************************************
             TMS320C2000 Linker PC v18.1.4                     
******************************************************************************
>> Linked Fri Nov 22 15:32:20 2019

OUTPUT FILE NAME:   <idle_TMS320F28027.out>
ENTRY POINT SYMBOL: "_c_int00"  address: 003f0e94


MEMORY CONFIGURATION

         name            origin    length      used     unused   attr    fill
----------------------  --------  ---------  --------  --------  ----  --------
PAGE 0:
  OTP                   003d7800   00000400  00000000  00000400  RWIX
  FLASH                 003f0000   00007f80  00003a38  00004548  RWIX
  CSM_RSVD              003f7f80   00000076  00000000  00000076  RWIX
  BEGIN                 003f7ff6   00000002  00000000  00000002  RWIX
  CSM_PWL               003f7ff8   00000008  00000000  00000008  RWIX
  IQTABLES              003fe000   00000b50  00000000  00000b50  RWIX
  IQTABLES2             003feb50   0000008c  00000000  0000008c  RWIX
  IQTABLES3             003febdc   000000aa  00000000  000000aa  RWIX
  ROM                   003ff27c   00000d44  00000000  00000d44  RWIX
  RESET                 003fffc0   00000002  00000000  00000002  RWIX
  VECTORS               003fffc2   0000003e  00000000  0000003e  RWIX

PAGE 1:
  M01SARAM              00000000   00000800  0000072e  000000d2  RWIX
  DEV_EMU               00000880   00000105  00000004  00000101  RWIX
  SYS_PWR_CTL           00000985   00000003  00000003  00000000  RWIX
  FLASH_REGS            00000a80   00000060  00000008  00000058  RWIX
  CSM                   00000ae0   00000010  00000010  00000000  RWIX
  ADC_RESULT            00000b00   00000020  00000020  00000000  RWIX
  CPU_TIMER0            00000c00   00000008  00000008  00000000  RWIX
  CPU_TIMER1            00000c08   00000008  00000008  00000000  RWIX
  CPU_TIMER2            00000c10   00000008  00000008  00000000  RWIX
  PIE_CTRL              00000ce0   00000020  0000001a  00000006  RWIX
  PIEVECT               00000d00   00000100  00000000  00000100  RWIX
  COMP1                 00006400   00000020  00000020  00000000  RWIX
  COMP2                 00006420   00000020  00000020  00000000  RWIX
  EPWM1                 00006800   00000040  00000040  00000000  RWIX
  EPWM2                 00006840   00000040  00000040  00000000  RWIX
  EPWM3                 00006880   00000040  00000040  00000000  RWIX
  EPWM4                 000068c0   00000040  00000040  00000000  RWIX
  ECAP1                 00006a00   00000020  00000020  00000000  RWIX
  GPIOCTRL              00006f80   00000040  00000040  00000000  RWIX
  GPIODAT               00006fc0   00000020  00000020  00000000  RWIX
  GPIOINT               00006fe0   00000020  0000000a  00000016  RWIX
  SYSTEM                00007010   00000020  0000001f  00000001  RWIX
  SPIA                  00007040   00000010  00000010  00000000  RWIX
  SCIA                  00007050   00000010  00000010  00000000  RWIX
  NMIINTRUPT            00007060   00000010  00000010  00000000  RWIX
  XINTRUPT              00007070   00000010  00000010  00000000  RWIX
  ADC                   00007100   00000080  00000051  0000002f  RWIX
  I2CA                  00007900   00000040  00000022  0000001e  RWIX
  L0SARAM               00008000   00001000  00000120  00000ee0  RWIX
  PARTID                003d7fff   00000001  00000001  00000000  RWIX
  CSM_PWL               003f7ff8   00000008  00000008  00000000  RWIX


SECTION ALLOCATION MAP

 output                                  attributes/
section   page    origin      length       input sections
--------  ----  ----------  ----------   ----------------
PieVectTableFile 
*          0    00000d00    00000100     DSECT
                  00000d00    00000100     F2802x_GlobalVariableDefs.obj (PieVectTableFile)

EmuKeyVar 
*          0    00000d00    00000001     DSECT
                  00000d00    00000001     F2802x_GlobalVariableDefs.obj (EmuKeyVar)

EmuBModeVar 
*          0    00000d01    00000001     DSECT
                  00000d01    00000001     F2802x_GlobalVariableDefs.obj (EmuBModeVar)

FlashCallbackVar 
*          0    00000d02    00000002     DSECT
                  00000d02    00000002     F2802x_GlobalVariableDefs.obj (FlashCallbackVar)

FlashScalingVar 
*          0    00000d04    00000002     DSECT
                  00000d04    00000002     F2802x_GlobalVariableDefs.obj (FlashScalingVar)

.econst    0    003f1ed2    000017b0     
                  003f1ed2    00001360     idle_p28L.o28L (.econst:xdc_runtime_Text_charTab__A)
                  003f3232    00000100     idle_p28L.o28L (.econst:_ti_sysbios_family_c28_Hwi_vectors)
                  003f3332    0000006b     idle_p28L.o28L (.econst:.string)
                  003f339d    00000001     idle_p28L.o28L (.econst:ti_sysbios_family_c28_Hwi_Module__id__C)
                  003f339e    00000058     ti.targets.rts2800.a28L : Error.o28L (.econst:.string)
                  003f33f6    0000004c     idle_p28L.o28L (.econst:xdc_runtime_Text_nodeTab__A)
                  003f3442    00000047     ti.targets.rts2800.a28L : Log.o28L (.econst:.string)
                  003f3489    00000001     idle_p28L.o28L (.econst:ti_sysbios_family_c28_Hwi_NUM_INTERRUPTS_ALL__C)
                  003f348a    00000043     ti.targets.rts2800.a28L : Text.o28L (.econst:.string)
                  003f34cd    00000001     idle_p28L.o28L (.econst:ti_sysbios_family_c28_Hwi_Object__count__C)
                  003f34ce    0000002a     ti.targets.rts2800.a28L : Startup.o28L (.econst:.string)
                  003f34f8    0000001e     idle_p28L.o28L (.econst:xdc_runtime_LoggerBuf_Module__FXNS__C)
                  003f3516    00000019     ti.targets.rts2800.a28L : System.o28L (.econst:.string)
                  003f352f    00000001     idle_p28L.o28L (.econst:ti_sysbios_family_c28_TaskSupport_Module__id__C)
                  003f3530    00000014     idle_p28L.o28L (.econst:xdc_runtime_HeapStd_Module__FXNS__C)
                  003f3544    00000012     idle_p28L.o28L (.econst:ti_sysbios_gates_GateHwi_Module__FXNS__C)
                  003f3556    00000012     idle_p28L.o28L (.econst:xdc_runtime_LoggerBuf_Object__PARAMS__C)
                  003f3568    00000012     idle_p28L.o28L (.econst:xdc_runtime_Startup_sfxnTab__A)
                  003f357a    00000010     idle.obj (.econst:_$P$T0$1)
                  003f358a    00000010     idle_p28L.o28L (.econst:ti_sysbios_gates_GateHwi_Object__DESC__C)
                  003f359a    00000010     idle_p28L.o28L (.econst:xdc_runtime_HeapStd_Object__DESC__C)
                  003f35aa    00000010     idle_p28L.o28L (.econst:xdc_runtime_LoggerBuf_Object__DESC__C)
                  003f35ba    0000000e     idle_p28L.o28L (.econst:xdc_runtime_HeapStd_Object__PARAMS__C)
                  003f35c8    0000000c     idle_p28L.o28L (.econst:ti_sysbios_gates_GateHwi_Object__PARAMS__C)
                  003f35d4    00000009     idle_p28L.o28L (.econst:xdc_runtime_Startup_sfxnRts__A)
                  003f35dd    00000001     idle_p28L.o28L (.econst:ti_sysbios_family_c28_Timer_startupNeeded__C)
                  003f35de    00000005     ti.targets.rts2800.a28L : Assert.o28L (.econst:.string)
                  003f35e3    00000001     idle_p28L.o28L (.econst:ti_sysbios_hal_Hwi_Module__id__C)
                  003f35e4    00000004     idle_p28L.o28L (.econst)
                  003f35e8    00000004     idle_p28L.o28L (.econst:ti_sysbios_knl_Idle_funcList__A)
                  003f35ec    00000004     idle_p28L.o28L (.econst:ti_sysbios_knl_Idle_funcList__C)
                  003f35f0    00000004     idle_p28L.o28L (.econst:xdc_runtime_Startup_firstFxns__C)
                  003f35f4    00000004     idle_p28L.o28L (.econst:xdc_runtime_Startup_lastFxns__C)
                  003f35f8    00000002     idle_p28L.o28L (.econst:ti_sysbios_family_c28_Hwi_A_badIntNum__C)
                  003f35fa    00000002     idle_p28L.o28L (.econst:ti_sysbios_family_c28_Hwi_A_invalidArg__C)
                  003f35fc    00000002     idle_p28L.o28L (.econst:ti_sysbios_family_c28_Hwi_E_unpluggedInterrupt__C)
                  003f35fe    00000002     idle_p28L.o28L (.econst:ti_sysbios_family_c28_Hwi_Module__diagsEnabled__C)
                  003f3600    00000002     idle_p28L.o28L (.econst:ti_sysbios_family_c28_Hwi_Module__diagsIncluded__C)
                  003f3602    00000002     idle_p28L.o28L (.econst:ti_sysbios_family_c28_Hwi_Module__diagsMask__C)
                  003f3604    00000002     idle_p28L.o28L (.econst:ti_sysbios_family_c28_TaskSupport_E_invalidStack__C)
                  003f3606    00000002     idle_p28L.o28L (.econst:ti_sysbios_hal_Hwi_E_stackOverflow__C)
                  003f3608    00000002     idle_p28L.o28L (.econst:ti_sysbios_knl_Task_E_spOutOfBounds__C)
                  003f360a    00000002     idle_p28L.o28L (.econst:ti_sysbios_knl_Task_E_stackOverflow__C)
                  003f360c    00000002     idle_p28L.o28L (.econst:ti_sysbios_knl_Task_Module_State_inactiveQ__O)
                  003f360e    00000002     idle_p28L.o28L (.econst:ti_sysbios_knl_Task_allBlockedFunc__C)
                  003f3610    00000002     idle_p28L.o28L (.econst:xdc_runtime_Assert_E_assertFailed__C)
                  003f3612    00000002     idle_p28L.o28L (.econst:xdc_runtime_Core_A_initializedParams__C)
                  003f3614    00000002     idle_p28L.o28L (.econst:xdc_runtime_Core_Module__diagsEnabled__C)
                  003f3616    00000002     idle_p28L.o28L (.econst:xdc_runtime_Core_Module__diagsIncluded__C)
                  003f3618    00000002     idle_p28L.o28L (.econst:xdc_runtime_Core_Module__diagsMask__C)
                  003f361a    00000002     idle_p28L.o28L (.econst:xdc_runtime_Error_E_memory__C)
                  003f361c    00000002     idle_p28L.o28L (.econst:xdc_runtime_Error_Module__diagsEnabled__C)
                  003f361e    00000002     idle_p28L.o28L (.econst:xdc_runtime_Error_Module__diagsIncluded__C)
                  003f3620    00000002     idle_p28L.o28L (.econst:xdc_runtime_Error_Module__diagsMask__C)
                  003f3622    00000002     idle_p28L.o28L (.econst:xdc_runtime_Error_Module__loggerFxn8__C)
                  003f3624    00000002     idle_p28L.o28L (.econst:xdc_runtime_Error_Module__loggerObj__C)
                  003f3626    00000002     idle_p28L.o28L (.econst:xdc_runtime_Error_policyFxn__C)
                  003f3628    00000002     idle_p28L.o28L (.econst:xdc_runtime_Error_raiseHook__C)
                  003f362a    00000002     idle_p28L.o28L (.econst:xdc_runtime_HeapStd_A_align__C)
                  003f362c    00000002     idle_p28L.o28L (.econst:xdc_runtime_HeapStd_A_invalidTotalFreeSize__C)
                  003f362e    00000002     idle_p28L.o28L (.econst:xdc_runtime_HeapStd_A_zeroSize__C)
                  003f3630    00000002     idle_p28L.o28L (.econst:xdc_runtime_HeapStd_E_noRTSMemory__C)
                  003f3632    00000002     idle_p28L.o28L (.econst:xdc_runtime_HeapStd_Module__diagsEnabled__C)
                  003f3634    00000002     idle_p28L.o28L (.econst:xdc_runtime_HeapStd_Module__diagsIncluded__C)
                  003f3636    00000002     idle_p28L.o28L (.econst:xdc_runtime_HeapStd_Module__diagsMask__C)
                  003f3638    00000002     idle_p28L.o28L (.econst:xdc_runtime_IFilterLogger_Interface__BASE__C)
                  003f363a    00000002     idle_p28L.o28L (.econst:xdc_runtime_IGateProvider_Interface__BASE__C)
                  003f363c    00000002     idle_p28L.o28L (.econst:xdc_runtime_IHeap_Interface__BASE__C)
                  003f363e    00000002     idle_p28L.o28L (.econst:xdc_runtime_ILogger_Interface__BASE__C)
                  003f3640    00000002     idle_p28L.o28L (.econst:xdc_runtime_IModule_Interface__BASE__C)
                  003f3642    00000002     idle_p28L.o28L (.econst:xdc_runtime_Log_L_error__C)
                  003f3644    00000002     idle_p28L.o28L (.econst:xdc_runtime_LoggerBuf_E_badLevel__C)
                  003f3646    00000002     idle_p28L.o28L (.econst:xdc_runtime_LoggerBuf_Module__gateObj__C)
                  003f3648    00000002     idle_p28L.o28L (.econst:xdc_runtime_LoggerBuf_statusLogger__C)
                  003f364a    00000002     idle_p28L.o28L (.econst:xdc_runtime_Memory_defaultHeapInstance__C)
                  003f364c    00000002     idle_p28L.o28L (.econst:xdc_runtime_Startup_execImpl__C)
                  003f364e    00000002     idle_p28L.o28L (.econst:xdc_runtime_Startup_firstFxns__A)
                  003f3650    00000002     idle_p28L.o28L (.econst:xdc_runtime_Startup_lastFxns__A)
                  003f3652    00000002     idle_p28L.o28L (.econst:xdc_runtime_Startup_sfxnRts__C)
                  003f3654    00000002     idle_p28L.o28L (.econst:xdc_runtime_Startup_sfxnTab__C)
                  003f3656    00000002     idle_p28L.o28L (.econst:xdc_runtime_SysMin_bufSize__C)
                  003f3658    00000002     idle_p28L.o28L (.econst:xdc_runtime_SysMin_outputFunc__C)
                  003f365a    00000002     idle_p28L.o28L (.econst:xdc_runtime_System_Module__gateObj__C)
                  003f365c    00000002     idle_p28L.o28L (.econst:xdc_runtime_System_abortFxn__C)
                  003f365e    00000002     idle_p28L.o28L (.econst:xdc_runtime_System_exitFxn__C)
                  003f3660    00000002     idle_p28L.o28L (.econst:xdc_runtime_System_extendFxn__C)
                  003f3662    00000002     idle_p28L.o28L (.econst:xdc_runtime_Text_charTab__C)
                  003f3664    00000002     idle_p28L.o28L (.econst:xdc_runtime_Text_nameEmpty__C)
                  003f3666    00000002     idle_p28L.o28L (.econst:xdc_runtime_Text_nameStatic__C)
                  003f3668    00000002     idle_p28L.o28L (.econst:xdc_runtime_Text_nameUnknown__C)
                  003f366a    00000002     idle_p28L.o28L (.econst:xdc_runtime_Text_nodeTab__C)
                  003f366c    00000002     idle_p28L.o28L (.econst:xdc_runtime_Text_visitRopeFxn__C)
                  003f366e    00000001     idle_p28L.o28L (.econst:ti_sysbios_knl_Swi_Object__count__C)
                  003f366f    00000001     idle_p28L.o28L (.econst:ti_sysbios_knl_Task_Module__id__C)
                  003f3670    00000001     idle_p28L.o28L (.econst:ti_sysbios_knl_Task_Object__count__C)
                  003f3671    00000001     idle_p28L.o28L (.econst:ti_sysbios_knl_Task_numConstructedTasks__C)
                  003f3672    00000001     idle_p28L.o28L (.econst:xdc_runtime_Core_Module__id__C)
                  003f3673    00000001     idle_p28L.o28L (.econst:xdc_runtime_Error_Module__loggerDefined__C)
                  003f3674    00000001     idle_p28L.o28L (.econst:xdc_runtime_Error_maxDepth__C)
                  003f3675    00000001     idle_p28L.o28L (.econst:xdc_runtime_Error_policy__C)
                  003f3676    00000001     idle_p28L.o28L (.econst:xdc_runtime_HeapStd_Module__id__C)
                  003f3677    00000001     idle_p28L.o28L (.econst:xdc_runtime_LoggerBuf_Module__id__C)
                  003f3678    00000001     idle_p28L.o28L (.econst:xdc_runtime_LoggerBuf_Object__count__C)
                  003f3679    00000001     idle_p28L.o28L (.econst:xdc_runtime_LoggerBuf_filterByLevel__C)
                  003f367a    00000001     idle_p28L.o28L (.econst:xdc_runtime_Memory_Module__id__C)
                  003f367b    00000001     idle_p28L.o28L (.econst:xdc_runtime_Startup_maxPasses__C)
                  003f367c    00000001     idle_p28L.o28L (.econst:xdc_runtime_SysMin_flushAtExit__C)
                  003f367d    00000001     idle_p28L.o28L (.econst:xdc_runtime_System_maxAtexitHandlers__C)
                  003f367e    00000001     idle_p28L.o28L (.econst:xdc_runtime_Text_charCnt__C)
                  003f367f    00000001     idle_p28L.o28L (.econst:xdc_runtime_Text_isLoaded__C)
                  003f3680    00000001     idle_p28L.o28L (.econst:xdc_runtime_Text_registryModsLastId__C)
                  003f3681    00000001     idle_p28L.o28L (.econst:xdc_runtime_Text_unnamedModsLastId__C)

.cinit     0    003f3682    0000039a     
                  003f3682    00000364     idle_p28L.o28L (.cinit)
                  003f39e6    0000001c     idle.obj (.cinit)
                  003f3a02    0000000e     rts2800_ml.lib : exit.c.obj (.cinit)
                  003f3a10    00000005                    : _lock.c.obj (.cinit:__lock)
                  003f3a15    00000005                    : _lock.c.obj (.cinit:__unlock)
                  003f3a1a    00000002     --HOLE-- [fill = 0]

.switch    0    003f3a1c    0000001c     
                  003f3a1c    0000001c     sysbios.a28L : BIOS.obj (.switch:_ti_sysbios_family_c28_Hwi_clearInterrupt__E)

.ebss      1    00000000    0000062e     UNINITIALIZED
                  00000000    00000500     idle_p28L.o28L (.ebss)
                  00000500    00000100     idle_p28L.o28L (.ebss:taskStackSection)
                  00000600    0000001c     idle.obj (.ebss)
                  0000061c    00000008     rts2800_ml.lib : hostopen.c.obj (.ebss)
                  00000624    00000006                    : exit.c.obj (.ebss)
                  0000062a    00000002                    : _lock.c.obj (.ebss:__lock)
                  0000062c    00000002                    : _lock.c.obj (.ebss:__unlock)

DevEmuRegsFile 
*          1    00000880    00000004     UNINITIALIZED
                  00000880    00000004     F2802x_GlobalVariableDefs.obj (DevEmuRegsFile)

SysPwrCtrlRegsFile 
*          1    00000985    00000003     UNINITIALIZED
                  00000985    00000003     F2802x_GlobalVariableDefs.obj (SysPwrCtrlRegsFile)

FlashRegsFile 
*          1    00000a80    00000008     UNINITIALIZED
                  00000a80    00000008     F2802x_GlobalVariableDefs.obj (FlashRegsFile)

CsmRegsFile 
*          1    00000ae0    00000010     UNINITIALIZED
                  00000ae0    00000010     F2802x_GlobalVariableDefs.obj (CsmRegsFile)

AdcResultFile 
*          1    00000b00    00000020     UNINITIALIZED
                  00000b00    00000020     F2802x_GlobalVariableDefs.obj (AdcResultFile)

CpuTimer0RegsFile 
*          1    00000c00    00000008     UNINITIALIZED
                  00000c00    00000008     F2802x_GlobalVariableDefs.obj (CpuTimer0RegsFile)

CpuTimer1RegsFile 
*          1    00000c08    00000008     UNINITIALIZED
                  00000c08    00000008     F2802x_GlobalVariableDefs.obj (CpuTimer1RegsFile)

CpuTimer2RegsFile 
*          1    00000c10    00000008     UNINITIALIZED
                  00000c10    00000008     F2802x_GlobalVariableDefs.obj (CpuTimer2RegsFile)

PieCtrlRegsFile 
*          1    00000ce0    0000001a     UNINITIALIZED
                  00000ce0    0000001a     F2802x_GlobalVariableDefs.obj (PieCtrlRegsFile)

Comp1RegsFile 
*          1    00006400    00000020     UNINITIALIZED
                  00006400    00000020     F2802x_GlobalVariableDefs.obj (Comp1RegsFile)

Comp2RegsFile 
*          1    00006420    00000020     UNINITIALIZED
                  00006420    00000020     F2802x_GlobalVariableDefs.obj (Comp2RegsFile)

EPwm1RegsFile 
*          1    00006800    00000040     UNINITIALIZED
                  00006800    00000040     F2802x_GlobalVariableDefs.obj (EPwm1RegsFile)

EPwm2RegsFile 
*          1    00006840    00000040     UNINITIALIZED
                  00006840    00000040     F2802x_GlobalVariableDefs.obj (EPwm2RegsFile)

EPwm3RegsFile 
*          1    00006880    00000040     UNINITIALIZED
                  00006880    00000040     F2802x_GlobalVariableDefs.obj (EPwm3RegsFile)

EPwm4RegsFile 
*          1    000068c0    00000040     UNINITIALIZED
                  000068c0    00000040     F2802x_GlobalVariableDefs.obj (EPwm4RegsFile)

ECap1RegsFile 
*          1    00006a00    00000020     UNINITIALIZED
                  00006a00    00000020     F2802x_GlobalVariableDefs.obj (ECap1RegsFile)

GpioCtrlRegsFile 
*          1    00006f80    00000040     UNINITIALIZED
                  00006f80    00000040     F2802x_GlobalVariableDefs.obj (GpioCtrlRegsFile)

GpioDataRegsFile 
*          1    00006fc0    00000020     UNINITIALIZED
                  00006fc0    00000020     F2802x_GlobalVariableDefs.obj (GpioDataRegsFile)

GpioIntRegsFile 
*          1    00006fe0    0000000a     UNINITIALIZED
                  00006fe0    0000000a     F2802x_GlobalVariableDefs.obj (GpioIntRegsFile)

SysCtrlRegsFile 
*          1    00007010    0000001f     UNINITIALIZED
                  00007010    0000001f     F2802x_GlobalVariableDefs.obj (SysCtrlRegsFile)

SpiaRegsFile 
*          1    00007040    00000010     UNINITIALIZED
                  00007040    00000010     F2802x_GlobalVariableDefs.obj (SpiaRegsFile)

SciaRegsFile 
*          1    00007050    00000010     UNINITIALIZED
                  00007050    00000010     F2802x_GlobalVariableDefs.obj (SciaRegsFile)

NmiIntruptRegsFile 
*          1    00007060    00000010     UNINITIALIZED
                  00007060    00000010     F2802x_GlobalVariableDefs.obj (NmiIntruptRegsFile)

XIntruptRegsFile 
*          1    00007070    00000010     UNINITIALIZED
                  00007070    00000010     F2802x_GlobalVariableDefs.obj (XIntruptRegsFile)

AdcRegsFile 
*          1    00007100    00000051     UNINITIALIZED
                  00007100    00000051     F2802x_GlobalVariableDefs.obj (AdcRegsFile)

I2caRegsFile 
*          1    00007900    00000022     UNINITIALIZED
                  00007900    00000022     F2802x_GlobalVariableDefs.obj (I2caRegsFile)

PartIdRegsFile 
*          1    003d7fff    00000001     UNINITIALIZED
                  003d7fff    00000001     F2802x_GlobalVariableDefs.obj (PartIdRegsFile)

CsmPwlFile 
*          1    003f7ff8    00000008     UNINITIALIZED
                  003f7ff8    00000008     F2802x_GlobalVariableDefs.obj (CsmPwlFile)

.pinit     0    003f0000    00000000     UNINITIALIZED

.text      0    003f0000    00001ed2     
                  003f0000    00000223     ti.targets.rts2800.a28L : System.o28L (.text:_xdc_runtime_System_doPrint__I)
                  003f0223    00000107     rts2800_ml.lib : ll_div28.asm.obj (.text)
                  003f032a    000000ee     ti.targets.rts2800.a28L : HeapStd.o28L (.text:_xdc_runtime_HeapStd_alloc__E)
                  003f0418    000000e1     sysbios.a28L : BIOS.obj (.text:_ti_sysbios_family_c28_Hwi_clearInterrupt__E)
                  003f04f9    000000cd     idle.obj (.text)
                  003f05c6    000000cc     DeviceInit_18Nov2018.obj (.text)
                  003f0692    000000b5     ti.targets.rts2800.a28L : LoggerBuf.o28L (.text:_xdc_runtime_LoggerBuf_write8__E)
                  003f0747    000000b0     idle_p28L.o28L (.text:_xdc_runtime_System_printfExtend__I)
                  003f07f7    0000009f     ti.targets.rts2800.a28L : Core-mem.o28L (.text:_xdc_runtime_Core_createObject__I)
                  003f0896    00000094     rts2800_ml.lib : trgmsg.c.obj (.text)
                  003f092a    0000008e     sysbios.a28L : BIOS.obj (.text:_ti_sysbios_family_c28_Hwi_enableInterrupt__E)
                  003f09b8    0000008c     ti.targets.rts2800.a28L : Error.o28L (.text:_xdc_runtime_Error_policyDefault__E)
                  003f0a44    00000085     sysbios.a28L : c28_Hwi_disp_asm.obj (.text:_ti_sysbios_family_c28_Hwi_dispatch)
                  003f0ac9    00000082     ti.targets.rts2800.a28L : HeapStd.o28L (.text:_xdc_runtime_HeapStd_Instance_init__E)
                  003f0b4b    00000081     sysbios.a28L : BIOS.obj (.text:_ti_sysbios_family_c28_Hwi_disableInterrupt__E)
                  003f0bcc    00000080                  : BIOS.obj (.text:_ti_sysbios_family_c28_Hwi_disablePIEIER__E)
                  003f0c4c    0000007f                  : BIOS.obj (.text:_ti_sysbios_family_c28_Hwi_enablePIEIER__E)
                  003f0ccb    00000079     ti.targets.rts2800.a28L : LoggerBuf.o28L (.text:_xdc_runtime_LoggerBuf_write4__E)
                  003f0d44    00000073     sysbios.a28L : BIOS.obj (.text:_ti_sysbios_knl_Task_checkStacks__E)
                  003f0db7    00000071     ti.targets.rts2800.a28L : Startup.o28L (.text:_xdc_runtime_Startup_startMods__I)
                  003f0e28    0000006c                             : HeapStd.o28L (.text:_xdc_runtime_HeapStd_free__E)
                  003f0e94    00000067     boot.a28L : boot_cg.o28L (.text)
                  003f0efb    00000066     sysbios.a28L : BIOS.obj (.text:_ti_sysbios_family_c28_Timer_stopAndClear__I)
                  003f0f61    0000005d     ti.targets.rts2800.a28L : Text.o28L (.text:_xdc_runtime_Text_putSite__E)
                  003f0fbe    0000004d     sysbios.a28L : BIOS.obj (.text:_ti_sysbios_family_c28_Hwi_dispatchCore__I)
                  003f100b    00000048                  : BIOS.obj (.text:_ti_sysbios_knl_Task_postInit__I)
                  003f1053    00000047                  : BIOS.obj (.text:_ti_sysbios_family_c28_Hwi_Module_startup__E)
                  003f109a    00000041     ti.targets.rts2800.a28L : Text.o28L (.text:_xdc_runtime_Text_putLab__E)
                  003f10db    0000003f                             : Text.o28L (.text:_xdc_runtime_Text_putMod__E)
                  003f111a    0000003e                             : Memory.o28L (.text:_xdc_runtime_Memory_alloc__E)
                  003f1158    0000003d                             : Core-mem.o28L (.text:_xdc_runtime_Core_deleteObject__I)
                  003f1195    0000003d                             : LoggerBuf.o28L (.text:_xdc_runtime_LoggerBuf_getFilterLevel__E)
                  003f11d2    0000003c     sysbios.a28L : BIOS.obj (.text:_ti_sysbios_family_c28_Timer_postInit__I)
                  003f120e    0000003c                  : BIOS.obj (.text:_ti_sysbios_knl_Swi_restoreHwi__E)
                  003f124a    0000003c                  : BIOS.obj (.text:_ti_sysbios_knl_Swi_run__I)
                  003f1286    0000003c     ti.targets.rts2800.a28L : LoggerBuf.o28L (.text:_xdc_runtime_LoggerBuf_setFilterLevel__E)
                  003f12c2    00000038     sysbios.a28L : BIOS.obj (.text:_ti_sysbios_family_c28_TaskSupport_start__E)
                  003f12fa    00000038     rts2800_ml.lib : hostwrite.c.obj (.text)
                  003f1332    00000035     sysbios.a28L : BIOS.obj (.text:_ti_sysbios_knl_Task_startCore__E)
                  003f1367    00000033     ti.targets.rts2800.a28L : System.o28L (.text:_xdc_runtime_System_formatNum__I)
                  003f139a    00000032     sysbios.a28L : BIOS.obj (.text:_ti_sysbios_knl_Task_Module_startup__E)
                  003f13cc    00000030     ti.targets.rts2800.a28L : Error.o28L (.text:_xdc_runtime_Error_print__E)
                  003f13fc    0000002f                             : LoggerBuf.o28L (.text:_xdc_runtime_LoggerBuf_Instance_init__E)
                  003f142b    0000002f                             : Startup.o28L (.text:_xdc_runtime_Startup_exec__E)
                  003f145a    0000002e     Boot.a28L : Boot.o28L (.text:.bootCodeSection:_ti_catalog_c2800_init_Boot_configurePll2802x)
                  003f1488    0000002e     sysbios.a28L : BIOS.obj (.text:_ti_sysbios_knl_Swi_runLoop__I)
                  003f14b6    0000002e                  : BIOS.obj (.text:_ti_sysbios_knl_Swi_schedule__I)
                  003f14e4    0000002e                  : BIOS.obj (.text:_ti_sysbios_knl_Task_schedule__I)
                  003f1512    0000002d                  : BIOS.obj (.text:_ti_sysbios_family_c28_Hwi_getInterruptFlag__E)
                  003f153f    0000002d     ti.targets.rts2800.a28L : Assert.o28L (.text:_xdc_runtime_Assert_raise__I)
                  003f156c    0000002d                             : Core-params.o28L (.text:_xdc_runtime_Core_assignParams__I)
                  003f1599    0000002d                             : Text.o28L (.text:_xdc_runtime_Text_visitRope2__I)
                  003f15c6    0000002c     sysbios.a28L : BIOS.obj (.text:_ti_sysbios_family_c28_Timer_start__E)
                  003f15f2    0000002c     idle_p28L.o28L (.text:_xdc_runtime_LoggerBuf_Object__create__S)
                  003f161e    0000002b     idle_p28L.o28L (.text:_xdc_runtime_HeapStd_Object__create__S)
                  003f1649    0000002a     ti.targets.rts2800.a28L : Error.o28L (.text:_xdc_runtime_Error_setX__E)
                  003f1673    00000029     sysbios.a28L : BIOS.obj (.text:_ti_sysbios_family_c28_Hwi_getStackInfo__E)
                  003f169c    00000029                  : BIOS.obj (.text:_ti_sysbios_family_c28_Hwi_unPluggedInterrupt__I)
                  003f16c5    00000029     ti.targets.rts2800.a28L : Text.o28L (.text:_xdc_runtime_Text_xprintf__I)
                  003f16ee    00000029     rts2800_ml.lib : exit.c.obj (.text)
                  003f1717    00000028     sysbios.a28L : BIOS.obj (.text:_ti_sysbios_family_c28_Timer_getExpiredCounts64__E)
                  003f173f    00000026     ti.targets.rts2800.a28L : SysMin.o28L (.text:_xdc_runtime_SysMin_flush__E)
                  003f1765    00000024     rts2800_ml.lib : cpy_tbl.c.obj (.text)
                  003f1789    00000023     ti.targets.rts2800.a28L : System.o28L (.text:_xdc_runtime_System_processAtExit__E)
                  003f17ac    00000022     sysbios.a28L : BIOS.obj (.text:_ti_sysbios_knl_Swi_post__E)
                  003f17ce    00000022                  : BIOS.obj (.text:_ti_sysbios_knl_Task_blockI__E)
                  003f17f0    00000020                  : BIOS.obj (.text:_ti_sysbios_family_c28_Timer_setPrescale__E)
                  003f1810    00000020                  : BIOS.obj (.text:_ti_sysbios_knl_Task_allBlockedFunction__I)
                  003f1830    00000020                  : BIOS.obj (.text:_ti_sysbios_knl_Task_exit__E)
                  003f1850    0000001e     ti.targets.rts2800.a28L : LoggerBuf.o28L (.text:_xdc_runtime_LoggerBuf_filterOutEvent__I)
                  003f186e    0000001e                             : System.o28L (.text:_xdc_runtime_System_atexit__E)
                  003f188c    0000001d     sysbios.a28L : c28_TaskSupport_asm.obj (.text:_ti_sysbios_family_c28_TaskSupport_buildTaskStack)
                  003f18a9    0000001d     idle_p28L.o28L (.text:_ti_sysbios_gates_GateHwi_Object__create__S)
                  003f18c6    0000001d     ti.targets.rts2800.a28L : SysMin.o28L (.text:_xdc_runtime_SysMin_putch__E)
                  003f18e3    0000001d     rts2800_ml.lib : memcpy.c.obj (.text)
                  003f1900    0000001b     sysbios.a28L : c28_Hwi_asm.obj (.text:_ti_sysbios_family_c28_Hwi_switchAndDispatch__I)
                  003f191b    0000001b                  : BIOS.obj (.text:_ti_sysbios_hal_Hwi_checkStack)
                  003f1936    0000001b                  : BIOS.obj (.text:_ti_sysbios_knl_Task_processVitalTaskFlag__I)
                  003f1951    0000001b                  : BIOS.obj (.text:_ti_sysbios_knl_Task_restore__E)
                  003f196c    0000001b     idle_p28L.o28L (.text:_xdc_runtime_SysMin_output__I)
                  003f1987    0000001a     sysbios.a28L : BIOS.obj (.text:_ti_sysbios_hal_Hwi_initStack)
                  003f19a1    0000001a     ti.targets.rts2800.a28L : Core-label.o28L (.text:_xdc_runtime_Core_assignLabel__I)
                  003f19bb    0000001a                             : System.o28L (.text:_xdc_runtime_System_avprintf__E)
                  003f19d5    00000019     sysbios.a28L : BIOS.obj (.text:_ti_sysbios_knl_Swi_restore__E)
                  003f19ee    00000019     ti.targets.rts2800.a28L : System.o28L (.text:_xdc_runtime_System_vprintf__E)
                  003f1a07    00000019     rts2800_ml.lib : args_main.c.obj (.text)
                  003f1a20    00000018     sysbios.a28L : c28_Hwi_asm.obj (.text:_ti_sysbios_family_xxx_Hwi_switchAndRunFunc)
                  003f1a38    00000018     ti.targets.rts2800.a28L : Memory.o28L (.text:_xdc_runtime_Memory_valloc__E)
                  003f1a50    00000018                             : System.o28L (.text:_xdc_runtime_System_putchar__I)
                  003f1a68    00000017     sysbios.a28L : BIOS.obj (.text:_ti_sysbios_family_c28_Timer_startup__E)
                  003f1a7f    00000017                  : BIOS.obj (.text:_ti_sysbios_knl_Task_unblockI__E)
                  003f1a96    00000017     ti.targets.rts2800.a28L : LoggerBuf.o28L (.text:_xdc_runtime_LoggerBuf_Module_startup__E)
                  003f1aad    00000017                             : SysMin.o28L (.text:_xdc_runtime_SysMin_abort__E)
                  003f1ac4    00000016     idle_p28L.o28L (.text:_ti_sysbios_BIOS_atExitFunc__I)
                  003f1ada    00000016     sysbios.a28L : BIOS.obj (.text:_ti_sysbios_family_c28_Timer_Module_startup__E)
                  003f1af0    00000016     ti.targets.rts2800.a28L : LoggerBuf.o28L (.text:_xdc_runtime_LoggerBuf_reset__E)
                  003f1b06    00000015     sysbios.a28L : BIOS.obj (.text:_ti_sysbios_knl_Swi_Module_startup__E)
                  003f1b1b    00000015                  : BIOS.obj (.text:_ti_sysbios_knl_Task_restoreHwi__E)
                  003f1b30    00000015     ti.targets.rts2800.a28L : Text.o28L (.text:_xdc_runtime_Text_printVisFxn__I)
                  003f1b45    00000014     sysbios.a28L : BIOS.obj (.text:_ti_sysbios_knl_Idle_run__E)
                  003f1b59    00000013     idle_p28L.o28L (.text:_ti_sysbios_BIOS_startFunc__I)
                  003f1b6c    00000012     idle_p28L.o28L (.text:_ti_sysbios_gates_GateHwi_Object__delete__S)
                  003f1b7e    00000012     idle_p28L.o28L (.text:_xdc_runtime_LoggerBuf_Object__delete__S)
                  003f1b90    00000011     idle_p28L.o28L (.text:_xdc_runtime_HeapStd_Object__delete__S)
                  003f1ba1    00000011     ti.targets.rts2800.a28L : Text.o28L (.text:_xdc_runtime_Text_cordText__E)
                  003f1bb2    00000010     DelayUs.obj (.text)
                  003f1bc2    00000010     sysbios.a28L : BIOS.obj (.text:_ti_sysbios_family_c28_Timer_stop__E)
                  003f1bd2    00000010                  : BIOS.obj (.text:_ti_sysbios_family_c28_TimestampProvider_get64__E)
                  003f1be2    00000010     ti.targets.rts2800.a28L : SysMin.o28L (.text:_xdc_runtime_SysMin_Module_startup__E)
                  003f1bf2    0000000f     Boot.a28L : Boot.o28L (.text:.bootCodeSection:_ti_catalog_c2800_init_Boot_disableWatchdog)
                  003f1c01    0000000f     ti.targets.rts2800.a28L : Error.o28L (.text:_xdc_runtime_Error_raiseX__E)
                  003f1c10    0000000f                             : Registry.o28L (.text:_xdc_runtime_Registry_findById__E)
                  003f1c1f    0000000e     idle_p28L.o28L (.text:_ti_sysbios_BIOS_errorRaiseHook__I)
                  003f1c2d    0000000e     idle_p28L.o28L (.text:_ti_sysbios_knl_Swi_Object__get__S)
                  003f1c3b    0000000e     idle_p28L.o28L (.text:_ti_sysbios_knl_Task_Object__get__S)
                  003f1c49    0000000e     idle_p28L.o28L (.text:_xdc_runtime_LoggerBuf_Object__get__S)
                  003f1c57    0000000d     sysbios.a28L : BIOS.obj (.text:_ti_sysbios_family_c28_Hwi_dispatchC__I)
                  003f1c64    0000000d                  : BIOS.obj (.text:_ti_sysbios_family_c28_TaskSupport_checkStack__E)
                  003f1c71    0000000d                  : c28_TaskSupport_asm.obj (.text:_ti_sysbios_family_c28_TaskSupport_swap__E)
                  003f1c7e    0000000d     idle_p28L.o28L (.text:_ti_sysbios_gates_GateHwi_Handle__label__S)
                  003f1c8b    0000000d     sysbios.a28L : BIOS.obj (.text:_ti_sysbios_knl_Task_enter__I)
                  003f1c98    0000000d     ti.targets.rts2800.a28L : Error.o28L (.text:_xdc_runtime_Error_check__E)
                  003f1ca5    0000000d     idle_p28L.o28L (.text:_xdc_runtime_HeapStd_Handle__label__S)
                  003f1cb2    0000000d     idle_p28L.o28L (.text:_xdc_runtime_LoggerBuf_Handle__label__S)
                  003f1cbf    0000000d     ti.targets.rts2800.a28L : System.o28L (.text:_xdc_runtime_System_abort__E)
                  003f1ccc    0000000c     idle_p28L.o28L (.text:_ti_sysbios_family_c28_Hwi_disableIER__E)
                  003f1cd8    0000000c     sysbios.a28L : BIOS.obj (.text:_ti_sysbios_knl_Queue_put__E)
                  003f1ce4    0000000c     ti.targets.rts2800.a28L : LoggerBuf.o28L (.text:_xdc_runtime_LoggerBuf_write2__E)
                  003f1cf0    0000000c                             : SysMin.o28L (.text:_xdc_runtime_SysMin_exit__E)
                  003f1cfc    0000000c     rts2800_ml.lib : memset.c.obj (.text)
                  003f1d08    0000000b     idle_p28L.o28L (.text:_ti_sysbios_family_c28_Hwi_Module__startupDone__F)
                  003f1d13    0000000b     idle_p28L.o28L (.text:_ti_sysbios_family_c28_Hwi_Object__get__S)
                  003f1d1e    0000000b     idle_p28L.o28L (.text:_ti_sysbios_family_c28_Hwi_enableIER__E)
                  003f1d29    0000000b     idle_p28L.o28L (.text:_ti_sysbios_knl_Queue_Object__get__S)
                  003f1d34    0000000b     ti.targets.rts2800.a28L : LoggerBuf.o28L (.text:_xdc_runtime_LoggerBuf_Instance_finalize__E)
                  003f1d3f    0000000b                             : LoggerBuf.o28L (.text:_xdc_runtime_LoggerBuf_write1__E)
                  003f1d4a    0000000b                             : Memory.o28L (.text:_xdc_runtime_Memory_free__E)
                  003f1d55    0000000b                             : System.o28L (.text:_xdc_runtime_System_exit__E)
                  003f1d60    0000000a     idle_p28L.o28L (.text:_ti_sysbios_BIOS_exitFunc__I)
                  003f1d6a    0000000a     ti.targets.rts2800.a28L : Error.o28L (.text:_xdc_runtime_Error_init__E)
                  003f1d74    0000000a                             : LoggerBuf.o28L (.text:_xdc_runtime_LoggerBuf_write0__E)
                  003f1d7e    0000000a                             : System.o28L (.text:_xdc_runtime_System_vsnprintf__E)
                  003f1d88    0000000a                             : Text.o28L (.text:_xdc_runtime_Text_ropeText__E)
                  003f1d92    00000009     idle_p28L.o28L (.text:_ti_sysbios_family_c28_Hwi_restoreIER__E)
                  003f1d9b    00000009     sysbios.a28L : c28_TaskSupport_asm.obj (.text:_ti_sysbios_family_c28_TaskSupport_glue)
                  003f1da4    00000009                  : BIOS.obj (.text:_ti_sysbios_hal_Hwi_Module_startup__E)
                  003f1dad    00000009     idle_p28L.o28L (.text:_ti_sysbios_knl_Task_SupportProxy_start__E)
                  003f1db6    00000009     sysbios.a28L : BIOS.obj (.text:_ti_sysbios_knl_Task_unblock__E)
                  003f1dbf    00000009     idle_p28L.o28L (.text:_xdc_runtime_Startup_exec__I)
                  003f1dc8    00000009     idle_p28L.o28L (.text:_xdc_runtime_Text_visitRope__I)
                  003f1dd1    00000009     rts2800_ml.lib : _lock.c.obj (.text)
                  003f1dda    00000008     sysbios.a28L : BIOS.obj (.text:_ti_sysbios_BIOS_setThreadType__E)
                  003f1de2    00000008     idle_p28L.o28L (.text:_xdc_runtime_IHeap_alloc)
                  003f1dea    00000008     ti.targets.rts2800.a28L : Memory.o28L (.text:_xdc_runtime_Memory_calloc__E)
                  003f1df2    00000008                             : SysMin.o28L (.text:_xdc_runtime_SysMin_ready__E)
                  003f1dfa    00000008     rts2800_ml.lib : strlen.c.obj (.text)
                  003f1e02    00000007     idle_p28L.o28L (.text:.bootCodeSection:_ti_catalog_c2800_init_Boot_init)
                  003f1e09    00000007     ti.targets.rts2800.a28L : HeapStd.o28L (.text:_xdc_runtime_HeapStd_getStats__E)
                  003f1e10    00000007     idle_p28L.o28L (.text:_xdc_runtime_System_aprintf__E)
                  003f1e17    00000007     idle_p28L.o28L (.text:_xdc_runtime_System_printf__E)
                  003f1e1e    00000006     sysbios.a28L : BIOS.obj (.text:_ti_sysbios_BIOS_start__E)
                  003f1e24    00000006                  : c28_IntrinsicsSupport_asm.obj (.text:_ti_sysbios_family_c28_IntrinsicsSupport_maxbit__E)
                  003f1e2a    00000006                  : BIOS.obj (.text:_ti_sysbios_family_c28_TimestampProvider_rolloverFunc__E)
                  003f1e30    00000006                  : BIOS.obj (.text:_ti_sysbios_family_c28_TimestampProvider_startTimer__E)
                  003f1e36    00000006                  : BIOS.obj (.text:_ti_sysbios_knl_Swi_disable__E)
                  003f1e3c    00000006                  : BIOS.obj (.text:_ti_sysbios_knl_Task_disable__E)
                  003f1e42    00000006     ti.targets.rts2800.a28L : Gate.o28L (.text:_xdc_runtime_Gate_enterSystem__E)
                  003f1e48    00000006                             : Gate.o28L (.text:_xdc_runtime_Gate_leaveSystem__E)
                  003f1e4e    00000006                             : LoggerBuf.o28L (.text:_xdc_runtime_LoggerBuf_enable__E)
                  003f1e54    00000005     sysbios.a28L : BIOS.obj (.text:_ti_sysbios_family_c28_Hwi_switchFromBootStack__E)
                  003f1e59    00000005                  : BIOS.obj (.text:_ti_sysbios_gates_GateHwi_enter__E)
                  003f1e5e    00000005     ti.targets.rts2800.a28L : LoggerBuf.o28L (.text:_xdc_runtime_LoggerBuf_disable__E)
                  003f1e63    00000004     idle_p28L.o28L (.text:_ti_sysbios_family_c28_Hwi_startup__E)
                  003f1e67    00000004     sysbios.a28L : BIOS.obj (.text:_ti_sysbios_knl_Swi_startup__E)
                  003f1e6b    00000004     idle_p28L.o28L (.text:_xdc_runtime_IHeap_free)
                  003f1e6f    00000004     ti.targets.rts2800.a28L : Memory.o28L (.text:_xdc_runtime_Memory_getMaxDefaultTypeAlign__E)
                  003f1e73    00000004                             : Startup.o28L (.text:_xdc_runtime_Startup_rtsDone__E)
                  003f1e77    00000003                             : xdc_noinit.o28L (.text:___xdc__init)
                  003f1e7a    00000003     idle_p28L.o28L (.text:_ti_catalog_c2800_init_Boot_limpAbort)
                  003f1e7d    00000003     sysbios.a28L : c28_Hwi_asm.obj (.text:_ti_sysbios_family_c28_Hwi_getIFR__I)
                  003f1e80    00000003                  : BIOS.obj (.text:_ti_sysbios_family_c28_TimestampProvider_Module_startup__E)
                  003f1e83    00000003                  : BIOS.obj (.text:_ti_sysbios_gates_GateHwi_leave__E)
                  003f1e86    00000003     idle_p28L.o28L (.text:_ti_sysbios_hal_Hwi_HwiProxy_getStackInfo__E)
                  003f1e89    00000003     idle_p28L.o28L (.text:_ti_sysbios_hal_Hwi_HwiProxy_switchFromBootStack__E)
                  003f1e8c    00000003     sysbios.a28L : BIOS.obj (.text:_ti_sysbios_hal_Hwi_startup__E)
                  003f1e8f    00000003                  : BIOS.obj (.text:_ti_sysbios_knl_Idle_loop__E)
                  003f1e92    00000003     idle_p28L.o28L (.text:_ti_sysbios_knl_Task_SupportProxy_checkStack__E)
                  003f1e95    00000003     idle_p28L.o28L (.text:_ti_sysbios_knl_Task_SupportProxy_swap__E)
                  003f1e98    00000003     sysbios.a28L : BIOS.obj (.text:_ti_sysbios_knl_Task_startup__E)
                  003f1e9b    00000003     idle_p28L.o28L (.text:_xdc_runtime_LoggerBuf_Module_GateProxy_enter__E)
                  003f1e9e    00000003     idle_p28L.o28L (.text:_xdc_runtime_LoggerBuf_Module_GateProxy_leave__E)
                  003f1ea1    00000003     idle_p28L.o28L (.text:_xdc_runtime_LoggerBuf_TimestampProxy_get64__E)
                  003f1ea4    00000003     idle_p28L.o28L (.text:_xdc_runtime_System_Module_GateProxy_enter__E)
                  003f1ea7    00000003     idle_p28L.o28L (.text:_xdc_runtime_System_Module_GateProxy_leave__E)
                  003f1eaa    00000003     ti.targets.rts2800.a28L : System.o28L (.text:_xdc_runtime_System_Module_startup__E)
                  003f1ead    00000003     idle_p28L.o28L (.text:_xdc_runtime_System_SupportProxy_abort__E)
                  003f1eb0    00000003     idle_p28L.o28L (.text:_xdc_runtime_System_SupportProxy_exit__E)
                  003f1eb3    00000003     idle_p28L.o28L (.text:_xdc_runtime_System_SupportProxy_putch__E)
                  003f1eb6    00000003     idle_p28L.o28L (.text:_xdc_runtime_System_SupportProxy_ready__E)
                  003f1eb9    00000003     ti.targets.rts2800.a28L : System.o28L (.text:_xdc_runtime_System_abortStd__E)
                  003f1ebc    00000003                             : System.o28L (.text:_xdc_runtime_System_exitStd__E)
                  003f1ebf    00000002     idle_p28L.o28L (.text:_malloc)
                  003f1ec1    00000002     Boot.a28L : Boot.o28L (.text:_ti_catalog_c2800_init_Boot_defaultLimpAbortFunction)
                  003f1ec3    00000002     idle_p28L.o28L (.text:_ti_sysbios_family_c28_TaskSupport_Module__startupDone__S)
                  003f1ec5    00000002     sysbios.a28L : BIOS.obj (.text:_ti_sysbios_gates_GateHwi_query__E)
                  003f1ec7    00000002     ti.targets.rts2800.a28L : Error.o28L (.text:_xdc_runtime_Error_getSite__E)
                  003f1ec9    00000002                             : HeapStd.o28L (.text:_xdc_runtime_HeapStd_isBlocking__E)
                  003f1ecb    00000002     rts2800_ml.lib : pre_init.c.obj (.text)
                  003f1ecd    00000001     idle_p28L.o28L (.text:_free)
                  003f1ece    00000001     sysbios.a28L : BIOS.obj (.text:_ti_sysbios_BIOS_linkedWithIncorrectBootLibrary__E)
                  003f1ecf    00000001                  : c28_Hwi_asm.obj (.text:_ti_sysbios_family_c28_Hwi_interruptReturn__I)
                  003f1ed0    00000001                  : BIOS.obj (.text:_ti_sysbios_gates_GateHwi_Instance_init__E)
                  003f1ed1    00000001     rts2800_ml.lib : startup.c.obj (.text)

ramfuncs   1    00008000    00000000     UNINITIALIZED

.stack     1    0000062e    00000100     UNINITIALIZED
                  0000062e    00000100     --HOLE--

.cio       1    00008000    00000120     UNINITIALIZED
                  00008000    00000120     rts2800_ml.lib : trgmsg.c.obj (.cio)

xdc.meta   0    00000000    00000105     COPY SECTION
                  00000000    00000105     idle_p28L.o28L (xdc.meta)

.binit     0    003d7800    00000000     

MODULE SUMMARY

       Module                          code   initialized data   uninitialized data
       ------                          ----   ----------------   ------------------
    .\
       F2802x_GlobalVariableDefs.obj   0      0                  790               
       idle.obj                        205    44                 28                
       DeviceInit_18Nov2018.obj        204    0                  0                 
       DelayUs.obj                     16     0                  0                 
    +--+-------------------------------+------+------------------+--------------------+
       Total:                          425    44                 818               
                                                                                   
    C:\Users\marki\OneDrive\Desktop\Fingerprint_Attendance\12345\idle_TMS320F28027\Debug\configPkg\package\cfg\
       idle_p28L.o28L                  694    6618               1536              
    +--+-------------------------------+------+------------------+--------------------+
       Total:                          694    6618               1536              
                                                                                   
    C:\Users\marki\OneDrive\Desktop\Fingerprint_Attendance\12345\idle_TMS320F28027\src\sysbios\sysbios.a28L
       BIOS.obj                        2474   28                 0                 
       c28_Hwi_disp_asm.obj            133    0                  0                 
       c28_Hwi_asm.obj                 55     0                  0                 
       c28_TaskSupport_asm.obj         51     0                  0                 
       c28_IntrinsicsSupport_asm.obj   6      0                  0                 
    +--+-------------------------------+------+------------------+--------------------+
       Total:                          2719   28                 0                 
                                                                                   
    C:\ti\bios_6_76_02_02\packages\ti\catalog\c2800\init\lib\Boot.a28L
       Boot.o28L                       63     0                  0                 
    +--+-------------------------------+------+------------------+--------------------+
       Total:                          63     0                  0                 
                                                                                   
    C:\ti\bios_6_76_02_02\packages\ti\targets\rts2800\lib\boot.a28L
       boot_cg.o28L                    103    0                  0                 
    +--+-------------------------------+------+------------------+--------------------+
       Total:                          103    0                  0                 
                                                                                   
    C:\ti\bios_6_76_02_02\packages\ti\targets\rts2800\lib\ti.targets.rts2800.a28L
       System.o28L                     781    25                 0                 
       LoggerBuf.o28L                  600    0                  0                 
       HeapStd.o28L                    485    0                  0                 
       Text.o28L                       355    67                 0                 
       Error.o28L                      270    88                 0                 
       Core-mem.o28L                   220    0                  0                 
       Startup.o28L                    164    42                 0                 
       SysMin.o28L                     126    0                  0                 
       Memory.o28L                     109    0                  0                 
       Log.o28L                        0      71                 0                 
       Assert.o28L                     45     5                  0                 
       Core-params.o28L                45     0                  0                 
       Core-label.o28L                 26     0                  0                 
       Registry.o28L                   15     0                  0                 
       Gate.o28L                       12     0                  0                 
       xdc_noinit.o28L                 3      0                  0                 
    +--+-------------------------------+------+------------------+--------------------+
       Total:                          3256   298                0                 
                                                                                   
    C:\ti\ccsv8\tools\compiler\ti-cgt-c2000_18.1.4.LTS\lib\rts2800_ml.lib
       trgmsg.c.obj                    148    0                  288               
       ll_div28.asm.obj                263    0                  0                 
       exit.c.obj                      41     14                 6                 
       hostwrite.c.obj                 56     0                  0                 
       cpy_tbl.c.obj                   36     0                  0                 
       memcpy.c.obj                    29     0                  0                 
       args_main.c.obj                 25     0                  0                 
       _lock.c.obj                     9      10                 4                 
       memset.c.obj                    12     0                  0                 
       hostopen.c.obj                  0      0                  8                 
       strlen.c.obj                    8      0                  0                 
       pre_init.c.obj                  2      0                  0                 
       startup.c.obj                   1      0                  0                 
    +--+-------------------------------+------+------------------+--------------------+
       Total:                          630    24                 306               
                                                                                   
       Stack:                          0      0                  256               
    +--+-------------------------------+------+------------------+--------------------+
       Grand Total:                    7890   7012               2916              


GLOBAL DATA SYMBOLS: SORTED BY DATA PAGE

address     data page           name
--------    ----------------    ----
00000000       0 (00000000)     ___ISA__
00000000       0 (00000000)     _xdc_runtime_Error_Module__state__V
00000002       0 (00000000)     _xdc_runtime_HeapStd_Module__state__V
00000004       0 (00000000)     ___xdc__init__addr
00000006       0 (00000000)     _xdc_runtime_Memory_Module__state__V
00000008       0 (00000000)     _ti_sysbios_knl_Task_Module_State_0_idleTask__A
0000000a       0 (00000000)     _ti_sysbios_gates_GateHwi_Object__table__V
0000000c       0 (00000000)     _xdc_runtime_LoggerBuf_Module__state__V
00000010       0 (00000000)     _xdc_runtime_System_Module__state__V
00000011       0 (00000000)     ___TARG__
00000014       0 (00000000)     _ti_sysbios_family_c28_TimestampProvider_Module__state__V
00000018       0 (00000000)     _xdc_runtime_Registry_Module__state__V
0000001c       0 (00000000)     _ti_sysbios_gates_GateHwi_Module__root__V
00000020       0 (00000000)     _xdc_runtime_Startup_Module__state__V
00000024       0 (00000000)     _ti_sysbios_hal_Hwi_Module__root__V
00000028       0 (00000000)     _xdc_runtime_SysMin_Module__state__V
0000002c       0 (00000000)     _ti_sysbios_family_c28_Timer_Module__root__V
00000030       0 (00000000)     _xdc_runtime_Text_Module__state__V
00000034       0 (00000000)     _ti_sysbios_knl_Task_Module__root__V
00000035       0 (00000000)     ___PLAT__
00000038       0 (00000000)     _xdc_runtime_HeapStd_Module__root__V
0000003c       0 (00000000)     _ti_sysbios_knl_Swi_Module__root__V

00000040       1 (00000040)     _ti_sysbios_family_c28_Hwi_Module__root__V
00000044       1 (00000040)     _ti_sysbios_knl_Queue_Module__root__V
00000048       1 (00000040)     _xdc_runtime_LoggerBuf_Module__root__V
0000004c       1 (00000040)     _xdc_runtime_GateNull_Module__root__V
00000050       1 (00000040)     _xdc_runtime_HeapStd_Object__table__V
00000056       1 (00000040)     _xdc_runtime_System_Module_State_0_atexitHandlers__A
0000005b       1 (00000040)     ___TRDR__
0000005e       1 (00000040)     _ti_sysbios_family_c28_Timer_Module__state__V
00000066       1 (00000040)     _ti_sysbios_knl_Swi_Module__state__V

00000080       2 (00000080)     _xdc_runtime_Error_IgnoreBlock
00000082       2 (00000080)     ___ASM__
00000090       2 (00000080)     _ti_sysbios_family_c28_Hwi_Module__state__V
000000a0       2 (00000080)     _xdc_runtime_LoggerBuf_Object__table__V

000000c0       3 (000000c0)     _ti_sysbios_BIOS_Module__state__V
000000d2       3 (000000c0)     _ti_sysbios_knl_Swi_Object__table__V

00000100       4 (00000100)     _ti_sysbios_knl_Task_Module__state__V

00000140       5 (00000140)     _ti_sysbios_knl_Task_Object__table__V

00000180       6 (00000180)     _ti_sysbios_family_c28_Hwi_Object__table__V

000001c0       7 (000001c0)     _ti_sysbios_family_c28_Timer_Object__table__V

00000200       8 (00000200)     _ti_sysbios_knl_Task_Module_State_0_readyQ__A

00000240       9 (00000240)     _ti_sysbios_knl_Swi_Module_State_0_readyQ__A

00000280       a (00000280)     _xdc_runtime_SysMin_Module_State_0_outbuf__A

00000300       c (00000300)     _ti_sysbios_family_c28_Hwi_Module_State_0_dispatchTable__A

00000400      10 (00000400)     _xdc_runtime_LoggerBuf_Instance_State_0_entryArr__A

00000500      14 (00000500)     _ti_sysbios_knl_Task_Instance_State_0_stack__A

00000600      18 (00000600)     _row1Check
00000601      18 (00000600)     _flagcheck
00000602      18 (00000600)     _row3Check
00000603      18 (00000600)     _pbcount
00000604      18 (00000600)     _temp_reading
00000605      18 (00000600)     _row2Check
00000606      18 (00000600)     _col3Check
00000607      18 (00000600)     _col2Check
00000608      18 (00000600)     _state
00000609      18 (00000600)     _row4Check
0000060a      18 (00000600)     _flag
0000060b      18 (00000600)     _col4Check
0000060c      18 (00000600)     _col1Check
0000060d      18 (00000600)     _Row4
0000060e      18 (00000600)     _Col1
0000060f      18 (00000600)     _Row2
00000610      18 (00000600)     _Row3
00000611      18 (00000600)     _Col4
00000612      18 (00000600)     _Col2
00000613      18 (00000600)     _Col3
00000614      18 (00000600)     _tickCount
00000615      18 (00000600)     _isrFlag
00000616      18 (00000600)     _temp_offset
00000617      18 (00000600)     _Row1
00000618      18 (00000600)     _temp_slope
00000619      18 (00000600)     _key
0000061a      18 (00000600)     _temp_celsius
0000061c      18 (00000600)     _parmbuf
00000624      18 (00000600)     ___TI_enable_exit_profile_output
00000626      18 (00000600)     ___TI_cleanup_ptr
00000628      18 (00000600)     ___TI_dtors_ptr
0000062a      18 (00000600)     __lock
0000062c      18 (00000600)     __unlock
0000062e      18 (00000600)     __stack

00000880      22 (00000880)     _DevEmuRegs

00000985      26 (00000980)     _SysPwrCtrlRegs

00000a80      2a (00000a80)     _FlashRegs

00000ae0      2b (00000ac0)     _CsmRegs

00000b00      2c (00000b00)     _AdcResult

00000c00      30 (00000c00)     _CpuTimer0Regs
00000c08      30 (00000c00)     _CpuTimer1Regs
00000c10      30 (00000c00)     _CpuTimer2Regs

00000ce0      33 (00000cc0)     _PieCtrlRegs

00000d00      34 (00000d00)     _EmuKey
00000d00      34 (00000d00)     _PieVectTable
00000d01      34 (00000d00)     _EmuBMode
00000d02      34 (00000d00)     _Flash_CallbackPtr
00000d04      34 (00000d00)     _Flash_CPUScaleFactor

00006400     190 (00006400)     _Comp1Regs
00006420     190 (00006400)     _Comp2Regs

00006800     1a0 (00006800)     _EPwm1Regs

00006840     1a1 (00006840)     _EPwm2Regs

00006880     1a2 (00006880)     _EPwm3Regs

000068c0     1a3 (000068c0)     _EPwm4Regs

00006a00     1a8 (00006a00)     _ECap1Regs

00006f80     1be (00006f80)     _GpioCtrlRegs

00006fc0     1bf (00006fc0)     _GpioDataRegs
00006fe0     1bf (00006fc0)     _GpioIntRegs

00007010     1c0 (00007000)     _SysCtrlRegs

00007040     1c1 (00007040)     _SpiaRegs
00007050     1c1 (00007040)     _SciaRegs
00007060     1c1 (00007040)     _NmiIntruptRegs
00007070     1c1 (00007040)     _XIntruptRegs

00007100     1c4 (00007100)     _AdcRegs

00007900     1e4 (00007900)     _I2caRegs

00008000     200 (00008000)     __CIOBUF_

003d7fff    f5ff (003d7fc0)     _PartIdRegs

003f1ed2    fc7b (003f1ec0)     _xdc_runtime_Text_charTab__A

003f3232    fcc8 (003f3200)     _ti_sysbios_family_c28_Hwi_vectors

003f339d    fcce (003f3380)     _ti_sysbios_family_c28_Hwi_Module__id__C

003f33f6    fccf (003f33c0)     _xdc_runtime_Text_nodeTab__A

003f3489    fcd2 (003f3480)     _ti_sysbios_family_c28_Hwi_NUM_INTERRUPTS_ALL__C

003f34cd    fcd3 (003f34c0)     _ti_sysbios_family_c28_Hwi_Object__count__C
003f34f8    fcd3 (003f34c0)     _xdc_runtime_LoggerBuf_Module__FXNS__C

003f352f    fcd4 (003f3500)     _ti_sysbios_family_c28_TaskSupport_Module__id__C
003f3530    fcd4 (003f3500)     _xdc_runtime_HeapStd_Module__FXNS__C

003f3544    fcd5 (003f3540)     _ti_sysbios_gates_GateHwi_Module__FXNS__C
003f3556    fcd5 (003f3540)     _xdc_runtime_LoggerBuf_Object__PARAMS__C
003f3568    fcd5 (003f3540)     _xdc_runtime_Startup_sfxnTab__A

003f358a    fcd6 (003f3580)     _ti_sysbios_gates_GateHwi_Object__DESC__C
003f359a    fcd6 (003f3580)     _xdc_runtime_HeapStd_Object__DESC__C
003f35aa    fcd6 (003f3580)     _xdc_runtime_LoggerBuf_Object__DESC__C
003f35ba    fcd6 (003f3580)     _xdc_runtime_HeapStd_Object__PARAMS__C

003f35c8    fcd7 (003f35c0)     _ti_sysbios_gates_GateHwi_Object__PARAMS__C
003f35d4    fcd7 (003f35c0)     _xdc_runtime_Startup_sfxnRts__A
003f35dd    fcd7 (003f35c0)     _ti_sysbios_family_c28_Timer_startupNeeded__C
003f35e3    fcd7 (003f35c0)     _ti_sysbios_hal_Hwi_Module__id__C
003f35e4    fcd7 (003f35c0)     _hwi0
003f35e6    fcd7 (003f35c0)     _swiGetKey
003f35e8    fcd7 (003f35c0)     _ti_sysbios_knl_Idle_funcList__A
003f35ec    fcd7 (003f35c0)     _ti_sysbios_knl_Idle_funcList__C
003f35f0    fcd7 (003f35c0)     _xdc_runtime_Startup_firstFxns__C
003f35f4    fcd7 (003f35c0)     _xdc_runtime_Startup_lastFxns__C
003f35f8    fcd7 (003f35c0)     _ti_sysbios_family_c28_Hwi_A_badIntNum__C
003f35fa    fcd7 (003f35c0)     _ti_sysbios_family_c28_Hwi_A_invalidArg__C
003f35fc    fcd7 (003f35c0)     _ti_sysbios_family_c28_Hwi_E_unpluggedInterrupt__C
003f35fe    fcd7 (003f35c0)     _ti_sysbios_family_c28_Hwi_Module__diagsEnabled__C

003f3600    fcd8 (003f3600)     _ti_sysbios_family_c28_Hwi_Module__diagsIncluded__C
003f3602    fcd8 (003f3600)     _ti_sysbios_family_c28_Hwi_Module__diagsMask__C
003f3604    fcd8 (003f3600)     _ti_sysbios_family_c28_TaskSupport_E_invalidStack__C
003f3606    fcd8 (003f3600)     _ti_sysbios_hal_Hwi_E_stackOverflow__C
003f3608    fcd8 (003f3600)     _ti_sysbios_knl_Task_E_spOutOfBounds__C
003f360a    fcd8 (003f3600)     _ti_sysbios_knl_Task_E_stackOverflow__C
003f360c    fcd8 (003f3600)     _ti_sysbios_knl_Task_Module_State_inactiveQ__O
003f360e    fcd8 (003f3600)     _ti_sysbios_knl_Task_allBlockedFunc__C
003f3610    fcd8 (003f3600)     _xdc_runtime_Assert_E_assertFailed__C
003f3612    fcd8 (003f3600)     _xdc_runtime_Core_A_initializedParams__C
003f3614    fcd8 (003f3600)     _xdc_runtime_Core_Module__diagsEnabled__C
003f3616    fcd8 (003f3600)     _xdc_runtime_Core_Module__diagsIncluded__C
003f3618    fcd8 (003f3600)     _xdc_runtime_Core_Module__diagsMask__C
003f361a    fcd8 (003f3600)     _xdc_runtime_Error_E_memory__C
003f361c    fcd8 (003f3600)     _xdc_runtime_Error_Module__diagsEnabled__C
003f361e    fcd8 (003f3600)     _xdc_runtime_Error_Module__diagsIncluded__C
003f3620    fcd8 (003f3600)     _xdc_runtime_Error_Module__diagsMask__C
003f3622    fcd8 (003f3600)     _xdc_runtime_Error_Module__loggerFxn8__C
003f3624    fcd8 (003f3600)     _xdc_runtime_Error_Module__loggerObj__C
003f3626    fcd8 (003f3600)     _xdc_runtime_Error_policyFxn__C
003f3628    fcd8 (003f3600)     _xdc_runtime_Error_raiseHook__C
003f362a    fcd8 (003f3600)     _xdc_runtime_HeapStd_A_align__C
003f362c    fcd8 (003f3600)     _xdc_runtime_HeapStd_A_invalidTotalFreeSize__C
003f362e    fcd8 (003f3600)     _xdc_runtime_HeapStd_A_zeroSize__C
003f3630    fcd8 (003f3600)     _xdc_runtime_HeapStd_E_noRTSMemory__C
003f3632    fcd8 (003f3600)     _xdc_runtime_HeapStd_Module__diagsEnabled__C
003f3634    fcd8 (003f3600)     _xdc_runtime_HeapStd_Module__diagsIncluded__C
003f3636    fcd8 (003f3600)     _xdc_runtime_HeapStd_Module__diagsMask__C
003f3638    fcd8 (003f3600)     _xdc_runtime_IFilterLogger_Interface__BASE__C
003f363a    fcd8 (003f3600)     _xdc_runtime_IGateProvider_Interface__BASE__C
003f363c    fcd8 (003f3600)     _xdc_runtime_IHeap_Interface__BASE__C
003f363e    fcd8 (003f3600)     _xdc_runtime_ILogger_Interface__BASE__C

003f3640    fcd9 (003f3640)     _xdc_runtime_IModule_Interface__BASE__C
003f3642    fcd9 (003f3640)     _xdc_runtime_Log_L_error__C
003f3644    fcd9 (003f3640)     _xdc_runtime_LoggerBuf_E_badLevel__C
003f3646    fcd9 (003f3640)     _xdc_runtime_LoggerBuf_Module__gateObj__C
003f3648    fcd9 (003f3640)     _xdc_runtime_LoggerBuf_statusLogger__C
003f364a    fcd9 (003f3640)     _xdc_runtime_Memory_defaultHeapInstance__C
003f364c    fcd9 (003f3640)     _xdc_runtime_Startup_execImpl__C
003f364e    fcd9 (003f3640)     _xdc_runtime_Startup_firstFxns__A
003f3650    fcd9 (003f3640)     _xdc_runtime_Startup_lastFxns__A
003f3652    fcd9 (003f3640)     _xdc_runtime_Startup_sfxnRts__C
003f3654    fcd9 (003f3640)     _xdc_runtime_Startup_sfxnTab__C
003f3656    fcd9 (003f3640)     _xdc_runtime_SysMin_bufSize__C
003f3658    fcd9 (003f3640)     _xdc_runtime_SysMin_outputFunc__C
003f365a    fcd9 (003f3640)     _xdc_runtime_System_Module__gateObj__C
003f365c    fcd9 (003f3640)     _xdc_runtime_System_abortFxn__C
003f365e    fcd9 (003f3640)     _xdc_runtime_System_exitFxn__C
003f3660    fcd9 (003f3640)     _xdc_runtime_System_extendFxn__C
003f3662    fcd9 (003f3640)     _xdc_runtime_Text_charTab__C
003f3664    fcd9 (003f3640)     _xdc_runtime_Text_nameEmpty__C
003f3666    fcd9 (003f3640)     _xdc_runtime_Text_nameStatic__C
003f3668    fcd9 (003f3640)     _xdc_runtime_Text_nameUnknown__C
003f366a    fcd9 (003f3640)     _xdc_runtime_Text_nodeTab__C
003f366c    fcd9 (003f3640)     _xdc_runtime_Text_visitRopeFxn__C
003f366e    fcd9 (003f3640)     _ti_sysbios_knl_Swi_Object__count__C
003f366f    fcd9 (003f3640)     _ti_sysbios_knl_Task_Module__id__C
003f3670    fcd9 (003f3640)     _ti_sysbios_knl_Task_Object__count__C
003f3671    fcd9 (003f3640)     _ti_sysbios_knl_Task_numConstructedTasks__C
003f3672    fcd9 (003f3640)     _xdc_runtime_Core_Module__id__C
003f3673    fcd9 (003f3640)     _xdc_runtime_Error_Module__loggerDefined__C
003f3674    fcd9 (003f3640)     _xdc_runtime_Error_maxDepth__C
003f3675    fcd9 (003f3640)     _xdc_runtime_Error_policy__C
003f3676    fcd9 (003f3640)     _xdc_runtime_HeapStd_Module__id__C
003f3677    fcd9 (003f3640)     _xdc_runtime_LoggerBuf_Module__id__C
003f3678    fcd9 (003f3640)     _xdc_runtime_LoggerBuf_Object__count__C
003f3679    fcd9 (003f3640)     _xdc_runtime_LoggerBuf_filterByLevel__C
003f367a    fcd9 (003f3640)     _xdc_runtime_Memory_Module__id__C
003f367b    fcd9 (003f3640)     _xdc_runtime_Startup_maxPasses__C
003f367c    fcd9 (003f3640)     _xdc_runtime_SysMin_flushAtExit__C
003f367d    fcd9 (003f3640)     _xdc_runtime_System_maxAtexitHandlers__C
003f367e    fcd9 (003f3640)     _xdc_runtime_Text_charCnt__C
003f367f    fcd9 (003f3640)     _xdc_runtime_Text_isLoaded__C

003f3680    fcda (003f3680)     _xdc_runtime_Text_registryModsLastId__C
003f3681    fcda (003f3680)     _xdc_runtime_Text_unnamedModsLastId__C

003f7ff8    fdff (003f7fc0)     _CsmPwl


GLOBAL SYMBOLS: SORTED ALPHABETICALLY BY Name 

page  address   name                                                      
----  -------   ----                                                      
0     003f0000  .text                                                     
0     003f16ee  C$$EXIT                                                   
0     003f08e9  C$$IO$$                                                   
0     003f0223  LL$$DIV                                                   
0     003f025f  LL$$MOD                                                   
0     003f0299  ULL$$DIV                                                  
0     003f02c8  ULL$$MOD                                                  
1     00007100  _AdcRegs                                                  
1     00000b00  _AdcResult                                                
1     0000060e  _Col1                                                     
1     00000612  _Col2                                                     
1     00000613  _Col3                                                     
1     00000611  _Col4                                                     
1     00006400  _Comp1Regs                                                
1     00006420  _Comp2Regs                                                
1     00000c00  _CpuTimer0Regs                                            
1     00000c08  _CpuTimer1Regs                                            
1     00000c10  _CpuTimer2Regs                                            
1     003f7ff8  _CsmPwl                                                   
1     00000ae0  _CsmRegs                                                  
0     003f1bb2  _DelayUs                                                  
1     00000880  _DevEmuRegs                                               
0     003f05c6  _DeviceInit                                               
1     00006a00  _ECap1Regs                                                
1     00006800  _EPwm1Regs                                                
1     00006840  _EPwm2Regs                                                
1     00006880  _EPwm3Regs                                                
1     000068c0  _EPwm4Regs                                                
0     00000d01  _EmuBMode                                                 
0     00000d00  _EmuKey                                                   
1     00000a80  _FlashRegs                                                
0     00000d04  _Flash_CPUScaleFactor                                     
0     00000d02  _Flash_CallbackPtr                                        
1     00006f80  _GpioCtrlRegs                                             
1     00006fc0  _GpioDataRegs                                             
1     00006fe0  _GpioIntRegs                                              
0     003f12fa  _HOSTwrite                                                
1     00007900  _I2caRegs                                                 
0     003f0521  _KeyGetC                                                  
1     00007060  _NmiIntruptRegs                                           
1     003d7fff  _PartIdRegs                                               
1     00000ce0  _PieCtrlRegs                                              
0     00000d00  _PieVectTable                                             
1     00008000  _RamfuncsLoadEnd                                          
abs   00000000  _RamfuncsLoadSize                                         
1     00008000  _RamfuncsLoadStart                                        
1     00008000  _RamfuncsRunStart                                         
1     00000617  _Row1                                                     
1     0000060f  _Row2                                                     
1     00000610  _Row3                                                     
1     0000060d  _Row4                                                     
1     00007050  _SciaRegs                                                 
1     00007040  _SpiaRegs                                                 
1     00007010  _SysCtrlRegs                                              
1     00000985  _SysPwrCtrlRegs                                           
1     00007070  _XIntruptRegs                                             
1     00008000  __CIOBUF_                                                 
1     0000072e  __STACK_END                                               
abs   00000100  __STACK_SIZE                                              
0     00000082  ___ASM__                                                  
0     00000000  ___ISA__                                                  
0     00000035  ___PLAT__                                                 
0     00000011  ___TARG__                                                 
1     00000626  ___TI_cleanup_ptr                                         
1     00000628  ___TI_dtors_ptr                                           
1     00000624  ___TI_enable_exit_profile_output                          
abs   ffffffff  ___TI_pprof_out_hndl                                      
abs   ffffffff  ___TI_prof_data_size                                      
abs   ffffffff  ___TI_prof_data_start                                     
0     003f08ee  ___TI_readmsg                                             
0     003f0896  ___TI_writemsg                                            
0     0000005b  ___TRDR__                                                 
abs   ffffffff  ___binit__                                                
abs   ffffffff  ___c_args__                                               
0     003f3682  ___cinit__                                                
0     003f1ed2  ___etext__                                                
abs   ffffffff  ___pinit__                                                
0     003f0000  ___text__                                                 
0     003f1e77  ___xdc__init                                              
1     00000004  ___xdc__init__addr                                        
0     003f1a07  __args_main                                               
1     0000062a  __lock                                                    
0     003f1dd9  __nop                                                     
0     003f1dd5  __register_lock                                           
0     003f1dd1  __register_unlock                                         
1     0000062e  __stack                                                   
0     003f1ed1  __system_post_cinit                                       
0     003f1ecb  __system_pre_init                                         
1     0000062c  __unlock                                                  
0     003f16ee  _abort                                                    
0     003f0e94  _c_int00                                                  
1     0000060c  _col1Check                                                
1     00000607  _col2Check                                                
1     00000606  _col3Check                                                
1     0000060b  _col4Check                                                
0     003f1765  _copy_in                                                  
0     003f16f0  _exit                                                     
1     0000060a  _flag                                                     
1     00000601  _flagcheck                                                
0     003f1ecd  _free                                                     
0     003f35e4  _hwi0                                                     
1     00000615  _isrFlag                                                  
1     00000619  _key                                                      
0     003f04f9  _main                                                     
0     003f1ebf  _malloc                                                   
0     003f18e3  _memcpy                                                   
0     003f1cfc  _memset                                                   
0     003f0516  _myIdleFxn                                                
0     003f051d  _myPBFxn                                                  
0     003f04ff  _myTickFxn                                                
1     0000061c  _parmbuf                                                  
1     00000603  _pbcount                                                  
1     00000600  _row1Check                                                
1     00000605  _row2Check                                                
1     00000602  _row3Check                                                
1     00000609  _row4Check                                                
1     00000608  _state                                                    
0     003f1dfa  _strlen                                                   
0     003f35e6  _swiGetKey                                                
1     0000061a  _temp_celsius                                             
1     00000616  _temp_offset                                              
1     00000604  _temp_reading                                             
1     00000618  _temp_slope                                               
0     003f145a  _ti_catalog_c2800_init_Boot_configurePll2802x             
0     003f1ec1  _ti_catalog_c2800_init_Boot_defaultLimpAbortFunction      
0     003f1bf2  _ti_catalog_c2800_init_Boot_disableWatchdog               
0     003f1e02  _ti_catalog_c2800_init_Boot_init                          
0     003f1e7a  _ti_catalog_c2800_init_Boot_limpAbort                     
1     000000c0  _ti_sysbios_BIOS_Module__state__V                         
0     003f1ac4  _ti_sysbios_BIOS_atExitFunc__I                            
0     003f1c1f  _ti_sysbios_BIOS_errorRaiseHook__I                        
0     003f1d60  _ti_sysbios_BIOS_exitFunc__I                              
0     003f1ece  _ti_sysbios_BIOS_linkedWithIncorrectBootLibrary__E        
0     003f1dda  _ti_sysbios_BIOS_setThreadType__E                         
0     003f1b59  _ti_sysbios_BIOS_startFunc__I                             
0     003f1e1e  _ti_sysbios_BIOS_start__E                                 
0     003f35f8  _ti_sysbios_family_c28_Hwi_A_badIntNum__C                 
0     003f35fa  _ti_sysbios_family_c28_Hwi_A_invalidArg__C                
0     003f35fc  _ti_sysbios_family_c28_Hwi_E_unpluggedInterrupt__C        
1     00000300  _ti_sysbios_family_c28_Hwi_Module_State_0_dispatchTable__A
0     003f35fe  _ti_sysbios_family_c28_Hwi_Module__diagsEnabled__C        
0     003f3600  _ti_sysbios_family_c28_Hwi_Module__diagsIncluded__C       
0     003f3602  _ti_sysbios_family_c28_Hwi_Module__diagsMask__C           
0     003f339d  _ti_sysbios_family_c28_Hwi_Module__id__C                  
1     00000040  _ti_sysbios_family_c28_Hwi_Module__root__V                
0     003f1d08  _ti_sysbios_family_c28_Hwi_Module__startupDone__F         
0     003f1d08  _ti_sysbios_family_c28_Hwi_Module__startupDone__S         
1     00000090  _ti_sysbios_family_c28_Hwi_Module__state__V               
0     003f1053  _ti_sysbios_family_c28_Hwi_Module_startup__E              
0     003f3489  _ti_sysbios_family_c28_Hwi_NUM_INTERRUPTS_ALL__C          
0     003f34cd  _ti_sysbios_family_c28_Hwi_Object__count__C               
0     003f1d13  _ti_sysbios_family_c28_Hwi_Object__get__S                 
1     00000180  _ti_sysbios_family_c28_Hwi_Object__table__V               
0     003f0418  _ti_sysbios_family_c28_Hwi_clearInterrupt__E              
0     003f1ccc  _ti_sysbios_family_c28_Hwi_disableIER__E                  
0     003f0b4b  _ti_sysbios_family_c28_Hwi_disableInterrupt__E            
0     003f0bcc  _ti_sysbios_family_c28_Hwi_disablePIEIER__E               
0     003f1c57  _ti_sysbios_family_c28_Hwi_dispatchC__I                   
0     003f0fbe  _ti_sysbios_family_c28_Hwi_dispatchCore__I                
0     003f0aa1  _ti_sysbios_family_c28_Hwi_dispatchPie                    
0     003f0a44  _ti_sysbios_family_c28_Hwi_dispatchTable                  
0     003f1d1e  _ti_sysbios_family_c28_Hwi_enableIER__E                   
0     003f092a  _ti_sysbios_family_c28_Hwi_enableInterrupt__E             
0     003f0c4c  _ti_sysbios_family_c28_Hwi_enablePIEIER__E                
0     003f1e7d  _ti_sysbios_family_c28_Hwi_getIFR__I                      
0     003f1512  _ti_sysbios_family_c28_Hwi_getInterruptFlag__E            
0     003f1673  _ti_sysbios_family_c28_Hwi_getStackInfo__E                
0     003f1ecf  _ti_sysbios_family_c28_Hwi_interruptReturn__I             
0     003f1d92  _ti_sysbios_family_c28_Hwi_restoreIER__E                  
0     003f1e63  _ti_sysbios_family_c28_Hwi_startup__E                     
0     003f1900  _ti_sysbios_family_c28_Hwi_switchAndDispatch__I           
0     003f1e54  _ti_sysbios_family_c28_Hwi_switchFromBootStack__E         
0     003f169c  _ti_sysbios_family_c28_Hwi_unPluggedInterrupt__I          
0     003f3232  _ti_sysbios_family_c28_Hwi_vectors                        
0     003f1e24  _ti_sysbios_family_c28_IntrinsicsSupport_maxbit__E        
0     003f3604  _ti_sysbios_family_c28_TaskSupport_E_invalidStack__C      
0     003f352f  _ti_sysbios_family_c28_TaskSupport_Module__id__C          
0     003f1ec3  _ti_sysbios_family_c28_TaskSupport_Module__startupDone__S 
0     003f188c  _ti_sysbios_family_c28_TaskSupport_buildTaskStack         
[...]
0     003f1e7a  _ti_catalog_c2800_init_Boot_limpAbort                     
0     003f1e7d  _ti_sysbios_family_c28_Hwi_getIFR__I                      
0     003f1e80  _ti_sysbios_family_c28_TimestampProvider_Module_startup__E
0     003f1e83  _ti_sysbios_gates_GateHwi_leave__E                        
0     003f1e86  _ti_sysbios_hal_Hwi_HwiProxy_getStackInfo__E              
0     003f1e89  _ti_sysbios_hal_Hwi_HwiProxy_switchFromBootStack__E       
0     003f1e8c  _ti_sysbios_hal_Hwi_startup__E                            
0     003f1e8f  _ti_sysbios_knl_Idle_loop__E                              
0     003f1e92  _ti_sysbios_knl_Task_SupportProxy_checkStack__E           
0     003f1e95  _ti_sysbios_knl_Task_SupportProxy_swap__E                 
0     003f1e98  _ti_sysbios_knl_Task_startup__E                           
0     003f1e9b  _xdc_runtime_LoggerBuf_Module_GateProxy_enter__E          
0     003f1e9e  _xdc_runtime_LoggerBuf_Module_GateProxy_leave__E          
0     003f1ea1  _xdc_runtime_LoggerBuf_TimestampProxy_get64__E            
0     003f1ea4  _xdc_runtime_System_Module_GateProxy_enter__E             
0     003f1ea7  _xdc_runtime_System_Module_GateProxy_leave__E             
0     003f1eaa  _xdc_runtime_System_Module_startup__E                     
0     003f1ead  _xdc_runtime_System_SupportProxy_abort__E                 
0     003f1eb0  _xdc_runtime_System_SupportProxy_exit__E                  
0     003f1eb3  _xdc_runtime_System_SupportProxy_putch__E                 
0     003f1eb6  _xdc_runtime_System_SupportProxy_ready__E                 
0     003f1eb9  _xdc_runtime_System_abortStd__E                           
0     003f1ebc  _xdc_runtime_System_exitStd__E                            
0     003f1ebf  _malloc                                                   
0     003f1ec1  _ti_catalog_c2800_init_Boot_defaultLimpAbortFunction      
0     003f1ec3  _ti_sysbios_family_c28_TaskSupport_Module__startupDone__S 
0     003f1ec3  _ti_sysbios_knl_Task_SupportProxy_Module__startupDone__S  
0     003f1ec5  _ti_sysbios_gates_GateHwi_query__E                        
0     003f1ec7  _xdc_runtime_Error_getSite__E                             
0     003f1ec9  _xdc_runtime_HeapStd_isBlocking__E                        
0     003f1ecb  __system_pre_init                                         
0     003f1ecd  _free                                                     
0     003f1ece  _ti_sysbios_BIOS_linkedWithIncorrectBootLibrary__E        
0     003f1ecf  _ti_sysbios_family_c28_Hwi_interruptReturn__I             
0     003f1ed0  _ti_sysbios_gates_GateHwi_Instance_init__E                
0     003f1ed1  __system_post_cinit                                       
0     003f1ed2  ___etext__                                                
0     003f1ed2  _xdc_runtime_Text_charTab__A                              
0     003f1ed2  etext                                                     
0     003f3232  _ti_sysbios_family_c28_Hwi_vectors                        
0     003f339d  _ti_sysbios_family_c28_Hwi_Module__id__C                  
0     003f33f6  _xdc_runtime_Text_nodeTab__A                              
0     003f3489  _ti_sysbios_family_c28_Hwi_NUM_INTERRUPTS_ALL__C          
0     003f34cd  _ti_sysbios_family_c28_Hwi_Object__count__C               
0     003f34f8  _xdc_runtime_LoggerBuf_Module__FXNS__C                    
0     003f352f  _ti_sysbios_family_c28_TaskSupport_Module__id__C          
0     003f3530  _xdc_runtime_HeapStd_Module__FXNS__C                      
0     003f3544  _ti_sysbios_gates_GateHwi_Module__FXNS__C                 
0     003f3556  _xdc_runtime_LoggerBuf_Object__PARAMS__C                  
0     003f3568  _xdc_runtime_Startup_sfxnTab__A                           
0     003f358a  _ti_sysbios_gates_GateHwi_Object__DESC__C                 
0     003f359a  _xdc_runtime_HeapStd_Object__DESC__C                      
0     003f35aa  _xdc_runtime_LoggerBuf_Object__DESC__C                    
0     003f35ba  _xdc_runtime_HeapStd_Object__PARAMS__C                    
0     003f35c8  _ti_sysbios_gates_GateHwi_Object__PARAMS__C               
0     003f35d4  _xdc_runtime_Startup_sfxnRts__A                           
0     003f35dd  _ti_sysbios_family_c28_Timer_startupNeeded__C             
0     003f35e3  _ti_sysbios_hal_Hwi_Module__id__C                         
0     003f35e4  _hwi0                                                     
0     003f35e6  _swiGetKey                                                
0     003f35e8  _ti_sysbios_knl_Idle_funcList__A                          
0     003f35ec  _ti_sysbios_knl_Idle_funcList__C                          
0     003f35f0  _xdc_runtime_Startup_firstFxns__C                         
0     003f35f4  _xdc_runtime_Startup_lastFxns__C                          
0     003f35f8  _ti_sysbios_family_c28_Hwi_A_badIntNum__C                 
0     003f35fa  _ti_sysbios_family_c28_Hwi_A_invalidArg__C                
0     003f35fc  _ti_sysbios_family_c28_Hwi_E_unpluggedInterrupt__C        
0     003f35fe  _ti_sysbios_family_c28_Hwi_Module__diagsEnabled__C        
0     003f3600  _ti_sysbios_family_c28_Hwi_Module__diagsIncluded__C       
0     003f3602  _ti_sysbios_family_c28_Hwi_Module__diagsMask__C           
0     003f3604  _ti_sysbios_family_c28_TaskSupport_E_invalidStack__C      
0     003f3606  _ti_sysbios_hal_Hwi_E_stackOverflow__C                    
0     003f3608  _ti_sysbios_knl_Task_E_spOutOfBounds__C                   
0     003f360a  _ti_sysbios_knl_Task_E_stackOverflow__C                   
0     003f360c  _ti_sysbios_knl_Task_Module_State_inactiveQ__O            
0     003f360e  _ti_sysbios_knl_Task_allBlockedFunc__C                    
0     003f3610  _xdc_runtime_Assert_E_assertFailed__C                     
0     003f3612  _xdc_runtime_Core_A_initializedParams__C                  
0     003f3614  _xdc_runtime_Core_Module__diagsEnabled__C                 
0     003f3616  _xdc_runtime_Core_Module__diagsIncluded__C                
0     003f3618  _xdc_runtime_Core_Module__diagsMask__C                    
0     003f361a  _xdc_runtime_Error_E_memory__C                            
0     003f361c  _xdc_runtime_Error_Module__diagsEnabled__C                
0     003f361e  _xdc_runtime_Error_Module__diagsIncluded__C               
0     003f3620  _xdc_runtime_Error_Module__diagsMask__C                   
0     003f3622  _xdc_runtime_Error_Module__loggerFxn8__C                  
0     003f3624  _xdc_runtime_Error_Module__loggerObj__C                   
0     003f3626  _xdc_runtime_Error_policyFxn__C                           
0     003f3628  _xdc_runtime_Error_raiseHook__C                           
0     003f362a  _xdc_runtime_HeapStd_A_align__C                           
0     003f362c  _xdc_runtime_HeapStd_A_invalidTotalFreeSize__C            
0     003f362e  _xdc_runtime_HeapStd_A_zeroSize__C                        
0     003f3630  _xdc_runtime_HeapStd_E_noRTSMemory__C                     
0     003f3632  _xdc_runtime_HeapStd_Module__diagsEnabled__C              
0     003f3634  _xdc_runtime_HeapStd_Module__diagsIncluded__C             
0     003f3636  _xdc_runtime_HeapStd_Module__diagsMask__C                 
0     003f3638  _xdc_runtime_IFilterLogger_Interface__BASE__C             
0     003f363a  _xdc_runtime_IGateProvider_Interface__BASE__C             
0     003f363c  _xdc_runtime_IHeap_Interface__BASE__C                     
0     003f363e  _xdc_runtime_ILogger_Interface__BASE__C                   
0     003f3640  _xdc_runtime_IModule_Interface__BASE__C                   
0     003f3642  _xdc_runtime_Log_L_error__C                               
0     003f3644  _xdc_runtime_LoggerBuf_E_badLevel__C                      
0     003f3646  _xdc_runtime_LoggerBuf_Module__gateObj__C                 
0     003f3648  _xdc_runtime_LoggerBuf_statusLogger__C                    
0     003f364a  _xdc_runtime_Memory_defaultHeapInstance__C                
0     003f364c  _xdc_runtime_Startup_execImpl__C                          
0     003f364e  _xdc_runtime_Startup_firstFxns__A                         
0     003f3650  _xdc_runtime_Startup_lastFxns__A                          
0     003f3652  _xdc_runtime_Startup_sfxnRts__C                           
0     003f3654  _xdc_runtime_Startup_sfxnTab__C                           
0     003f3656  _xdc_runtime_SysMin_bufSize__C                            
0     003f3658  _xdc_runtime_SysMin_outputFunc__C                         
0     003f365a  _xdc_runtime_System_Module__gateObj__C                    
0     003f365c  _xdc_runtime_System_abortFxn__C                           
0     003f365e  _xdc_runtime_System_exitFxn__C                            
0     003f3660  _xdc_runtime_System_extendFxn__C                          
0     003f3662  _xdc_runtime_Text_charTab__C                              
0     003f3664  _xdc_runtime_Text_nameEmpty__C                            
0     003f3666  _xdc_runtime_Text_nameStatic__C                           
0     003f3668  _xdc_runtime_Text_nameUnknown__C                          
0     003f366a  _xdc_runtime_Text_nodeTab__C                              
0     003f366c  _xdc_runtime_Text_visitRopeFxn__C                         
0     003f366e  _ti_sysbios_knl_Swi_Object__count__C                      
0     003f366f  _ti_sysbios_knl_Task_Module__id__C                        
0     003f3670  _ti_sysbios_knl_Task_Object__count__C                     
0     003f3671  _ti_sysbios_knl_Task_numConstructedTasks__C               
0     003f3672  _xdc_runtime_Core_Module__id__C                           
0     003f3673  _xdc_runtime_Error_Module__loggerDefined__C               
0     003f3674  _xdc_runtime_Error_maxDepth__C                            
0     003f3675  _xdc_runtime_Error_policy__C                              
0     003f3676  _xdc_runtime_HeapStd_Module__id__C                        
0     003f3677  _xdc_runtime_LoggerBuf_Module__id__C                      
0     003f3678  _xdc_runtime_LoggerBuf_Object__count__C                   
0     003f3679  _xdc_runtime_LoggerBuf_filterByLevel__C                   
0     003f367a  _xdc_runtime_Memory_Module__id__C                         
0     003f367b  _xdc_runtime_Startup_maxPasses__C                         
0     003f367c  _xdc_runtime_SysMin_flushAtExit__C                        
0     003f367d  _xdc_runtime_System_maxAtexitHandlers__C                  
0     003f367e  _xdc_runtime_Text_charCnt__C                              
0     003f367f  _xdc_runtime_Text_isLoaded__C                             
0     003f3680  _xdc_runtime_Text_registryModsLastId__C                   
0     003f3681  _xdc_runtime_Text_unnamedModsLastId__C                    
0     003f3682  ___cinit__                                                
0     003f3682  cinit                                                     
1     00000000  _xdc_runtime_Error_Module__state__V                       
1     00000002  _xdc_runtime_HeapStd_Module__state__V                     
1     00000004  ___xdc__init__addr                                        
1     00000006  _xdc_runtime_Memory_Module__state__V                      
1     00000008  _ti_sysbios_knl_Task_Module_State_0_idleTask__A           
1     0000000a  _ti_sysbios_gates_GateHwi_Object__table__V                
1     0000000c  _xdc_runtime_LoggerBuf_Module__state__V                   
1     00000010  _xdc_runtime_System_Module__state__V                      
1     00000014  _ti_sysbios_family_c28_TimestampProvider_Module__state__V 
1     00000018  _xdc_runtime_Registry_Module__state__V                    
1     0000001c  _ti_sysbios_gates_GateHwi_Module__root__V                 
1     00000020  _xdc_runtime_Startup_Module__state__V                     
1     00000024  _ti_sysbios_hal_Hwi_Module__root__V                       
1     00000028  _xdc_runtime_SysMin_Module__state__V                      
1     0000002c  _ti_sysbios_family_c28_Timer_Module__root__V              
1     00000030  _xdc_runtime_Text_Module__state__V                        
1     00000034  _ti_sysbios_knl_Task_Module__root__V                      
1     00000038  _xdc_runtime_HeapStd_Module__root__V                      
1     0000003c  _ti_sysbios_knl_Swi_Module__root__V                       
1     00000040  _ti_sysbios_family_c28_Hwi_Module__root__V                
1     00000044  _ti_sysbios_knl_Queue_Module__root__V                     
1     00000048  _xdc_runtime_LoggerBuf_Module__root__V                    
1     0000004c  _xdc_runtime_GateNull_Module__root__V                     
1     00000050  _xdc_runtime_HeapStd_Object__table__V                     
1     00000056  _xdc_runtime_System_Module_State_0_atexitHandlers__A      
1     0000005e  _ti_sysbios_family_c28_Timer_Module__state__V             
1     00000066  _ti_sysbios_knl_Swi_Module__state__V                      
1     00000080  _xdc_runtime_Error_IgnoreBlock                            
1     00000090  _ti_sysbios_family_c28_Hwi_Module__state__V               
1     000000a0  _xdc_runtime_LoggerBuf_Object__table__V                   
1     000000c0  _ti_sysbios_BIOS_Module__state__V                         
1     000000d2  _ti_sysbios_knl_Swi_Object__table__V                      
1     00000100  _ti_sysbios_knl_Task_Module__state__V                     
1     00000140  _ti_sysbios_knl_Task_Object__table__V                     
1     00000180  _ti_sysbios_family_c28_Hwi_Object__table__V               
1     000001c0  _ti_sysbios_family_c28_Timer_Object__table__V             
1     00000200  _ti_sysbios_knl_Task_Module_State_0_readyQ__A             
1     00000240  _ti_sysbios_knl_Swi_Module_State_0_readyQ__A              
1     00000280  _xdc_runtime_SysMin_Module_State_0_outbuf__A              
1     00000300  _ti_sysbios_family_c28_Hwi_Module_State_0_dispatchTable__A
1     00000400  _xdc_runtime_LoggerBuf_Instance_State_0_entryArr__A       
1     00000500  _ti_sysbios_knl_Task_Instance_State_0_stack__A            
1     00000600  _row1Check                                                
1     00000601  _flagcheck                                                
1     00000602  _row3Check                                                
1     00000603  _pbcount                                                  
1     00000604  _temp_reading                                             
1     00000605  _row2Check                                                
1     00000606  _col3Check                                                
1     00000607  _col2Check                                                
1     00000608  _state                                                    
1     00000609  _row4Check                                                
1     0000060a  _flag                                                     
1     0000060b  _col4Check                                                
1     0000060c  _col1Check                                                
1     0000060d  _Row4                                                     
1     0000060e  _Col1                                                     
1     0000060f  _Row2                                                     
1     00000610  _Row3                                                     
1     00000611  _Col4                                                     
1     00000612  _Col2                                                     
1     00000613  _Col3                                                     
1     00000614  _tickCount                                                
1     00000615  _isrFlag                                                  
1     00000616  _temp_offset                                              
1     00000617  _Row1                                                     
1     00000618  _temp_slope                                               
1     00000619  _key                                                      
1     0000061a  _temp_celsius                                             
1     0000061c  _parmbuf                                                  
1     00000624  ___TI_enable_exit_profile_output                          
1     00000626  ___TI_cleanup_ptr                                         
1     00000628  ___TI_dtors_ptr                                           
1     0000062a  __lock                                                    
1     0000062c  __unlock                                                  
1     0000062e  __stack                                                   
1     0000072e  __STACK_END                                               
1     00000880  _DevEmuRegs                                               
1     00000985  _SysPwrCtrlRegs                                           
1     00000a80  _FlashRegs                                                
1     00000ae0  _CsmRegs                                                  
1     00000b00  _AdcResult                                                
1     00000c00  _CpuTimer0Regs                                            
1     00000c08  _CpuTimer1Regs                                            
1     00000c10  _CpuTimer2Regs                                            
1     00000ce0  _PieCtrlRegs                                              
1     00006400  _Comp1Regs                                                
1     00006420  _Comp2Regs                                                
1     00006800  _EPwm1Regs                                                
1     00006840  _EPwm2Regs                                                
1     00006880  _EPwm3Regs                                                
1     000068c0  _EPwm4Regs                                                
1     00006a00  _ECap1Regs                                                
1     00006f80  _GpioCtrlRegs                                             
1     00006fc0  _GpioDataRegs                                             
1     00006fe0  _GpioIntRegs                                              
1     00007010  _SysCtrlRegs                                              
1     00007040  _SpiaRegs                                                 
1     00007050  _SciaRegs                                                 
1     00007060  _NmiIntruptRegs                                           
1     00007070  _XIntruptRegs                                             
1     00007100  _AdcRegs                                                  
1     00007900  _I2caRegs                                                 
1     00008000  _RamfuncsLoadEnd                                          
1     00008000  _RamfuncsLoadStart                                        
1     00008000  _RamfuncsRunStart                                         
1     00008000  __CIOBUF_                                                 
1     003d7fff  _PartIdRegs                                               
1     003f7ff8  _CsmPwl                                                   
abs   00000000  _RamfuncsLoadSize                                         
abs   00000001  _xdc_runtime_Startup__EXECFXN__C                          
abs   00000001  _xdc_runtime_Startup__RESETFXN__C                         
abs   00000100  __STACK_SIZE                                              
abs   ffffffff  ___TI_pprof_out_hndl                                      
abs   ffffffff  ___TI_prof_data_size                                      
abs   ffffffff  ___TI_prof_data_start                                     
abs   ffffffff  ___binit__                                                
abs   ffffffff  ___c_args__                                               
abs   ffffffff  ___pinit__                                                
abs   ffffffff  binit                                                     
abs   ffffffff  pinit                                                     

[481 symbols]
